2022-10-06 11:06:30.668 1339-1497/? E/WindowManager: icon is null!!
2022-10-06 11:06:30.670 1339-1497/? E/WindowManager: icon is null!!
2022-10-06 11:06:30.671 921-1122/? E/ScreemCommon: unknow fps mode
2022-10-06 11:06:30.671 921-1122/? E/ScreemCommon: failed to recording jank bigdata of different frame rates
2022-10-06 11:06:30.672 1339-1497/? E/WindowManager: icon is null!!
2022-10-06 11:06:30.714 12233-19241/? E/HMSSDK_[HUAWEIIDSDK]HuaweiIdAuthService: HwID_SDK_Log[6.4.0.301]JSONException
2022-10-06 11:06:30.756 30517-30517/? E/FullInputEventModel: onStartInput event aborted: xk1: could not obtain extracted text (class xk1)
2022-10-06 11:06:30.770 24792-25984/? E/: [ZeroHung]zrhung_get_config: Get config failed for wp[0x0008]
2022-10-06 11:06:30.815 24792-19258/? E/InnerSdkTask: [E/HwID_APK_log[6.7.0.321|6.7.0.303] [SDK 6.7.0.300]com.huawei.hwid.core/InnerSdkTask 24792:10624 InnerSdkTask.java:749] signIn|start doTask
2022-10-06 11:06:30.857 30517-32608/? E/: [ZeroHung]zrhung_get_config: Get config failed for wp[0x0008]
2022-10-06 11:06:30.872 24792-25984/? E/: [ZeroHung]zrhung_get_config: Get config failed for wp[0x0008]
2022-10-06 11:06:30.900 24792-26468/? E/InnerSdkTask: [E/HwID_APK_log[6.7.0.321|6.7.0.303] [SDK 6.7.0.300]com.huawei.hwid.core/InnerSdkTask 24792:9419 InnerSdkTask.java:822] signIn|getIntentResult retCode is 0
2022-10-06 11:06:30.930 24792-13705/? E/AuthService: [E/HMSCore/AuthService 24792:10401 SourceFile:9] Failed to check the permission, appID: 100170981, errorCode: 6004, permission: com.huawei.android.hms.common.jos.off, checkExpiredTimeFlag: 0
2022-10-06 11:06:30.932 24792-13705/? E/AuthService: [E/HMSCore/AuthService 24792:10401 SourceFile:9] Failed to check the permission, appID: 100170981, errorCode: 6004, permission: com.huawei.android.hms.game.base, checkExpiredTimeFlag: 0
2022-10-06 11:06:30.955 1339-2042/? E/HwNetworkManagementService: onWebStatInfoReport
2022-10-06 11:06:30.977 24792-19272/? E/InnerSdkTask: [E/HwID_APK_log[6.7.0.321|6.7.0.303] [SDK 6.7.0.300]com.huawei.hwid.core/InnerSdkTask 24792:10634 InnerSdkTask.java:749] signIn|start doTask
2022-10-06 11:06:31.023 2005-2649/? E/DollieAdapterService: notifyActivityState pkg:com.reddit.frontpage/com.google.firebase.auth.internal.GenericIdpActivity state:16 fg:false mUid:10317
2022-10-06 11:06:31.027 2005-2649/? E/SmartDualCardConfig: isAppInBlackList false,items==null
2022-10-06 11:06:31.047 1339-1937/? E/WifiService: enforceCanAccessScanResults: hiding ssid and bssidUID 10067 has no location permission
2022-10-06 11:06:31.115 1339-1937/? E/WindowManager: win=Window{757aaee u0 com.reddit.frontpage/com.reddit.frontpage.main.MainActivity} destroySurfaces: appStopped=true win.mWindowRemovalAllowed=false win.mRemoveOnExit=false
2022-10-06 11:06:31.119 1339-1937/? E/WindowManager: win=Window{cef3b9f u0 com.reddit.frontpage/com.google.firebase.auth.internal.GenericIdpActivity} destroySurfaces: appStopped=true win.mWindowRemovalAllowed=false win.mRemoveOnExit=false
2022-10-06 11:06:31.229 719-719/? E/WifiHAL: enter wifi_get_link_stats
2022-10-06 11:06:31.426 24792-25984/? E/: [ZeroHung]zrhung_get_config: Get config failed for wp[0x0008]
2022-10-06 11:06:31.634 12233-19185/? E/HWBR-O-0825|BasicConfigServer: first is not 0 : 304
2022-10-06 11:06:31.950 8389-19288/? E/memtrack: Couldn't load memtrack module
2022-10-06 11:06:31.962 8478-19289/? E/memtrack: Couldn't load memtrack module
2022-10-06 11:06:31.965 1339-1937/? E/WifiService: enforceCanAccessScanResults: hiding ssid and bssidUID 10067 has no location permission
2022-10-06 11:06:32.093 24792-25984/? E/: [ZeroHung]zrhung_get_config: Get config failed for wp[0x0008]
2022-10-06 11:06:32.108 24792-26466/? E/InnerSdkTask: [E/HwID_APK_log[6.7.0.321|6.7.0.303] [SDK 6.7.0.300]com.huawei.hwid.core/InnerSdkTask 24792:9417 InnerSdkTask.java:822] signIn|getIntentResult retCode is 0
2022-10-06 11:06:32.135 890-890/? E/Thermal-daemon:hw_thermal: [shell_frame] temp_new :25  temp_old :26
2022-10-06 11:06:32.136 890-890/? E/Thermal-daemon:hw_thermal: Report temperature: [shell_frame] temp :25  report_threshold:1
2022-10-06 11:06:32.137 890-890/? E/Thermal-daemon:hw_thermal: [ap] temp_new :32  temp_old :31
2022-10-06 11:06:32.138 890-890/? E/Thermal-daemon:hw_thermal: Report temperature: [ap] temp :32  report_threshold:1
2022-10-06 11:06:32.524 17612-19192/? E/: [ZeroHung]zrhung_get_config: Get config failed for wp[0x0008]
2022-10-06 11:06:32.563 12233-12233/? E/HWBR-O-0825|MainViewModel-TabApi: updateSnapshotTitle, error, mTabSwitcherDelegate is null
2022-10-06 11:06:33.425 24792-13684/? E/fwkit_msg_arw: [E/fwkit/fwkit_msg_arw 24792:10391 AIDLResponseWrapper.java:61] intent is null
2022-10-06 11:06:33.469 24792-25984/? E/: [ZeroHung]zrhung_get_config: Get config failed for wp[0x0008]
2022-10-06 11:06:33.490 24792-19318/? E/AuthService: [E/HMSCore/AuthService 24792:10653 SourceFile:9] Failed to check the permission, appID: 100170981, errorCode: 6004, permission: com.huawei.android.hms.common.jos.off, checkExpiredTimeFlag: 0
2022-10-06 11:06:33.594 1339-2124/? E/: [ZeroHung]zrhung_get_config: Get config failed for wp[0x0110]
2022-10-06 11:06:33.602 3028-25901/? E/AppLifeChangeSensor: CAWARENESS: activityPaused mAppLifeChangeCallback is null 
2022-10-06 11:06:33.613 2223-4427/? E/AwareLog: SPKVolumeSchedFeature: Uid has been sent, ignore.
2022-10-06 11:06:33.674 3106-14108/? E/: [ZeroHung]zrhung_get_config: Get config failed for wp[0x0008]
2022-10-06 11:06:33.702 2005-2649/? E/DollieAdapterService: notifyActivityState pkg:com.reddit.frontpage/com.google.firebase.auth.internal.GenericIdpActivity state:2 fg:true mUid:10317
2022-10-06 11:06:33.702 3028-25901/? E/AppLifeChangeSensor: CAWARENESS: activityResumed mAppLifeChangeCallback is null 
2022-10-06 11:06:33.712 2005-2649/? E/BoosterUtil: convertSubIdToSlotId failed, subId:0, slotId:-1
2022-10-06 11:06:33.712 2005-2649/? E/BoosterUtil: getDefaultDataSlotId failed, invalid slotId:-1, subId:0
2022-10-06 11:06:33.714 2005-2649/? E/SmartDualCardConfig: isAppInBlackList false,items==null
2022-10-06 11:06:33.733 3028-25901/? E/AppLifeChangeSensor: CAWARENESS: activityPaused mAppLifeChangeCallback is null 
2022-10-06 11:06:33.742 1339-2435/? E/: [ZeroHung]zrhung_get_config: Get config failed for wp[0x0111]
2022-10-06 11:06:33.810 1339-1497/? E/WindowManager: icon is null!!
2022-10-06 11:06:33.813 1339-1497/? E/WindowManager: icon is null!!
2022-10-06 11:06:33.832 3028-25901/? E/AppLifeChangeSensor: CAWARENESS: activityResumed mAppLifeChangeCallback is null 
2022-10-06 11:06:33.832 2005-2649/? E/DollieAdapterService: notifyActivityState pkg:com.reddit.frontpage/com.reddit.frontpage.main.MainActivity state:2 fg:true mUid:10317
2022-10-06 11:06:33.866 2005-27038/? E/HsmCoreServiceImpl: onTransact in code is: 103
2022-10-06 11:06:33.867 2005-27038/? E/HsmCoreServiceImpl: onTransact in code is: 102
2022-10-06 11:06:33.879 2005-27038/? E/HsmCoreServiceImpl: onTransact in code is: 102
2022-10-06 11:06:33.880 30517-30517/? E/FullInputEventModel: onStartInput event aborted: xk1: could not obtain extracted text (class xk1)
2022-10-06 11:06:33.921 721-1154/? E/asd_out_fwk: data is NULL and there is no volume data
2022-10-06 11:06:33.922 2005-27038/? E/HsmCoreServiceImpl: onTransact in code is: 102
2022-10-06 11:06:33.935 885-25133/? E/MediaAnalyticsService: package_native::getInstallerForPackage failed: 
2022-10-06 11:06:33.941 721-10030/? E/AudioPolicyIntefaceImpl: selectDevice() IDeviceSelectCallback == nullptr
2022-10-06 11:06:33.949 896-19037/? E/VDEC: [CheckFrameStore] : [1362] PRN_ERRORplfs(fs=0xefb45328, eFoState=1) is null, logic_fs_id = -1
2022-10-06 11:06:33.964 869-1872/? E/dubaid: [AudioHandler.cpp] StopSession# Session stream mismatched, old: -1, new: 3
2022-10-06 11:06:34.001 30517-32608/? E/: [ZeroHung]zrhung_get_config: Get config failed for wp[0x0008]
2022-10-06 11:06:34.176 2005-2649/? E/DollieAdapterService: notifyActivityState pkg:com.huawei.browser/com.huawei.browser.customtab.BrowserCustomTabActivity state:20 fg:false mUid:10110
2022-10-06 11:06:34.180 2005-2649/? E/SmartDualCardConfig: isAppInBlackList false,items==null
2022-10-06 11:06:34.212 12233-12233/? E/CoreServiceSDK: InnerApiClientImpl:call Failed:mTransportService is null
2022-10-06 11:06:34.212 12233-12233/? E/FWK-AgdPluginEmptyProxyActivity: clear
2022-10-06 11:06:34.237 719-719/? E/WifiHAL: enter wifi_get_link_stats
2022-10-06 11:06:34.268 2005-9700/? E/HsmCoreServiceImpl: onTransact in code is: 102
2022-10-06 11:06:34.304 2005-9700/? E/HsmCoreServiceImpl: onTransact in code is: 102
2022-10-06 11:06:34.306 2223-4561/? E/AwareLog: Stub: processProcessDied has not been overridden!
2022-10-06 11:06:34.390 30010-4064/? E/: [ZeroHung]zrhung_get_config: Get config failed for wp[0x0008]
2022-10-06 11:06:34.577 24792-13684/? E/fwkit_msg_arw: [E/fwkit/fwkit_msg_arw 24792:10391 AIDLResponseWrapper.java:61] intent is null
2022-10-06 11:06:34.639 12233-13130/? E/: [ZeroHung]zrhung_get_config: Get config failed for wp[0x0008]
2022-10-06 11:06:35.031 16075-18282/? E/: [ZeroHung]zrhung_get_config: Get config failed for wp[0x0008]
2022-10-06 11:06:35.961 2005-9700/? E/HsmCoreServiceImpl: onTransact in code is: 102
2022-10-06 11:06:35.969 1339-1937/? E/: [ZeroHung]zrhung_get_config: Get config failed for wp[0x0110]
2022-10-06 11:06:35.974 3028-25901/? E/AppLifeChangeSensor: CAWARENESS: activityPaused mAppLifeChangeCallback is null 
2022-10-06 11:06:35.993 3028-25901/? E/AppLifeChangeSensor: CAWARENESS: activityResumed mAppLifeChangeCallback is null 
2022-10-06 11:06:35.993 2005-2649/? E/DollieAdapterService: notifyActivityState pkg:com.reddit.frontpage/com.google.android.gms.auth.api.signin.internal.SignInHubActivity state:2 fg:true mUid:10317
2022-10-06 11:06:35.996 2223-2329/? E/: [ZeroHung]zrhung_get_config: Get config failed for wp[0x0008]
2022-10-06 11:06:35.998 1339-2435/? E/: [ZeroHung]zrhung_get_config: Get config failed for wp[0x0111]
2022-10-06 11:06:36.004 3028-25901/? E/AppLifeChangeSensor: CAWARENESS: activityPaused mAppLifeChangeCallback is null 
2022-10-06 11:06:36.015 2005-9700/? E/HsmCoreServiceImpl: onTransact in code is: 102
2022-10-06 11:06:36.019 3028-25901/? E/AppLifeChangeSensor: CAWARENESS: activityResumed mAppLifeChangeCallback is null 
2022-10-06 11:06:36.019 2005-2649/? E/DollieAdapterService: notifyActivityState pkg:com.reddit.frontpage/com.reddit.frontpage.main.MainActivity state:2 fg:true mUid:10317
2022-10-06 11:06:36.031 2005-9700/? E/HsmCoreServiceImpl: onTransact in code is: 102
2022-10-06 11:06:36.036 2005-9700/? E/HsmCoreServiceImpl: onTransact in code is: 102
2022-10-06 11:06:36.039 885-25133/? E/MediaAnalyticsService: package_native::getInstallerForPackage failed: 
2022-10-06 11:06:36.064 721-858/? E/AudioPolicyIntefaceImpl: selectDevice() IDeviceSelectCallback == nullptr
2022-10-06 11:06:36.090 869-1872/? E/dubaid: [AudioHandler.cpp] StopSession# Session stream mismatched, old: -1, new: 3
2022-10-06 11:06:36.104 2005-9700/? E/HsmCoreServiceImpl: onTransact in code is: 103
2022-10-06 11:06:36.501 2005-9700/? E/HsmCoreServiceImpl: onTransact in code is: 102
2022-10-06 11:06:36.856 2005-9700/? E/HsmCoreServiceImpl: onTransact in code is: 102
2022-10-06 11:06:36.863 1339-1937/? E/: [ZeroHung]zrhung_get_config: Get config failed for wp[0x0110]
2022-10-06 11:06:36.868 3028-25901/? E/AppLifeChangeSensor: CAWARENESS: activityPaused mAppLifeChangeCallback is null 
2022-10-06 11:06:36.886 3028-25901/? E/AppLifeChangeSensor: CAWARENESS: activityResumed mAppLifeChangeCallback is null 
2022-10-06 11:06:36.887 2005-2649/? E/DollieAdapterService: notifyActivityState pkg:com.reddit.frontpage/com.google.android.gms.auth.api.signin.internal.SignInHubActivity state:2 fg:true mUid:10317
2022-10-06 11:06:36.890 1339-2042/? E/: [ZeroHung]zrhung_get_config: Get config failed for wp[0x0111]
2022-10-06 11:06:36.890 1339-1362/? E/: [ZeroHung]zrhung_get_config: Get config failed for wp[0x0008]
2022-10-06 11:06:36.900 3028-25901/? E/AppLifeChangeSensor: CAWARENESS: activityPaused mAppLifeChangeCallback is null 
2022-10-06 11:06:36.913 3028-25901/? E/AppLifeChangeSensor: CAWARENESS: activityResumed mAppLifeChangeCallback is null 
2022-10-06 11:06:36.913 2005-2649/? E/DollieAdapterService: notifyActivityState pkg:com.reddit.frontpage/com.reddit.frontpage.main.MainActivity state:2 fg:true mUid:10317
2022-10-06 11:06:36.916 2005-9700/? E/HsmCoreServiceImpl: onTransact in code is: 102
2022-10-06 11:06:36.930 2005-9700/? E/HsmCoreServiceImpl: onTransact in code is: 102
2022-10-06 11:06:36.938 2005-9700/? E/HsmCoreServiceImpl: onTransact in code is: 102
2022-10-06 11:06:36.940 885-25133/? E/MediaAnalyticsService: package_native::getInstallerForPackage failed: Unknown package: com.reddit.reddit
2022-10-06 11:06:36.963 721-1918/? E/AudioPolicyIntefaceImpl: selectDevice() IDeviceSelectCallback == nullptr
2022-10-06 11:06:36.984 2005-9700/? E/HsmCoreServiceImpl: onTransact in code is: 102
2022-10-06 11:06:36.998 2005-9700/? E/HsmCoreServiceImpl: onTransact in code is: 103
2022-10-06 11:06:37.139 890-890/? E/Thermal-daemon:hw_thermal: [charger_ic] temp_new :33  temp_old :32
2022-10-06 11:06:37.140 890-890/? E/Thermal-daemon:hw_thermal: Report temperature: [charger_ic] temp :33  report_threshold:1
2022-10-06 11:06:37.140 890-890/? E/Thermal-daemon:hw_thermal: [pa_0] temp_new :33  temp_old :32
2022-10-06 11:06:37.141 890-890/? E/Thermal-daemon:hw_thermal: Report temperature: [pa_0] temp :33  report_threshold:1
2022-10-06 11:06:37.141 890-890/? E/Thermal-daemon:hw_thermal: [ap] temp_new :33  temp_old :32
2022-10-06 11:06:37.142 890-890/? E/Thermal-daemon:hw_thermal: Report temperature: [ap] temp :33  report_threshold:1
2022-10-06 11:06:37.200 2005-9700/? E/HsmCoreServiceImpl: onTransact in code is: 102
2022-10-06 11:06:37.207 1339-8567/? E/: [ZeroHung]zrhung_get_config: Get config failed for wp[0x0110]
2022-10-06 11:06:37.211 3028-25901/? E/AppLifeChangeSensor: CAWARENESS: activityPaused mAppLifeChangeCallback is null 
2022-10-06 11:06:37.233 3028-25901/? E/AppLifeChangeSensor: CAWARENESS: activityResumed mAppLifeChangeCallback is null 
2022-10-06 11:06:37.233 2005-2649/? E/DollieAdapterService: notifyActivityState pkg:com.reddit.frontpage/com.google.android.gms.auth.api.signin.internal.SignInHubActivity state:2 fg:true mUid:10317
2022-10-06 11:06:37.237 1339-1937/? E/: [ZeroHung]zrhung_get_config: Get config failed for wp[0x0111]
2022-10-06 11:06:37.244 3028-25901/? E/AppLifeChangeSensor: CAWARENESS: activityPaused mAppLifeChangeCallback is null 
2022-10-06 11:06:37.249 2005-9700/? E/HsmCoreServiceImpl: onTransact in code is: 102
2022-10-06 11:06:37.251 719-719/? E/WifiHAL: enter wifi_get_link_stats
2022-10-06 11:06:37.252 2005-2649/? E/DollieAdapterService: notifyActivityState pkg:com.reddit.frontpage/com.reddit.frontpage.main.MainActivity state:2 fg:true mUid:10317
2022-10-06 11:06:37.252 3028-25901/? E/AppLifeChangeSensor: CAWARENESS: activityResumed mAppLifeChangeCallback is null 
2022-10-06 11:06:37.264 2005-9700/? E/HsmCoreServiceImpl: onTransact in code is: 102
2022-10-06 11:06:37.271 2005-9700/? E/HsmCoreServiceImpl: onTransact in code is: 102
2022-10-06 11:06:37.277 885-25133/? E/MediaAnalyticsService: package_native::getInstallerForPackage failed: 
2022-10-06 11:06:37.303 721-1918/? E/AudioPolicyIntefaceImpl: selectDevice() IDeviceSelectCallback == nullptr
2022-10-06 11:06:37.303 896-19037/? E/VDEC: [CheckFrameStore] : [1362] PRN_ERRORplfs(fs=0xefb45328, eFoState=1) is null, logic_fs_id = -1
2022-10-06 11:06:37.331 869-1872/? E/dubaid: [AudioHandler.cpp] StopSession# Session stream mismatched, old: -1, new: 3
2022-10-06 11:06:37.344 2005-9700/? E/HsmCoreServiceImpl: onTransact in code is: 103
2022-10-06 11:06:37.349 2005-9700/? E/HsmCoreServiceImpl: onTransact in code is: 102
2022-10-06 11:06:37.435 2005-9700/? E/HsmCoreServiceImpl: onTransact in code is: 102
2022-10-06 11:06:37.440 1339-2435/? E/: [ZeroHung]zrhung_get_config: Get config failed for wp[0x0110]
2022-10-06 11:06:37.445 3028-25901/? E/AppLifeChangeSensor: CAWARENESS: activityPaused mAppLifeChangeCallback is null 
2022-10-06 11:06:37.465 3028-25901/? E/AppLifeChangeSensor: CAWARENESS: activityResumed mAppLifeChangeCallback is null 
2022-10-06 11:06:37.465 2005-2649/? E/DollieAdapterService: notifyActivityState pkg:com.reddit.frontpage/com.google.android.gms.auth.api.signin.internal.SignInHubActivity state:2 fg:true mUid:10317
2022-10-06 11:06:37.470 1339-2042/? E/: [ZeroHung]zrhung_get_config: Get config failed for wp[0x0111]
2022-10-06 11:06:37.481 3028-25901/? E/AppLifeChangeSensor: CAWARENESS: activityPaused mAppLifeChangeCallback is null 
2022-10-06 11:06:37.486 2005-2709/? E/HsmCoreServiceImpl: onTransact in code is: 102
2022-10-06 11:06:37.486 2005-2649/? E/DollieAdapterService: notifyActivityState pkg:com.reddit.frontpage/com.reddit.frontpage.main.MainActivity state:2 fg:true mUid:10317
2022-10-06 11:06:37.488 3028-25901/? E/AppLifeChangeSensor: CAWARENESS: activityResumed mAppLifeChangeCallback is null 
2022-10-06 11:06:37.496 2005-2709/? E/HsmCoreServiceImpl: onTransact in code is: 102
2022-10-06 11:06:37.506 721-1154/? E/asd_out_fwk: data is NULL and there is no volume data
2022-10-06 11:06:37.507 2005-2709/? E/HsmCoreServiceImpl: onTransact in code is: 102
2022-10-06 11:06:37.519 885-25133/? E/MediaAnalyticsService: package_native::getInstallerForPackage failed: Unknown package: com.reddit.reddit
2022-10-06 11:06:37.529 721-10030/? E/AudioPolicyIntefaceImpl: selectDevice() IDeviceSelectCallback == nullptr
2022-10-06 11:06:37.544 896-19037/? E/VDEC: [CheckFrameStore] : [1362] PRN_ERRORplfs(fs=0xefb45328, eFoState=1) is null, logic_fs_id = -1
2022-10-06 11:06:37.553 869-1872/? E/dubaid: [AudioHandler.cpp] StopSession# Session stream mismatched, old: -1, new: 3
2022-10-06 11:06:37.578 2005-2709/? E/HsmCoreServiceImpl: onTransact in code is: 103
2022-10-06 11:06:37.586 2005-2709/? E/HsmCoreServiceImpl: onTransact in code is: 102
2022-10-06 11:06:37.592 16075-18282/? E/: [ZeroHung]zrhung_get_config: Get config failed for wp[0x0008]
2022-10-06 11:06:37.646 2005-2709/? E/HsmCoreServiceImpl: onTransact in code is: 102
2022-10-06 11:06:37.654 1339-1367/? E/: [ZeroHung]zrhung_get_config: Get config failed for wp[0x0110]
2022-10-06 11:06:37.661 3028-25901/? E/AppLifeChangeSensor: CAWARENESS: activityPaused mAppLifeChangeCallback is null 
2022-10-06 11:06:37.678 3028-25901/? E/AppLifeChangeSensor: CAWARENESS: activityResumed mAppLifeChangeCallback is null 
2022-10-06 11:06:37.678 2005-2649/? E/DollieAdapterService: notifyActivityState pkg:com.reddit.frontpage/com.google.android.gms.auth.api.signin.internal.SignInHubActivity state:2 fg:true mUid:10317
2022-10-06 11:06:37.679 1339-2042/? E/: [ZeroHung]zrhung_get_config: Get config failed for wp[0x0111]
2022-10-06 11:06:37.686 3028-25901/? E/AppLifeChangeSensor: CAWARENESS: activityPaused mAppLifeChangeCallback is null 
2022-10-06 11:06:37.688 24792-25984/? E/: [ZeroHung]zrhung_get_config: Get config failed for wp[0x0008]
2022-10-06 11:06:37.699 3028-25901/? E/AppLifeChangeSensor: CAWARENESS: activityResumed mAppLifeChangeCallback is null 
2022-10-06 11:06:37.699 2005-2709/? E/HsmCoreServiceImpl: onTransact in code is: 102
2022-10-06 11:06:37.700 2005-2649/? E/DollieAdapterService: notifyActivityState pkg:com.reddit.frontpage/com.reddit.frontpage.main.MainActivity state:2 fg:true mUid:10317
2022-10-06 11:06:37.712 2005-2709/? E/HsmCoreServiceImpl: onTransact in code is: 102
2022-10-06 11:06:37.721 2005-2709/? E/HsmCoreServiceImpl: onTransact in code is: 102
2022-10-06 11:06:37.734 885-25133/? E/MediaAnalyticsService: package_native::getInstallerForPackage failed: Unknown package: com.reddit.reddit
2022-10-06 11:06:37.747 721-16189/? E/AudioPolicyIntefaceImpl: selectDevice() IDeviceSelectCallback == nullptr
2022-10-06 11:06:37.756 896-19037/? E/VDEC: [CheckFrameStore] : [1362] PRN_ERRORplfs(fs=0xefb45328, eFoState=1) is null, logic_fs_id = -1
2022-10-06 11:06:37.771 869-1872/? E/dubaid: [AudioHandler.cpp] StopSession# Session stream mismatched, old: -1, new: 3
2022-10-06 11:06:37.786 2005-2709/? E/HsmCoreServiceImpl: onTransact in code is: 103
2022-10-06 11:06:37.810 2005-2709/? E/HsmCoreServiceImpl: onTransact in code is: 102
2022-10-06 11:06:37.843 2005-2709/? E/HsmCoreServiceImpl: onTransact in code is: 102
2022-10-06 11:06:37.848 1339-2435/? E/: [ZeroHung]zrhung_get_config: Get config failed for wp[0x0110]
2022-10-06 11:06:37.853 3028-25901/? E/AppLifeChangeSensor: CAWARENESS: activityPaused mAppLifeChangeCallback is null 
2022-10-06 11:06:37.871 2005-2649/? E/DollieAdapterService: notifyActivityState pkg:com.reddit.frontpage/com.google.android.gms.auth.api.signin.internal.SignInHubActivity state:2 fg:true mUid:10317
2022-10-06 11:06:37.871 3028-25901/? E/AppLifeChangeSensor: CAWARENESS: activityResumed mAppLifeChangeCallback is null 
2022-10-06 11:06:37.873 1339-2435/? E/: [ZeroHung]zrhung_get_config: Get config failed for wp[0x0111]
2022-10-06 11:06:37.881 3028-25901/? E/AppLifeChangeSensor: CAWARENESS: activityPaused mAppLifeChangeCallback is null 
2022-10-06 11:06:37.889 2005-2709/? E/HsmCoreServiceImpl: onTransact in code is: 102
2022-10-06 11:06:37.892 3028-25901/? E/AppLifeChangeSensor: CAWARENESS: activityResumed mAppLifeChangeCallback is null 
2022-10-06 11:06:37.893 2005-2649/? E/DollieAdapterService: notifyActivityState pkg:com.reddit.frontpage/com.reddit.frontpage.main.MainActivity state:2 fg:true mUid:10317
2022-10-06 11:06:37.908 2005-2709/? E/HsmCoreServiceImpl: onTransact in code is: 102
2022-10-06 11:06:37.917 2005-2709/? E/HsmCoreServiceImpl: onTransact in code is: 102
2022-10-06 11:06:37.921 885-25133/? E/MediaAnalyticsService: package_native::getInstallerForPackage failed: Unknown package: com.reddit.reddit
2022-10-06 11:06:37.943 721-16189/? E/AudioPolicyIntefaceImpl: selectDevice() IDeviceSelectCallback == nullptr
2022-10-06 11:06:37.951 896-19037/? E/VDEC: [CheckFrameStore] : [1362] PRN_ERRORplfs(fs=0xefb45328, eFoState=1) is null, logic_fs_id = -1
2022-10-06 11:06:37.970 869-1872/? E/dubaid: [AudioHandler.cpp] StopSession# Session stream mismatched, old: -1, new: 3
2022-10-06 11:06:37.982 2005-2709/? E/HsmCoreServiceImpl: onTransact in code is: 103
2022-10-06 11:06:38.005 2005-2709/? E/HsmCoreServiceImpl: onTransact in code is: 102
2022-10-06 11:06:38.063 2005-2709/? E/HsmCoreServiceImpl: onTransact in code is: 102
2022-10-06 11:06:38.075 1339-8567/? E/: [ZeroHung]zrhung_get_config: Get config failed for wp[0x0110]
2022-10-06 11:06:38.081 3028-25901/? E/AppLifeChangeSensor: CAWARENESS: activityPaused mAppLifeChangeCallback is null 
2022-10-06 11:06:38.100 3028-25901/? E/AppLifeChangeSensor: CAWARENESS: activityResumed mAppLifeChangeCallback is null 
2022-10-06 11:06:38.101 2005-2649/? E/DollieAdapterService: notifyActivityState pkg:com.reddit.frontpage/com.google.android.gms.auth.api.signin.internal.SignInHubActivity state:2 fg:true mUid:10317
2022-10-06 11:06:38.104 1339-8567/? E/: [ZeroHung]zrhung_get_config: Get config failed for wp[0x0111]
2022-10-06 11:06:38.110 3028-25901/? E/AppLifeChangeSensor: CAWARENESS: activityPaused mAppLifeChangeCallback is null 
2022-10-06 11:06:38.116 2005-2709/? E/HsmCoreServiceImpl: onTransact in code is: 102
2022-10-06 11:06:38.121 3028-25901/? E/AppLifeChangeSensor: CAWARENESS: activityResumed mAppLifeChangeCallback is null 
2022-10-06 11:06:38.122 2005-2649/? E/DollieAdapterService: notifyActivityState pkg:com.reddit.frontpage/com.reddit.frontpage.main.MainActivity state:2 fg:true mUid:10317
2022-10-06 11:06:38.130 2005-2709/? E/HsmCoreServiceImpl: onTransact in code is: 102
2022-10-06 11:06:38.139 2005-2709/? E/HsmCoreServiceImpl: onTransact in code is: 102
2022-10-06 11:06:38.151 885-25133/? E/MediaAnalyticsService: package_native::getInstallerForPackage failed: Unknown package: com.reddit.reddit
2022-10-06 11:06:38.165 721-1918/? E/AudioPolicyIntefaceImpl: selectDevice() IDeviceSelectCallback == nullptr
2022-10-06 11:06:38.190 869-1872/? E/dubaid: [AudioHandler.cpp] StopSession# Session stream mismatched, old: -1, new: 3
2022-10-06 11:06:38.190 896-19037/? E/VDEC: [CheckFrameStore] : [1362] PRN_ERRORplfs(fs=0xefb45328, eFoState=1) is null, logic_fs_id = -1
2022-10-06 11:06:38.212 2005-2709/? E/HsmCoreServiceImpl: onTransact in code is: 103
2022-10-06 11:06:38.255 2005-2709/? E/HsmCoreServiceImpl: onTransact in code is: 102
2022-10-06 11:06:38.255 2005-2709/? E/HsmCoreServiceImpl: onTransact in code is: 102
2022-10-06 11:06:38.261 1339-8567/? E/: [ZeroHung]zrhung_get_config: Get config failed for wp[0x0110]
2022-10-06 11:06:38.266 3028-25901/? E/AppLifeChangeSensor: CAWARENESS: activityPaused mAppLifeChangeCallback is null 
2022-10-06 11:06:38.286 3028-25901/? E/AppLifeChangeSensor: CAWARENESS: activityResumed mAppLifeChangeCallback is null 
2022-10-06 11:06:38.288 2005-2649/? E/DollieAdapterService: notifyActivityState pkg:com.reddit.frontpage/com.google.android.gms.auth.api.signin.internal.SignInHubActivity state:2 fg:true mUid:10317
2022-10-06 11:06:38.289 1339-2435/? E/: [ZeroHung]zrhung_get_config: Get config failed for wp[0x0111]
2022-10-06 11:06:38.297 3028-25901/? E/AppLifeChangeSensor: CAWARENESS: activityPaused mAppLifeChangeCallback is null 
2022-10-06 11:06:38.304 2005-2709/? E/HsmCoreServiceImpl: onTransact in code is: 102
2022-10-06 11:06:38.311 2005-2649/? E/DollieAdapterService: notifyActivityState pkg:com.reddit.frontpage/com.reddit.frontpage.main.MainActivity state:2 fg:true mUid:10317
2022-10-06 11:06:38.312 3028-25901/? E/AppLifeChangeSensor: CAWARENESS: activityResumed mAppLifeChangeCallback is null 
2022-10-06 11:06:38.319 2005-2709/? E/HsmCoreServiceImpl: onTransact in code is: 102
2022-10-06 11:06:38.324 2005-2709/? E/HsmCoreServiceImpl: onTransact in code is: 102
2022-10-06 11:06:38.327 721-1154/? E/asd_out_fwk: data is NULL and there is no volume data
2022-10-06 11:06:38.331 885-25133/? E/MediaAnalyticsService: package_native::getInstallerForPackage failed: 
2022-10-06 11:06:38.351 721-10267/? E/AudioPolicyIntefaceImpl: selectDevice() IDeviceSelectCallback == nullptr
2022-10-06 11:06:38.356 2005-2287/? E/: [ZeroHung]zrhung_get_config: Get config failed for wp[0x0008]
2022-10-06 11:06:38.370 896-19037/? E/VDEC: [CheckFrameStore] : [1362] PRN_ERRORplfs(fs=0xefb45328, eFoState=1) is null, logic_fs_id = -1
2022-10-06 11:06:38.373 869-1872/? E/dubaid: [AudioHandler.cpp] StopSession# Session stream mismatched, old: -1, new: 3
2022-10-06 11:06:38.398 2005-2709/? E/HsmCoreServiceImpl: onTransact in code is: 103
2022-10-06 11:06:38.423 2005-2709/? E/HsmCoreServiceImpl: onTransact in code is: 102
2022-10-06 11:06:38.488 2005-2709/? E/HsmCoreServiceImpl: onTransact in code is: 102
2022-10-06 11:06:38.498 1339-2435/? E/: [ZeroHung]zrhung_get_config: Get config failed for wp[0x0110]
2022-10-06 11:06:38.505 3028-25901/? E/AppLifeChangeSensor: CAWARENESS: activityPaused mAppLifeChangeCallback is null 
2022-10-06 11:06:38.519 2005-2649/? E/DollieAdapterService: notifyActivityState pkg:com.reddit.frontpage/com.google.android.gms.auth.api.signin.internal.SignInHubActivity state:2 fg:true mUid:10317
2022-10-06 11:06:38.520 3028-25901/? E/AppLifeChangeSensor: CAWARENESS: activityResumed mAppLifeChangeCallback is null 
2022-10-06 11:06:38.522 1339-8567/? E/: [ZeroHung]zrhung_get_config: Get config failed for wp[0x0111]
2022-10-06 11:06:38.529 3028-25901/? E/AppLifeChangeSensor: CAWARENESS: activityPaused mAppLifeChangeCallback is null 
2022-10-06 11:06:38.538 2005-2709/? E/HsmCoreServiceImpl: onTransact in code is: 102
2022-10-06 11:06:38.543 2005-2649/? E/DollieAdapterService: notifyActivityState pkg:com.reddit.frontpage/com.reddit.frontpage.main.MainActivity state:2 fg:true mUid:10317
2022-10-06 11:06:38.544 3028-25901/? E/AppLifeChangeSensor: CAWARENESS: activityResumed mAppLifeChangeCallback is null 
2022-10-06 11:06:38.558 2005-2709/? E/HsmCoreServiceImpl: onTransact in code is: 102
2022-10-06 11:06:38.570 2005-2709/? E/HsmCoreServiceImpl: onTransact in code is: 102
2022-10-06 11:06:38.573 885-25133/? E/MediaAnalyticsService: package_native::getInstallerForPackage failed: Unknown package: com.reddit.reddit
2022-10-06 11:06:38.591 721-10267/? E/AudioPolicyIntefaceImpl: selectDevice() IDeviceSelectCallback == nullptr
2022-10-06 11:06:38.609 896-19037/? E/VDEC: [CheckFrameStore] : [1362] PRN_ERRORplfs(fs=0xefb45328, eFoState=1) is null, logic_fs_id = -1
2022-10-06 11:06:38.612 16075-18282/? E/: [ZeroHung]zrhung_get_config: Get config failed for wp[0x0008]
2022-10-06 11:06:38.631 869-1872/? E/dubaid: [AudioHandler.cpp] StopSession# Session stream mismatched, old: -1, new: 3
2022-10-06 11:06:38.634 2005-2709/? E/HsmCoreServiceImpl: onTransact in code is: 103
2022-10-06 11:06:38.667 2005-2709/? E/HsmCoreServiceImpl: onTransact in code is: 102
2022-10-06 11:06:39.158 24792-25984/? E/: [ZeroHung]zrhung_get_config: Get config failed for wp[0x0008]
2022-10-06 11:06:39.158 17612-19192/? E/: [ZeroHung]zrhung_get_config: Get config failed for wp[0x0008]
2022-10-06 11:06:39.159 12233-13130/? E/: [ZeroHung]zrhung_get_config: Get config failed for wp[0x0008]
2022-10-06 11:06:39.581 21055-21257/? E/: [ZeroHung]zrhung_get_config: Get config failed for wp[0x0008]
2022-10-06 11:06:40.271 719-719/? E/WifiHAL: enter wifi_get_link_stats
2022-10-06 11:06:43.276 2190-2521/? E/: [ZeroHung]zrhung_get_config: Get config failed for wp[0x0008]
2022-10-06 11:06:43.283 719-719/? E/WifiHAL: enter wifi_get_link_stats
2022-10-06 11:06:44.365 30010-4064/? E/: [ZeroHung]zrhung_get_config: Get config failed for wp[0x0008]
2022-10-06 11:06:46.306 719-719/? E/WifiHAL: enter wifi_get_link_stats
2022-10-06 11:06:49.324 719-719/? E/WifiHAL: enter wifi_get_link_stats
2022-10-06 11:06:51.979 2005-9700/? E/HsmCoreServiceImpl: onTransact in code is: 102
2022-10-06 11:06:51.987 1339-2041/? E/: [ZeroHung]zrhung_get_config: Get config failed for wp[0x0110]
2022-10-06 11:06:51.992 3028-25901/? E/AppLifeChangeSensor: CAWARENESS: activityPaused mAppLifeChangeCallback is null 
2022-10-06 11:06:52.012 2005-2649/? E/DollieAdapterService: notifyActivityState pkg:com.reddit.frontpage/com.google.android.gms.auth.api.signin.internal.SignInHubActivity state:2 fg:true mUid:10317
2022-10-06 11:06:52.013 3028-25901/? E/AppLifeChangeSensor: CAWARENESS: activityResumed mAppLifeChangeCallback is null 
2022-10-06 11:06:52.018 1339-2041/? E/: [ZeroHung]zrhung_get_config: Get config failed for wp[0x0111]
2022-10-06 11:06:52.025 3028-25901/? E/AppLifeChangeSensor: CAWARENESS: activityPaused mAppLifeChangeCallback is null 
2022-10-06 11:06:52.032 2005-9700/? E/HsmCoreServiceImpl: onTransact in code is: 102
2022-10-06 11:06:52.035 2005-2649/? E/DollieAdapterService: notifyActivityState pkg:com.reddit.frontpage/com.reddit.frontpage.main.MainActivity state:2 fg:true mUid:10317
2022-10-06 11:06:52.035 3028-25901/? E/AppLifeChangeSensor: CAWARENESS: activityResumed mAppLifeChangeCallback is null 
2022-10-06 11:06:52.045 2005-9700/? E/HsmCoreServiceImpl: onTransact in code is: 102
2022-10-06 11:06:52.051 2005-9700/? E/HsmCoreServiceImpl: onTransact in code is: 102
2022-10-06 11:06:52.060 885-25133/? E/MediaAnalyticsService: package_native::getInstallerForPackage failed: 
2022-10-06 11:06:52.076 721-10030/? E/AudioPolicyIntefaceImpl: selectDevice() IDeviceSelectCallback == nullptr
2022-10-06 11:06:52.101 896-19037/? E/VDEC: [CheckFrameStore] : [1362] PRN_ERRORplfs(fs=0xefb45328, eFoState=1) is null, logic_fs_id = -1
2022-10-06 11:06:52.110 869-1872/? E/dubaid: [AudioHandler.cpp] StopSession# Session stream mismatched, old: -1, new: 3
2022-10-06 11:06:52.125 2005-9700/? E/HsmCoreServiceImpl: onTransact in code is: 103
2022-10-06 11:06:52.147 890-890/? E/Thermal-daemon:hw_thermal: [ap] temp_new :32  temp_old :33
2022-10-06 11:06:52.148 890-890/? E/Thermal-daemon:hw_thermal: Report temperature: [ap] temp :32  report_threshold:1
2022-10-06 11:06:52.312 2005-9700/? E/HsmCoreServiceImpl: onTransact in code is: 102
2022-10-06 11:06:52.347 719-719/? E/WifiHAL: enter wifi_get_link_stats
2022-10-06 11:06:52.522 2005-9700/? E/HsmCoreServiceImpl: onTransact in code is: 102
2022-10-06 11:06:52.528 1339-2041/? E/: [ZeroHung]zrhung_get_config: Get config failed for wp[0x0110]
2022-10-06 11:06:52.533 3028-25901/? E/AppLifeChangeSensor: CAWARENESS: activityPaused mAppLifeChangeCallback is null 
2022-10-06 11:06:52.552 2005-2649/? E/DollieAdapterService: notifyActivityState pkg:com.reddit.frontpage/com.google.android.gms.auth.api.signin.internal.SignInHubActivity state:2 fg:true mUid:10317
2022-10-06 11:06:52.553 3028-25901/? E/AppLifeChangeSensor: CAWARENESS: activityResumed mAppLifeChangeCallback is null 
2022-10-06 11:06:52.557 1339-8567/? E/: [ZeroHung]zrhung_get_config: Get config failed for wp[0x0111]
2022-10-06 11:06:52.563 3028-25901/? E/AppLifeChangeSensor: CAWARENESS: activityPaused mAppLifeChangeCallback is null 
2022-10-06 11:06:52.582 2005-9700/? E/HsmCoreServiceImpl: onTransact in code is: 102
2022-10-06 11:06:52.585 3028-25901/? E/AppLifeChangeSensor: CAWARENESS: activityResumed mAppLifeChangeCallback is null 
2022-10-06 11:06:52.586 2005-2649/? E/DollieAdapterService: notifyActivityState pkg:com.reddit.frontpage/com.reddit.frontpage.main.MainActivity state:2 fg:true mUid:10317
2022-10-06 11:06:52.603 2005-9700/? E/HsmCoreServiceImpl: onTransact in code is: 102
2022-10-06 11:06:52.609 2005-9700/? E/HsmCoreServiceImpl: onTransact in code is: 102
2022-10-06 11:06:52.612 885-25133/? E/MediaAnalyticsService: package_native::getInstallerForPackage failed: Unknown package: com.reddit.reddit
2022-10-06 11:06:52.634 721-10267/? E/AudioPolicyIntefaceImpl: selectDevice() IDeviceSelectCallback == nullptr
2022-10-06 11:06:52.663 2005-9700/? E/HsmCoreServiceImpl: onTransact in code is: 103
2022-10-06 11:06:52.676 869-1872/? E/dubaid: [AudioHandler.cpp] StopSession# Session stream mismatched, old: -1, new: 3
2022-10-06 11:06:52.705 1339-4080/? E/: [ZeroHung]zrhung_get_config: Get config failed for wp[0x0110]
2022-10-06 11:06:52.710 3028-25901/? E/AppLifeChangeSensor: CAWARENESS: activityPaused mAppLifeChangeCallback is null 
2022-10-06 11:06:52.729 2005-2649/? E/DollieAdapterService: notifyActivityState pkg:com.reddit.frontpage/com.google.android.gms.auth.api.signin.internal.SignInHubActivity state:2 fg:true mUid:10317
2022-10-06 11:06:52.729 3028-25901/? E/AppLifeChangeSensor: CAWARENESS: activityResumed mAppLifeChangeCallback is null 
2022-10-06 11:06:52.733 1339-1937/? E/: [ZeroHung]zrhung_get_config: Get config failed for wp[0x0111]
2022-10-06 11:06:52.740 3028-25901/? E/AppLifeChangeSensor: CAWARENESS: activityPaused mAppLifeChangeCallback is null 
2022-10-06 11:06:52.749 2005-2649/? E/DollieAdapterService: notifyActivityState pkg:com.reddit.frontpage/com.reddit.frontpage.main.MainActivity state:2 fg:true mUid:10317
2022-10-06 11:06:52.749 3028-25901/? E/AppLifeChangeSensor: CAWARENESS: activityResumed mAppLifeChangeCallback is null 
2022-10-06 11:06:52.761 2005-9700/? E/HsmCoreServiceImpl: onTransact in code is: 102
2022-10-06 11:06:52.764 2005-9700/? E/HsmCoreServiceImpl: onTransact in code is: 102
2022-10-06 11:06:52.767 2005-9700/? E/HsmCoreServiceImpl: onTransact in code is: 102
2022-10-06 11:06:52.769 721-1154/? E/asd_out_fwk: data is NULL and there is no volume data
2022-10-06 11:06:52.775 885-25133/? E/MediaAnalyticsService: package_native::getInstallerForPackage failed: Unknown package: com.reddit.reddit
2022-10-06 11:06:52.793 721-858/? E/AudioPolicyIntefaceImpl: selectDevice() IDeviceSelectCallback == nullptr
2022-10-06 11:06:52.832 869-1872/? E/dubaid: [AudioHandler.cpp] StopSession# Session stream mismatched, old: -1, new: 3
2022-10-06 11:06:52.843 2005-9700/? E/HsmCoreServiceImpl: onTransact in code is: 103
2022-10-06 11:06:52.891 1339-4080/? E/: [ZeroHung]zrhung_get_config: Get config failed for wp[0x0110]
2022-10-06 11:06:52.896 3028-25901/? E/AppLifeChangeSensor: CAWARENESS: activityPaused mAppLifeChangeCallback is null 
2022-10-06 11:06:52.913 2005-2649/? E/DollieAdapterService: notifyActivityState pkg:com.reddit.frontpage/com.google.android.gms.auth.api.signin.internal.SignInHubActivity state:2 fg:true mUid:10317
2022-10-06 11:06:52.913 3028-25901/? E/AppLifeChangeSensor: CAWARENESS: activityResumed mAppLifeChangeCallback is null 
2022-10-06 11:06:52.918 1339-1367/? E/: [ZeroHung]zrhung_get_config: Get config failed for wp[0x0111]
2022-10-06 11:06:52.925 3028-25901/? E/AppLifeChangeSensor: CAWARENESS: activityPaused mAppLifeChangeCallback is null 
2022-10-06 11:06:52.938 3028-25901/? E/AppLifeChangeSensor: CAWARENESS: activityResumed mAppLifeChangeCallback is null 
2022-10-06 11:06:52.938 2005-2649/? E/DollieAdapterService: notifyActivityState pkg:com.reddit.frontpage/com.reddit.frontpage.main.MainActivity state:2 fg:true mUid:10317
2022-10-06 11:06:52.947 2005-9700/? E/HsmCoreServiceImpl: onTransact in code is: 102
2022-10-06 11:06:52.956 2005-9700/? E/HsmCoreServiceImpl: onTransact in code is: 102
2022-10-06 11:06:52.963 2005-9700/? E/HsmCoreServiceImpl: onTransact in code is: 102
2022-10-06 11:06:52.965 885-25133/? E/MediaAnalyticsService: package_native::getInstallerForPackage failed: Unknown package: com.reddit.reddit
2022-10-06 11:06:52.990 721-10267/? E/AudioPolicyIntefaceImpl: selectDevice() IDeviceSelectCallback == nullptr
2022-10-06 11:06:53.010 869-1872/? E/dubaid: [AudioHandler.cpp] StopSession# Session stream mismatched, old: -1, new: 3
2022-10-06 11:06:53.026 2005-9700/? E/HsmCoreServiceImpl: onTransact in code is: 103
2022-10-06 11:06:53.047 1339-2042/? E/: [ZeroHung]zrhung_get_config: Get config failed for wp[0x0110]
2022-10-06 11:06:53.053 3028-25901/? E/AppLifeChangeSensor: CAWARENESS: activityPaused mAppLifeChangeCallback is null 
2022-10-06 11:06:53.071 2005-2649/? E/DollieAdapterService: notifyActivityState pkg:com.reddit.frontpage/com.google.android.gms.auth.api.signin.internal.SignInHubActivity state:2 fg:true mUid:10317
2022-10-06 11:06:53.071 3028-25901/? E/AppLifeChangeSensor: CAWARENESS: activityResumed mAppLifeChangeCallback is null 
2022-10-06 11:06:53.073 1339-1367/? E/: [ZeroHung]zrhung_get_config: Get config failed for wp[0x0111]
2022-10-06 11:06:53.079 3028-25901/? E/AppLifeChangeSensor: CAWARENESS: activityPaused mAppLifeChangeCallback is null 
2022-10-06 11:06:53.091 3028-25901/? E/AppLifeChangeSensor: CAWARENESS: activityResumed mAppLifeChangeCallback is null 
2022-10-06 11:06:53.091 2005-2649/? E/DollieAdapterService: notifyActivityState pkg:com.reddit.frontpage/com.reddit.frontpage.main.MainActivity state:2 fg:true mUid:10317
2022-10-06 11:06:53.178 2005-9700/? E/HsmCoreServiceImpl: onTransact in code is: 103
2022-10-06 11:06:53.226 1339-2042/? E/: [ZeroHung]zrhung_get_config: Get config failed for wp[0x0110]
2022-10-06 11:06:53.228 16075-18282/? E/: [ZeroHung]zrhung_get_config: Get config failed for wp[0x0008]
2022-10-06 11:06:53.230 3028-25901/? E/AppLifeChangeSensor: CAWARENESS: activityPaused mAppLifeChangeCallback is null 
2022-10-06 11:06:53.254 3028-25901/? E/AppLifeChangeSensor: CAWARENESS: activityResumed mAppLifeChangeCallback is null 
2022-10-06 11:06:53.255 2005-2649/? E/DollieAdapterService: notifyActivityState pkg:com.reddit.frontpage/com.google.android.gms.auth.api.signin.internal.SignInHubActivity state:2 fg:true mUid:10317
2022-10-06 11:06:53.258 1339-2042/? E/: [ZeroHung]zrhung_get_config: Get config failed for wp[0x0111]
2022-10-06 11:06:53.265 3028-25901/? E/AppLifeChangeSensor: CAWARENESS: activityPaused mAppLifeChangeCallback is null 
2022-10-06 11:06:53.280 2005-2649/? E/DollieAdapterService: notifyActivityState pkg:com.reddit.frontpage/com.reddit.frontpage.main.MainActivity state:2 fg:true mUid:10317
2022-10-06 11:06:53.280 3028-25901/? E/AppLifeChangeSensor: CAWARENESS: activityResumed mAppLifeChangeCallback is null 
2022-10-06 11:06:53.363 2005-9700/? E/HsmCoreServiceImpl: onTransact in code is: 103
2022-10-06 11:06:53.422 2005-9700/? E/HsmCoreServiceImpl: onTransact in code is: 102
2022-10-06 11:06:54.341 30010-4064/? E/: [ZeroHung]zrhung_get_config: Get config failed for wp[0x0008]



============================
le.android.gms/.chimera.PersistentBoundBrokerService }
2022-10-06 11:10:19.538 905-951/? E/bastetd: [ProxySocket    ] NotifySocketErrState# No record found by comm prop, state=196619
2022-10-06 11:10:19.628 47-47/? W/migration/6: type=1400 audit(0.0:2386959): avc: granted { setsched } for pid=47 scontext=u:r:kernel:s0 tcontext=u:r:kernel:s0 tclass=process
2022-10-06 11:10:19.720 47-47/? W/migration/6: type=1400 audit(0.0:2386960): avc: granted { setsched } for pid=47 scontext=u:r:kernel:s0 tcontext=u:r:kernel:s0 tclass=process
2022-10-06 11:10:19.748 53-53/? W/migration/7: type=1400 audit(0.0:2386961): avc: granted { setsched } for pid=53 scontext=u:r:kernel:s0 tcontext=u:r:kernel:s0 tclass=process
2022-10-06 11:10:19.840 15311-15311/? D/BoundBrokerSvc: onUnbind: Intent { act=com.google.android.gms.cast.firstparty.START dat=chimera-action:com.google.android.gms.cast.firstparty.START cmp=com.google.android.gms/.chimera.CastPersistentBoundBrokerService }
2022-10-06 11:10:19.848 53-53/? W/migration/7: type=1400 audit(0.0:2386962): avc: granted { setsched } for pid=53 scontext=u:r:kernel:s0 tcontext=u:r:kernel:s0 tclass=process
2022-10-06 11:10:19.948 47-47/? W/migration/6: type=1400 audit(0.0:2386963): avc: granted { setsched } for pid=47 scontext=u:r:kernel:s0 tcontext=u:r:kernel:s0 tclass=process
2022-10-06 11:10:19.948 719-719/? E/WifiHAL: enter wifi_get_link_stats
2022-10-06 11:10:19.956 1339-1892/? I/WificondControl: Noise: 0, Snr: -1, Chload: 189, rssi: -44, txBitrate: 72, rxBitrate: 65, frequency: 2462, UlDelay: -1, currentTxBytes: 44297772, currentTxPackets: 278308, currentTxFailed: 0, currentRxBytes: 618725833, currentRxPackets: 443047
2022-10-06 11:10:19.963 1339-1892/? I/TelephonyManager: getAllCellInfo calling app is android
2022-10-06 11:10:19.964 2224-2826/? W/PhoneInterfaceManager: shouldBlockLocation running ...
2022-10-06 11:10:19.964 2224-2826/? I/PhoneInterfaceManager: shouldBlockLocation  ret:false
2022-10-06 11:10:20.336 47-47/? W/migration/6: type=1400 audit(0.0:2386964): avc: granted { setsched } for pid=47 scontext=u:r:kernel:s0 tcontext=u:r:kernel:s0 tclass=process
2022-10-06 11:10:20.336 1339-8421/? D/HwConnectivityServiceEx: set 10130 wlan0 value false
2022-10-06 11:10:20.360 30010-30010/? W/beacon-thread-3: type=1400 audit(0.0:2386965): avc: denied { search } for pid=30010 name="block" dev="sysfs" ino=34898 scontext=u:r:untrusted_app_27:s0:c130,c256,c512,c768 tcontext=u:object_r:sysfs_block:s0 tclass=dir permissive=0
2022-10-06 11:10:20.362 890-3652/? E/Thermal-daemon:ambient: calc_ambient_temp: median filter output 20036
2022-10-06 11:10:20.362 890-3652/? E/Thermal-daemon:ambient: ambient_sample: write temp 20036 to ambient node
2022-10-06 11:10:20.808 47-47/? W/migration/6: type=1400 audit(0.0:2386971): avc: granted { setsched } for pid=47 scontext=u:r:kernel:s0 tcontext=u:r:kernel:s0 tclass=process
2022-10-06 11:10:20.812 53-53/? W/migration/7: type=1400 audit(0.0:2386972): avc: granted { setsched } for pid=53 scontext=u:r:kernel:s0 tcontext=u:r:kernel:s0 tclass=process
2022-10-06 11:10:20.908 53-53/? W/migration/7: type=1400 audit(0.0:2386973): avc: granted { setsched } for pid=53 scontext=u:r:kernel:s0 tcontext=u:r:kernel:s0 tclass=process
2022-10-06 11:10:20.908 47-47/? W/migration/6: type=1400 audit(0.0:2386974): avc: granted { setsched } for pid=47 scontext=u:r:kernel:s0 tcontext=u:r:kernel:s0 tclass=process
2022-10-06 11:10:20.934 1339-1596/? D/ZrHung.AppEyeTransparentWindow: handleMessage CHECK_TRANS_WINDOW_ERROR_MSG
2022-10-06 11:10:21.814 643-12201/? I/netd: trafficSwapActiveStatsMap() <23.88ms>
2022-10-06 11:10:21.824 2223-2329/? E/: [ZeroHung]zrhung_get_config: Get config failed for wp[0x0008]
2022-10-06 11:10:21.832 47-47/? W/migration/6: type=1400 audit(0.0:2386975): avc: granted { setsched } for pid=47 scontext=u:r:kernel:s0 tcontext=u:r:kernel:s0 tclass=process
2022-10-06 11:10:21.848 53-53/? W/migration/7: type=1400 audit(0.0:2386976): avc: granted { setsched } for pid=53 scontext=u:r:kernel:s0 tcontext=u:r:kernel:s0 tclass=process
2022-10-06 11:10:21.968 53-53/? W/migration/7: type=1400 audit(0.0:2386977): avc: granted { setsched } for pid=53 scontext=u:r:kernel:s0 tcontext=u:r:kernel:s0 tclass=process
2022-10-06 11:10:21.968 47-47/? W/migration/6: type=1400 audit(0.0:2386978): avc: granted { setsched } for pid=47 scontext=u:r:kernel:s0 tcontext=u:r:kernel:s0 tclass=process
2022-10-06 11:10:22.272 890-890/? E/Thermal-daemon:hw_thermal: [ambient_temp_v2] temp_new :20  temp_old :19
2022-10-06 11:10:22.273 2223-18618/? I/ThermalTrace_ThermalRaise: CurrAmbientTempV2:20
2022-10-06 11:10:22.273 890-890/? E/Thermal-daemon:hw_thermal: Report temperature: [ambient_temp_v2] temp :20  report_threshold:1
2022-10-06 11:10:22.273 890-890/? E/Thermal-daemon:hw_thermal: [shell_frame] temp_new :26  temp_old :25
2022-10-06 11:10:22.274 2223-18618/? I/ThermalTrace_ThermalRaise: Shell:-100,25,26,currentBatteryTemp:28
2022-10-06 11:10:22.274 890-890/? E/Thermal-daemon:hw_thermal: Report temperature: [shell_frame] temp :26  report_threshold:1
2022-10-06 11:10:22.336 1339-2141/? D/HwConnectivityServiceEx: set 10130 wlan0 value false
2022-10-06 11:10:22.368 47-47/? W/migration/6: type=1400 audit(0.0:2386979): avc: granted { setsched } for pid=47 scontext=u:r:kernel:s0 tcontext=u:r:kernel:s0 tclass=process
2022-10-06 11:10:22.372 30010-30010/? W/beacon-thread-2: type=1400 audit(0.0:2386980): avc: denied { search } for pid=30010 name="block" dev="sysfs" ino=34898 scontext=u:r:untrusted_app_27:s0:c130,c256,c512,c768 tcontext=u:object_r:sysfs_block:s0 tclass=dir permissive=0
2022-10-06 11:10:22.701 2005-2649/? I/SpeedTestNotifier: is low speed scene
2022-10-06 11:10:22.880 47-47/? W/migration/6: type=1400 audit(0.0:2386986): avc: granted { setsched } for pid=47 scontext=u:r:kernel:s0 tcontext=u:r:kernel:s0 tclass=process
2022-10-06 11:10:22.908 53-53/? W/migration/7: type=1400 audit(0.0:2386987): avc: granted { setsched } for pid=53 scontext=u:r:kernel:s0 tcontext=u:r:kernel:s0 tclass=process
2022-10-06 11:10:22.970 719-719/? E/WifiHAL: enter wifi_get_link_stats
2022-10-06 11:10:22.978 1339-1892/? I/WificondControl: Noise: 0, Snr: -1, Chload: 189, rssi: -41, txBitrate: 72, rxBitrate: 65, frequency: 2462, UlDelay: -1, currentTxBytes: 44297772, currentTxPackets: 278308, currentTxFailed: 0, currentRxBytes: 618725833, currentRxPackets: 443047
2022-10-06 11:10:22.985 1339-1892/? I/TelephonyManager: getAllCellInfo calling app is android
2022-10-06 11:10:22.986 2224-2826/? W/PhoneInterfaceManager: shouldBlockLocation running ...
2022-10-06 11:10:22.986 2224-2826/? I/PhoneInterfaceManager: shouldBlockLocation  ret:false
2022-10-06 11:10:23.001 896-19036/? I/VDEC: [SM_HalProcess] : [4502] PRN_ALWS23 callbacks suppressed:SM_HalProcess, wait time out for scd runing
2022-10-06 11:10:23.002 896-19036/? I/VDEC: [SM_HalProcess] : [4502] PRN_ALWSSM_HalProcess, wait time out for scd runing
2022-10-06 11:10:23.028 53-53/? W/migration/7: type=1400 audit(0.0:2386988): avc: granted { setsched } for pid=53 scontext=u:r:kernel:s0 tcontext=u:r:kernel:s0 tclass=process
2022-10-06 11:10:23.028 47-47/? W/migration/6: type=1400 audit(0.0:2386989): avc: granted { setsched } for pid=47 scontext=u:r:kernel:s0 tcontext=u:r:kernel:s0 tclass=process
2022-10-06 11:10:23.030 896-19037/? I/VDEC: [VDM_HalProcess] : [1146] PRN_ALWS23 callbacks suppressed:VDM_HalProcess, wait time out for G_VDMHWDONEEVENT
2022-10-06 11:10:23.030 896-19037/? I/VDEC: [VDM_HalProcess] : [1146] PRN_ALWSVDM_HalProcess, wait time out for G_VDMHWDONEEVENT
2022-10-06 11:10:23.116 1339-1818/? I/HwBatteryService: quick charge status : 0
2022-10-06 11:10:23.116 1339-1818/? D/HwBatteryService: onUEvent fcpStatus = 0
2022-10-06 11:10:23.116 1339-1818/? D/HwBatteryService: onUEvent scpStatus = 0 ,ovpStatus = 0
2022-10-06 11:10:23.116 1339-1818/? I/HwBatteryService: handleWirelessTxStatus
2022-10-06 11:10:23.116 1339-1818/? I/HwBatteryService: switch not open, return, mWirelessTxFlag : 0
2022-10-06 11:10:23.116 1339-1818/? W/HwBatteryService: need return. Invalid value: -1
2022-10-06 11:10:23.116 1339-1818/? D/HwBatteryService: setHwChargeTimeRemaining, time = -1 String time: -1
2022-10-06 11:10:23.313 942-1850/? I/motion@1.0-service: motion-hal Motion::readEvents motionType: 11
2022-10-06 11:10:23.313 908-908/? D/SensorHub: huawei Hal get step event
2022-10-06 11:10:23.313 942-1850/? D/motion@1.0-service: motion-hal Motion::ReadHwStepCounter motionType == MOTIONHUB_TYPE_HW_STEP_COUNTER
2022-10-06 11:10:23.313 942-1850/? I/motion@1.0-service: motion-hal Motiontest::get stepcount!
2022-10-06 11:10:23.314 942-942/? I/motion@1.0-service: pollMotionResult g_pollResultReturn = 19
2022-10-06 11:10:23.314 1339-1851/? D/: HWExtMotionService Motioncallback ret_cb:19 , motion_cb:11 , length_cb:19
2022-10-06 11:10:23.314 1339-1851/? D/: HWExtMotionService valueSize:19 
2022-10-06 11:10:23.314 1339-1851/? D/: HWExtDeviceService getActiveConnections 
2022-10-06 11:10:23.314 1339-1851/? D/: HWExtDeviceService connSize:1 
2022-10-06 11:10:23.315 2005-27038/? D/: ALOGD: HWExtDeviceManager::notifyDeviceData  type: 1100 
2022-10-06 11:10:23.315 2005-27038/? D/: HWExtDeviceManager::notifyDeviceData handleEvent uniqueId : 110001
2022-10-06 11:10:23.315 942-1850/? D/motion@1.0-service: g_motionPollResultReady::unlock out
2022-10-06 11:10:23.315 2005-2005/? I/HWExtDeviceManager: trigger onDeviceDataChanged : mListener : com.huawei.systemserver.ihealth.manager.HwStepCounter$1@434ec3f,type : 1100
2022-10-06 11:10:23.315 942-1850/? I/motion@1.0-service: ActMotionCb motionClientVector.size = 0
2022-10-06 11:10:23.315 2005-2005/? D/HwStepCounter: onDeviceDataChanged
2022-10-06 11:10:23.315 942-1850/? I/motion@1.0-service: ActMotionCb out
2022-10-06 11:10:23.315 2005-2005/? W/HwStepCounter: version : 1
