2022-10-06 11:10:34.118 3028-25901/? I/AppLifeChangeSensor: CAWARENESS: activityResumed componentName = ComponentInfo{com.reddit.frontpage/com.google.android.gms.auth.api.signin.internal.SignInHubActivity}
2022-10-06 11:10:34.118 3028-25901/? E/AppLifeChangeSensor: CAWARENESS: activityResumed mAppLifeChangeCallback is null 
2022-10-06 11:10:34.118 24792-19886/? I/HiAdKit.DC.PageSwitchEvent:  switch is off
2022-10-06 11:10:34.118 1339-8026/? I/WindowManager: Changing focus from null to Window{757aaee u0 com.reddit.frontpage/com.reddit.frontpage.main.MainActivity} displayId=0 Callers=com.android.server.wm.RootWindowContainer.updateFocusedWindowLocked:201 com.android.server.wm.WindowManagerService.updateFocusedWindowLocked:6188 com.android.server.wm.ActivityDisplay.setFocusedApp:1497 com.android.server.wm.ActivityTaskManagerService.setResumedActivityUncheckLocked:6176 
2022-10-06 11:10:34.118 24792-19886/? I/HiAdKit.DC.PaymentPageSwitchEvent:  switch is off
2022-10-06 11:10:34.119 1339-8026/? D/ZrHung.AppEyeFocusWindow: FocusWindowErrorScene cancelCheckFreezeScreen
2022-10-06 11:10:34.119 1339-8026/? E/: [ZeroHung]zrhung_get_config: Get config failed for wp[0x0111]
2022-10-06 11:10:34.119 1339-8026/? D/ZrHung.AppEyeTransparentWindow: TransparentWindow mHungConfigStatus = -1,mHungConfigEnable = null
2022-10-06 11:10:34.122 1339-8026/? I/WindowManager: Checking 1 opening apps (frozen=false timeout=false)...
2022-10-06 11:10:34.122 1339-8026/? I/WindowManager: Check opening app=AppWindowToken{9956bdb token=Token{9b03cea ActivityRecord{8047cd5 u0 com.reddit.frontpage/.main.MainActivity t1798}}}: allDrawn=true startingDisplayed=false startingMoved=false isRelaunching()=false startingWindow=null
2022-10-06 11:10:34.122 1339-8026/? I/WindowManager: Checking 0 opening apps (frozen=false timeout=false)...
2022-10-06 11:10:34.122 1339-8026/? I/HwWindowManagerServiceEx: closing apps count = 1
2022-10-06 11:10:34.124 16075-16075/? D/ActivityThread: Won't deliver top position change in state=4
2022-10-06 11:10:34.124 1339-1547/? W/SecurityProfileService: Activity life state callback extras get package null!
2022-10-06 11:10:34.124 1339-1547/? I/HwAudioServiceEx: ComponentInfo : className = com.google.android.gms.auth.api.signin.internal.SignInHubActivity, flag=onPause, isHomeActivity=, isTop=false
2022-10-06 11:10:34.125 2005-2649/? D/DollieActivityManagerAdapter: [Paused] pid:16075 uid:10317 ComponentInfo{com.reddit.frontpage/com.google.android.gms.auth.api.signin.internal.SignInHubActivity} uidState:2
2022-10-06 11:10:34.126 1339-1919/? I/HwAudioServiceEx: sendAppKilledIntentForKit, isKitPackageOnPause = false, isKitPackageKill = false, isKitPackageOnResume = false
2022-10-06 11:10:34.126 24792-19744/? I/HiAdKit.DC.PageSwitchEvent:  switch is off
2022-10-06 11:10:34.127 3028-25901/? I/AppLifeChangeSensor: CAWARENESS: activityPaused componentName = ComponentInfo{com.reddit.frontpage/com.google.android.gms.auth.api.signin.internal.SignInHubActivity}
2022-10-06 11:10:34.127 3028-25901/? E/AppLifeChangeSensor: CAWARENESS: activityPaused mAppLifeChangeCallback is null 
2022-10-06 11:10:34.127 24792-19744/? I/HiAdKit.DC.PaymentPageSwitchEvent:  switch is off
2022-10-06 11:10:34.128 16075-19028/? D/SurfaceUtils: connecting to surface 0x75242a9010, reason connectToSurface
2022-10-06 11:10:34.128 16075-19028/? I/MediaCodec: [OMX.hisi.video.decoder.avc] setting surface generation to 16460863
2022-10-06 11:10:34.128 16075-19028/? D/SurfaceUtils: disconnecting from surface 0x75242a9010, reason connectToSurface(reconnect)
2022-10-06 11:10:34.128 16075-19028/? D/SurfaceUtils: connecting to surface 0x75242a9010, reason connectToSurface(reconnect)
2022-10-06 11:10:34.128 896-26485/? W/VDEC: VIDEO-[get_extension_index]:[4994] OMX.google.android.index.AndroidNativeBufferConsumerUsage not implemented
2022-10-06 11:10:34.129 16075-19029/? D/SurfaceUtils: disconnecting from surface 0x75242a9010, reason setNativeWindowSizeFormatAndUsage
2022-10-06 11:10:34.129 16075-19029/? D/SurfaceUtils: connecting to surface 0x75242a9010, reason setNativeWindowSizeFormatAndUsage
2022-10-06 11:10:34.129 16075-19029/? D/SurfaceUtils: set up nativeWindow 0x75242a9010 for 416x720, color 0x30d, rotation 0, usage 0x2900
2022-10-06 11:10:34.129 16075-19028/? D/SurfaceUtils: disconnecting from surface 0x74f1f78010, reason disconnectFromSurface
2022-10-06 11:10:34.132 16075-16075/? W/GooglePlayServicesUtil: com.reddit.frontpage requires Google Play services, but their signature is invalid.
2022-10-06 11:10:34.134 1339-1547/? W/SecurityProfileService: Activity life state callback extras get package null!
2022-10-06 11:10:34.134 16075-16075/? D/DecorView: showOrHideHighlightView: hasFocus=true; winMode=1; isMrgNull=true
2022-10-06 11:10:34.134 1339-1547/? I/HwAudioServiceEx: ComponentInfo : className = com.reddit.frontpage.main.MainActivity, flag=onResume, isHomeActivity=, isTop=true
2022-10-06 11:10:34.134 1339-1919/? I/HwAudioServiceEx: sendAppKilledIntentForKit, isKitPackageOnPause = false, isKitPackageKill = false, isKitPackageOnResume = false
2022-10-06 11:10:34.135 2005-2649/? D/DollieActivityManagerAdapter: [Resumed] bg:false pid:16075 uid:10317 ComponentInfo{com.reddit.frontpage/com.reddit.frontpage.main.MainActivity}
2022-10-06 11:10:34.135 2005-2649/? E/DollieAdapterService: notifyActivityState pkg:com.reddit.frontpage/com.reddit.frontpage.main.MainActivity state:2 fg:true mUid:10317
2022-10-06 11:10:34.135 2005-2649/? I/OllieMsgCenter: handleMessage msg.what:2130771985moduleName:Ollie Aware::eventName:EVENT_OLLIE_ACTIVITY_CHANGED arg1:0 arg2:0 obj:com.huawei.systemserver.booster.ollie.common.schedule.AwareProxy$ActivityUidInfo@1e02d8e
2022-10-06 11:10:34.135 2005-2649/? D/ForegroundDataOpt: is APK changed:false uid:10317 mBgLimitLevel:0
2022-10-06 11:10:34.136 3028-25901/? I/AppLifeChangeSensor: CAWARENESS: activityResumed componentName = ComponentInfo{com.reddit.frontpage/com.reddit.frontpage.main.MainActivity}
2022-10-06 11:10:34.136 3028-25901/? E/AppLifeChangeSensor: CAWARENESS: activityResumed mAppLifeChangeCallback is null 
2022-10-06 11:10:34.136 24792-19758/? I/HiAdKit.DC.PageSwitchEvent:  switch is off
2022-10-06 11:10:34.136 24792-19758/? I/HiAdKit.DC.PaymentPageSwitchEvent:  switch is off
2022-10-06 11:10:34.140 1339-8026/? I/DebugKeepScreenOn: setHoldScreenLocked newHoldScreen:Session{1d2bfb4 16075:u0a10317} currentHoldScreen:null wakeLockState:false
2022-10-06 11:10:34.140 1339-8026/? I/DebugKeepScreenOn: Acquiring screen wakelock due to Window{757aaee u0 com.reddit.frontpage/com.reddit.frontpage.main.MainActivity}
2022-10-06 11:10:34.157 1339-2141/? I/DebugKeepScreenOn: setHoldScreenLocked newHoldScreen:null currentHoldScreen:Session{1d2bfb4 16075:u0a10317} wakeLockState:true
2022-10-06 11:10:34.157 1339-2141/? I/DebugKeepScreenOn: Releasing screen wakelock, obscured by Window{757aaee u0 com.reddit.frontpage/com.reddit.frontpage.main.MainActivity}
2022-10-06 11:10:34.177 16075-16075/? D/ActivityThread: Remove activity client record, r= ActivityRecord{7d03b01 token=android.os.BinderProxy@8384ef7 {com.reddit.frontpage/com.google.android.gms.auth.api.signin.internal.SignInHubActivity}} token= android.os.BinderProxy@8384ef7
2022-10-06 11:10:34.190 794-794/? I/aptouch_daemon: filter_touch_detect, down, in: 1, out: 1
2022-10-06 11:10:34.191 1339-1854/? I/HwFingersSnapshooter: handleMotionEvent first finger(0) touch down at (467.56708,1544.3314)
2022-10-06 11:10:34.203 896-19033/? I/VDEC: [ChannelEmptyThisStreamProcessEos] : [1524] ChannelEmptyThisStreamProcessEos receive EOS flag
2022-10-06 11:10:34.203 896-19033/? I/VDEC: [ChannelEmptyThisStreamProcessEos] : [1547] ChannelEmptyThisStreamProcessEos, receive an empty buffer, close this channel, return immediately
2022-10-06 11:10:34.207 1339-1937/? I/DebugKeepScreenOn: setHoldScreenLocked newHoldScreen:Session{1d2bfb4 16075:u0a10317} currentHoldScreen:null wakeLockState:false
2022-10-06 11:10:34.207 1339-1937/? I/DebugKeepScreenOn: Acquiring screen wakelock due to Window{757aaee u0 com.reddit.frontpage/com.reddit.frontpage.main.MainActivity}
2022-10-06 11:10:34.208 896-19035/? I/VDEC: [ProcessGetStream] : [909] Decoder get eos packet
2022-10-06 11:10:34.221 17362-18402/? D/HwRecentsTaskUtils: refreshToCache
2022-10-06 11:10:34.221 17362-18402/? D/HwRecentsTaskUtils: searchFromDate
2022-10-06 11:10:34.226 2005-27038/? E/HsmCoreServiceImpl: onTransact in code is: 103
2022-10-06 11:10:34.226 2005-27038/? I/MediaProcessHandler: playingUids: 
2022-10-06 11:10:34.227 17362-18402/? I/HwLauncher: RecentTasksList  loadTasksInBackground:3 numTasks:3 currentUserId:0
2022-10-06 11:10:34.245 896-19037/? I/VDEC: [HandleEventLastFrame] : [187] Get Last Frame Report
2022-10-06 11:10:34.246 896-19039/? D/VDEC: VIDEO-[OnMsgOutputDone]:[1936] --------- EOS ---------
2022-10-06 11:10:34.254 794-794/? I/aptouch_daemon: filter_touch_detect, all_touch_up
2022-10-06 11:10:34.258 1339-1854/? I/HwFingersSnapshooter: handleMotionEvent last finger(0) up.
2022-10-06 11:10:34.278 16075-18354/? W/GooglePlayServicesUtil: com.reddit.frontpage requires Google Play services, but their signature is invalid.
2022-10-06 11:10:34.278 16075-18354/? W/GoogleApiManager: The service for od.i is not available: b{statusCode=SERVICE_INVALID, resolution=null, message=null}
2022-10-06 11:10:34.290 1339-1937/? I/DebugKeepScreenOn: setHoldScreenLocked newHoldScreen:null currentHoldScreen:Session{1d2bfb4 16075:u0a10317} wakeLockState:true
2022-10-06 11:10:34.290 1339-1937/? I/DebugKeepScreenOn: Releasing screen wakelock, obscured by Window{757aaee u0 com.reddit.frontpage/com.reddit.frontpage.main.MainActivity}
2022-10-06 11:10:34.308 1339-2141/? I/ActivityTaskManager: START u0 {act=com.google.android.gms.auth.NO_IMPL hwFlg=0x10 pkg=com.reddit.frontpage cmp=com.reddit.frontpage/com.google.android.gms.auth.api.signin.internal.SignInHubActivity (has extras)} from uid 10317
2022-10-06 11:10:34.308 900-929/? D/AwareLog: iawared: pause rcc and gpu compress
2022-10-06 11:10:34.309 1339-2141/? I/ActivityTaskManager: ActivityRecord info: ActivityInfo{ddf8671 com.google.android.gms.auth.api.signin.internal.SignInHubActivity}
2022-10-06 11:10:34.309 1339-2141/? D/ActivityTaskManager: TaskLaunchParamsModifier:task=null activity=ActivityRecord{d4078ff u0 com.reddit.frontpage/com.google.android.gms.auth.api.signin.internal.SignInHubActivity t-1} display-from-source=0 display-id=0 display-windowing-mode=1
2022-10-06 11:10:34.310 1339-2141/? D/ActivityTaskManager: TaskLaunchParamsModifier:task=null activity=ActivityRecord{d4078ff u0 com.reddit.frontpage/com.google.android.gms.auth.api.signin.internal.SignInHubActivity t-1} display-from-source=0 display-id=0 display-windowing-mode=1 activity-options-fullscreen=Rect(0, 0 - 0, 0) non-freeform-display maximized-bounds
2022-10-06 11:10:34.320 16075-19028/? D/SurfaceUtils: connecting to surface 0x74f1f78010, reason connectToSurface
2022-10-06 11:10:34.320 16075-19028/? I/MediaCodec: [OMX.hisi.video.decoder.avc] setting surface generation to 16460864
2022-10-06 11:10:34.320 16075-19028/? D/SurfaceUtils: disconnecting from surface 0x74f1f78010, reason connectToSurface(reconnect)
2022-10-06 11:10:34.320 16075-19028/? D/SurfaceUtils: connecting to surface 0x74f1f78010, reason connectToSurface(reconnect)
2022-10-06 11:10:34.321 896-6724/? W/VDEC: VIDEO-[get_extension_index]:[4994] OMX.google.android.index.AndroidNativeBufferConsumerUsage not implemented
2022-10-06 11:10:34.322 16075-19029/? D/SurfaceUtils: disconnecting from surface 0x74f1f78010, reason setNativeWindowSizeFormatAndUsage
2022-10-06 11:10:34.322 16075-19029/? D/SurfaceUtils: connecting to surface 0x74f1f78010, reason setNativeWindowSizeFormatAndUsage
2022-10-06 11:10:34.322 16075-19029/? D/SurfaceUtils: set up nativeWindow 0x74f1f78010 for 416x720, color 0x30d, rotation 0, usage 0x2900
2022-10-06 11:10:34.322 16075-19028/? D/SurfaceUtils: disconnecting from surface 0x75242a9010, reason disconnectFromSurface
2022-10-06 11:10:34.325 1339-1937/? I/ActivityTaskManager: Making visible and scheduling visibility: ActivityRecord{d4078ff u0 com.reddit.frontpage/com.google.android.gms.auth.api.signin.internal.SignInHubActivity t1798}
2022-10-06 11:10:34.328 1339-1937/? I/WindowManager: Changing focus from Window{757aaee u0 com.reddit.frontpage/com.reddit.frontpage.main.MainActivity} to null displayId=0 Callers=com.android.server.wm.RootWindowContainer.updateFocusedWindowLocked:201 com.android.server.wm.WindowManagerService.updateFocusedWindowLocked:6188 com.android.server.wm.ActivityDisplay.setFocusedApp:1497 com.android.server.wm.ActivityTaskManagerService.setResumedActivityUncheckLocked:6176 
2022-10-06 11:10:34.328 1339-1937/? E/: [ZeroHung]zrhung_get_config: Get config failed for wp[0x0110]
2022-10-06 11:10:34.328 1339-1937/? D/ZrHung.AppEyeFocusWindow: FocusWindowErrorScene CheckFreezeScreen
2022-10-06 11:10:34.328 1339-1937/? D/ZrHung.AppEyeTransparentWindow: TransparentWindow cancelCheckFreezeScreen
2022-10-06 11:10:34.330 1339-1937/? I/WindowManager: Checking 1 opening apps (frozen=false timeout=false)...
2022-10-06 11:10:34.330 1339-1937/? I/WindowManager: Check opening app=AppWindowToken{b751d15 token=Token{d8b66cc ActivityRecord{d4078ff u0 com.reddit.frontpage/com.google.android.gms.auth.api.signin.internal.SignInHubActivity t1798}}}: allDrawn=false startingDisplayed=false startingMoved=false isRelaunching()=false startingWindow=null
2022-10-06 11:10:34.332 1339-1547/? W/SecurityProfileService: Activity life state callback extras get package null!
2022-10-06 11:10:34.332 1339-1547/? I/HwAudioServiceEx: ComponentInfo : className = com.reddit.frontpage.main.MainActivity, flag=onPause, isHomeActivity=, isTop=false
2022-10-06 11:10:34.332 1339-1919/? I/HwAudioServiceEx: sendAppKilledIntentForKit, isKitPackageOnPause = false, isKitPackageKill = false, isKitPackageOnResume = false
2022-10-06 11:10:34.332 3028-25901/? I/AppLifeChangeSensor: CAWARENESS: activityPaused componentName = ComponentInfo{com.reddit.frontpage/com.reddit.frontpage.main.MainActivity}
2022-10-06 11:10:34.332 3028-25901/? E/AppLifeChangeSensor: CAWARENESS: activityPaused mAppLifeChangeCallback is null 
2022-10-06 11:10:34.333 2005-2649/? D/DollieActivityManagerAdapter: [Paused] pid:16075 uid:10317 ComponentInfo{com.reddit.frontpage/com.reddit.frontpage.main.MainActivity} uidState:2
2022-10-06 11:10:34.333 24792-19886/? I/HiAdKit.DC.PageSwitchEvent:  switch is off
2022-10-06 11:10:34.333 24792-19886/? I/HiAdKit.DC.PaymentPageSwitchEvent:  switch is off
2022-10-06 11:10:34.334 1339-8026/? I/WindowManager: Checking 1 opening apps (frozen=false timeout=false)...
2022-10-06 11:10:34.334 1339-8026/? I/WindowManager: Check opening app=AppWindowToken{b751d15 token=Token{d8b66cc ActivityRecord{d4078ff u0 com.reddit.frontpage/com.google.android.gms.auth.api.signin.internal.SignInHubActivity t1798}}}: allDrawn=false startingDisplayed=false startingMoved=false isRelaunching()=false startingWindow=null
2022-10-06 11:10:34.338 16075-16075/? I/HwViewRootImpl: removeInvalidNode all the node in jank list is out of time
2022-10-06 11:10:34.338 1339-8026/? D/HwConnectivityServiceEx: set 10130 wlan0 value false
2022-10-06 11:10:34.338 16075-16075/? W/ActivityThread: handleWindowVisibility: no activity for token android.os.BinderProxy@1e02d8e
2022-10-06 11:10:34.345 16075-16075/? I/DecorView[]:  old windowMode:0 new windoMode:1
2022-10-06 11:10:34.345 16075-16075/? D/ActivityThread: add activity client record, r= ActivityRecord{2ef89c0 token=android.os.BinderProxy@1e02d8e {com.reddit.frontpage/com.google.android.gms.auth.api.signin.internal.SignInHubActivity}} token= android.os.BinderProxy@1e02d8e
2022-10-06 11:10:34.346 16075-16075/? D/ActivityThread: Won't deliver top position change in state=1
2022-10-06 11:10:34.346 1339-1547/? W/SecurityProfileService: Activity life state callback extras get package null!
2022-10-06 11:10:34.346 16075-16075/? D/DecorView: showOrHideHighlightView: hasFocus=false; winMode=1; isMrgNull=true
2022-10-06 11:10:34.346 1339-1547/? I/HwAudioServiceEx: ComponentInfo : className = com.google.android.gms.auth.api.signin.internal.SignInHubActivity, flag=onResume, isHomeActivity=, isTop=true
2022-10-06 11:10:34.347 1339-1919/? I/HwAudioServiceEx: sendAppKilledIntentForKit, isKitPackageOnPause = false, isKitPackageKill = false, isKitPackageOnResume = false
2022-10-06 11:10:34.347 3028-25901/? I/AppLifeChangeSensor: CAWARENESS: activityResumed componentName = ComponentInfo{com.reddit.frontpage/com.google.android.gms.auth.api.signin.internal.SignInHubActivity}
2022-10-06 11:10:34.347 2005-2649/? D/DollieActivityManagerAdapter: [Resumed] bg:false pid:16075 uid:10317 ComponentInfo{com.reddit.frontpage/com.google.android.gms.auth.api.signin.internal.SignInHubActivity}
2022-10-06 11:10:34.347 3028-25901/? E/AppLifeChangeSensor: CAWARENESS: activityResumed mAppLifeChangeCallback is null 
2022-10-06 11:10:34.347 2005-2649/? E/DollieAdapterService: notifyActivityState pkg:com.reddit.frontpage/com.google.android.gms.auth.api.signin.internal.SignInHubActivity state:2 fg:true mUid:10317
2022-10-06 11:10:34.347 2005-2649/? I/OllieMsgCenter: handleMessage msg.what:2130771985moduleName:Ollie Aware::eventName:EVENT_OLLIE_ACTIVITY_CHANGED arg1:0 arg2:0 obj:com.huawei.systemserver.booster.ollie.common.schedule.AwareProxy$ActivityUidInfo@428d9af
2022-10-06 11:10:34.347 2005-2649/? D/ForegroundDataOpt: is APK changed:false uid:10317 mBgLimitLevel:0
2022-10-06 11:10:34.348 24792-19744/? I/HiAdKit.DC.PageSwitchEvent:  switch is off
2022-10-06 11:10:34.348 24792-19744/? I/HiAdKit.DC.PaymentPageSwitchEvent:  switch is off
2022-10-06 11:10:34.349 16075-16075/? D/ActivityThread: Won't deliver top position change in state=1
2022-10-06 11:10:34.350 1339-2141/? I/WindowManager: Changing focus from null to Window{757aaee u0 com.reddit.frontpage/com.reddit.frontpage.main.MainActivity} displayId=0 Callers=com.android.server.wm.RootWindowContainer.updateFocusedWindowLocked:201 com.android.server.wm.WindowManagerService.updateFocusedWindowLocked:6188 com.android.server.wm.ActivityDisplay.setFocusedApp:1497 com.android.server.wm.ActivityTaskManagerService.setResumedActivityUncheckLocked:6176 
2022-10-06 11:10:34.351 1339-2141/? D/ZrHung.AppEyeFocusWindow: FocusWindowErrorScene cancelCheckFreezeScreen
2022-10-06 11:10:34.351 1339-2141/? E/: [ZeroHung]zrhung_get_config: Get config failed for wp[0x0111]
2022-10-06 11:10:34.351 1339-2141/? D/ZrHung.AppEyeTransparentWindow: TransparentWindow mHungConfigStatus = -1,mHungConfigEnable = null
2022-10-06 11:10:34.354 1339-2141/? I/WindowManager: Checking 1 opening apps (frozen=false timeout=false)...
2022-10-06 11:10:34.354 1339-2141/? I/WindowManager: Check opening app=AppWindowToken{9956bdb token=Token{9b03cea ActivityRecord{8047cd5 u0 com.reddit.frontpage/.main.MainActivity t1798}}}: allDrawn=true startingDisplayed=false startingMoved=false isRelaunching()=false startingWindow=null
2022-10-06 11:10:34.354 1339-2141/? I/WindowManager: Checking 0 opening apps (frozen=false timeout=false)...
2022-10-06 11:10:34.354 1339-2141/? I/HwWindowManagerServiceEx: closing apps count = 1
2022-10-06 11:10:34.357 1339-1547/? W/SecurityProfileService: Activity life state callback extras get package null!
2022-10-06 11:10:34.357 16075-16075/? D/ActivityThread: Won't deliver top position change in state=4
2022-10-06 11:10:34.357 1339-1547/? I/HwAudioServiceEx: ComponentInfo : className = com.google.android.gms.auth.api.signin.internal.SignInHubActivity, flag=onPause, isHomeActivity=, isTop=false
2022-10-06 11:10:34.358 1339-1919/? I/HwAudioServiceEx: sendAppKilledIntentForKit, isKitPackageOnPause = false, isKitPackageKill = false, isKitPackageOnResume = false
2022-10-06 11:10:34.358 2005-2649/? D/DollieActivityManagerAdapter: [Paused] pid:16075 uid:10317 ComponentInfo{com.reddit.frontpage/com.google.android.gms.auth.api.signin.internal.SignInHubActivity} uidState:2
2022-10-06 11:10:34.358 3028-25901/? I/AppLifeChangeSensor: CAWARENESS: activityPaused componentName = ComponentInfo{com.reddit.frontpage/com.google.android.gms.auth.api.signin.internal.SignInHubActivity}
2022-10-06 11:10:34.358 3028-25901/? E/AppLifeChangeSensor: CAWARENESS: activityPaused mAppLifeChangeCallback is null 
2022-10-06 11:10:34.359 24792-19758/? I/HiAdKit.DC.PageSwitchEvent:  switch is off
2022-10-06 11:10:34.359 24792-19758/? I/HiAdKit.DC.PaymentPageSwitchEvent:  switch is off
2022-10-06 11:10:34.359 16075-19028/? D/SurfaceUtils: connecting to surface 0x75242a9010, reason connectToSurface
2022-10-06 11:10:34.360 16075-19028/? I/MediaCodec: [OMX.hisi.video.decoder.avc] setting surface generation to 16460865
2022-10-06 11:10:34.360 16075-19028/? D/SurfaceUtils: disconnecting from surface 0x75242a9010, reason connectToSurface(reconnect)
2022-10-06 11:10:34.361 16075-19028/? D/SurfaceUtils: connecting to surface 0x75242a9010, reason connectToSurface(reconnect)
2022-10-06 11:10:34.362 896-8247/? W/VDEC: VIDEO-[get_extension_index]:[4994] OMX.google.android.index.AndroidNativeBufferConsumerUsage not implemented
2022-10-06 11:10:34.362 16075-16075/? W/GooglePlayServicesUtil: com.reddit.frontpage requires Google Play services, but their signature is invalid.
2022-10-06 11:10:34.363 16075-19029/? D/SurfaceUtils: disconnecting from surface 0x75242a9010, reason setNativeWindowSizeFormatAndUsage
2022-10-06 11:10:34.363 16075-19029/? D/SurfaceUtils: connecting to surface 0x75242a9010, reason setNativeWindowSizeFormatAndUsage
2022-10-06 11:10:34.363 16075-19029/? D/SurfaceUtils: set up nativeWindow 0x75242a9010 for 416x720, color 0x30d, rotation 0, usage 0x2900
2022-10-06 11:10:34.364 1339-1547/? W/SecurityProfileService: Activity life state callback extras get package null!
2022-10-06 11:10:34.364 16075-19028/? D/SurfaceUtils: disconnecting from surface 0x74f1f78010, reason disconnectFromSurface
2022-10-06 11:10:34.364 1339-1547/? I/HwAudioServiceEx: ComponentInfo : className = com.reddit.frontpage.main.MainActivity, flag=onResume, isHomeActivity=, isTop=true
2022-10-06 11:10:34.365 1339-1919/? I/HwAudioServiceEx: sendAppKilledIntentForKit, isKitPackageOnPause = false, isKitPackageKill = false, isKitPackageOnResume = false
2022-10-06 11:10:34.365 2005-2649/? D/DollieActivityManagerAdapter: [Resumed] bg:false pid:16075 uid:10317 ComponentInfo{com.reddit.frontpage/com.reddit.frontpage.main.MainActivity}
2022-10-06 11:10:34.365 2005-2649/? E/DollieAdapterService: notifyActivityState pkg:com.reddit.frontpage/com.reddit.frontpage.main.MainActivity state:2 fg:true mUid:10317
2022-10-06 11:10:34.365 2005-2649/? I/OllieMsgCenter: handleMessage msg.what:2130771985moduleName:Ollie Aware::eventName:EVENT_OLLIE_ACTIVITY_CHANGED arg1:0 arg2:0 obj:com.huawei.systemserver.booster.ollie.common.schedule.AwareProxy$ActivityUidInfo@41231bc
2022-10-06 11:10:34.365 2005-2649/? D/ForegroundDataOpt: is APK changed:false uid:10317 mBgLimitLevel:0
2022-10-06 11:10:34.365 3028-25901/? I/AppLifeChangeSensor: CAWARENESS: activityResumed componentName = ComponentInfo{com.reddit.frontpage/com.reddit.frontpage.main.MainActivity}
2022-10-06 11:10:34.365 3028-25901/? E/AppLifeChangeSensor: CAWARENESS: activityResumed mAppLifeChangeCallback is null 
2022-10-06 11:10:34.366 24792-19886/? I/HiAdKit.DC.PageSwitchEvent:  switch is off
2022-10-06 11:10:34.367 24792-19886/? I/HiAdKit.DC.PaymentPageSwitchEvent:  switch is off
2022-10-06 11:10:34.369 16075-16075/? D/DecorView: showOrHideHighlightView: hasFocus=true; winMode=1; isMrgNull=true
2022-10-06 11:10:34.369 896-19033/? I/VDEC: VIDEO-[SendCommandProxy]:[2792] Receive OMX_CommandFlush cmd
2022-10-06 11:10:34.370 896-19033/? D/VDEC: VIDEO-[HandleCommandFlush]:[2658] HandleCommandFlush, Command to flush port -1
2022-10-06 11:10:34.370 896-19039/? D/VDEC: VIDEO-[message_process]:[2050] Flush port 0 done.
2022-10-06 11:10:34.370 896-19039/? D/VDEC: VIDEO-[message_process]:[2057] Flush port 1 done.
2022-10-06 11:10:34.370 896-19033/? D/VDEC: VIDEO-[ReturnInBuffers]:[1370] return in buffers ok
2022-10-06 11:10:34.370 896-19033/? D/VDEC: VIDEO-[ReturnOutBuffers]:[1352] return out buffers ok
2022-10-06 11:10:34.371 16075-19043/? W/Codec2Client: query -- param skipped: index = 1342179345.
2022-10-06 11:10:34.371 16075-19043/? W/Codec2Client: query -- param skipped: index = 2415921170.
2022-10-06 11:10:34.371 16075-19043/? W/Codec2Client: query -- param skipped: index = 1610614798.
2022-10-06 11:10:34.380 16075-16075/? D/ActivityThread: Remove activity client record, r= ActivityRecord{2ef89c0 token=android.os.BinderProxy@1e02d8e {com.reddit.frontpage/com.google.android.gms.auth.api.signin.internal.SignInHubActivity}} token= android.os.BinderProxy@1e02d8e
2022-10-06 11:10:34.398 896-19037/? E/VDEC: [CheckFrameStore] : [1362] PRN_ERRORplfs(fs=0xefb45328, eFoState=1) is null, logic_fs_id = -1
2022-10-06 11:10:34.453 17362-18402/? D/HwRecentsTaskUtils: refreshToCache
2022-10-06 11:10:34.453 17362-18402/? D/HwRecentsTaskUtils: searchFromDate
2022-10-06 11:10:34.458 2005-27038/? E/HsmCoreServiceImpl: onTransact in code is: 103
2022-10-06 11:10:34.458 2005-27038/? I/MediaProcessHandler: playingUids: 
2022-10-06 11:10:34.459 17362-18402/? I/HwLauncher: RecentTasksList  loadTasksInBackground:3 numTasks:3 currentUserId:0
2022-10-06 11:10:34.486 25941-26318/? D/LogUtil_LogConfig: getLogFile(): logFilePath = /data/user/0/com.huawei.health/files/com.huawei.health/com.huawei.health_DaemonService/
2022-10-06 11:10:34.486 25941-26318/? D/LogUtil_LogConfig: acquireMaxLogFileLengthContainsOffset describe: com.huawei.health:DaemonService result:5242880
2022-10-06 11:10:34.589 896-19033/? I/VDEC: [ChannelEmptyThisStreamProcessEos] : [1524] ChannelEmptyThisStreamProcessEos receive EOS flag
2022-10-06 11:10:34.589 896-19033/? I/VDEC: [ChannelEmptyThisStreamProcessEos] : [1547] ChannelEmptyThisStreamProcessEos, receive an empty buffer, close this channel, return immediately
2022-10-06 11:10:34.589 1339-8566/? I/DebugKeepScreenOn: setHoldScreenLocked newHoldScreen:Session{1d2bfb4 16075:u0a10317} currentHoldScreen:null wakeLockState:false
2022-10-06 11:10:34.589 1339-8566/? I/DebugKeepScreenOn: Acquiring screen wakelock due to Window{757aaee u0 com.reddit.frontpage/com.reddit.frontpage.main.MainActivity}
2022-10-06 11:10:34.592 896-19035/? I/VDEC: [ProcessGetStream] : [909] Decoder get eos packet
2022-10-06 11:10:34.613 896-19037/? I/VDEC: [HandleEventLastFrame] : [187] Get Last Frame Report
2022-10-06 11:10:34.613 896-19039/? D/VDEC: VIDEO-[OnMsgOutputDone]:[1936] --------- EOS ---------
2022-10-06 11:10:34.623 1339-8566/? I/DebugKeepScreenOn: setHoldScreenLocked newHoldScreen:null currentHoldScreen:Session{1d2bfb4 16075:u0a10317} wakeLockState:true
2022-10-06 11:10:34.624 1339-8566/? I/DebugKeepScreenOn: Releasing screen wakelock, obscured by Window{757aaee u0 com.reddit.frontpage/com.reddit.frontpage.main.MainActivity}
2022-10-06 11:10:34.886 643-12201/? I/netd: trafficSwapActiveStatsMap() <11.64ms>
2022-10-06 11:10:35.055 719-719/? E/WifiHAL: enter wifi_get_link_stats
2022-10-06 11:10:35.063 1339-1892/? I/WificondControl: Noise: 0, Snr: -1, Chload: 54, rssi: -41, txBitrate: 72, rxBitrate: 65, frequency: 2462, UlDelay: -1, currentTxBytes: 44299358, currentTxPackets: 278317, currentTxFailed: 0, currentRxBytes: 618728899, currentRxPackets: 443076
2022-10-06 11:10:35.065 1339-1892/? I/TelephonyManager: getAllCellInfo calling app is android
2022-10-06 11:10:35.065 2224-2826/? W/PhoneInterfaceManager: shouldBlockLocation running ...
2022-10-06 11:10:35.065 2224-2826/? I/PhoneInterfaceManager: shouldBlockLocation  ret:false
2022-10-06 11:10:35.410 900-9849/? I/Pged-IPgedBinderService: ****action is 2, pid num is 21***
2022-10-06 11:10:35.410 900-9849/? I/Pged-Freezer: thawPids
2022-10-06 11:10:35.412 2223-2931/? D/PgedBinderAdapter: unF_Z ok, pid: [21055, 17614, 15311, 13584, 13578, 13576, 13216, 13212, 11637, 11154, 8467, 8423, 8389, 3079, 17607, 14093, 21845, 3743, 3106, 3108]
2022-10-06 11:10:35.469 1339-1937/? D/HwConnectivityServiceEx: set 10164 wlan0 value true
2022-10-06 11:10:35.469 1339-1937/? I/ConnectivityService: BLOCKED uid 10164
2022-10-06 11:10:35.908 53-53/? W/migration/7: type=1400 audit(0.0:2387060): avc: granted { setsched } for pid=53 scontext=u:r:kernel:s0 tcontext=u:r:kernel:s0 tclass=process
2022-10-06 11:10:35.908 47-47/? W/migration/6: type=1400 audit(0.0:2387061): avc: granted { setsched } for pid=47 scontext=u:r:kernel:s0 tcontext=u:r:kernel:s0 tclass=process
2022-10-06 11:10:36.348 47-47/? W/migration/6: type=1400 audit(0.0:2387062): avc: granted { setsched } for pid=47 scontext=u:r:kernel:s0 tcontext=u:r:kernel:s0 tclass=process
2022-10-06 11:10:36.360 30010-30010/? W/beacon-thread-1: type=1400 audit(0.0:2387063): avc: denied { search } for pid=30010 name="block" dev="sysfs" ino=34898 scontext=u:r:untrusted_app_27:s0:c130,c256,c512,c768 tcontext=u:object_r:sysfs_block:s0 tclass=dir permissive=0
2022-10-06 11:10:36.360 30010-30010/? W/beacon-thread-1: type=1400 audit(0.0:2387064): avc: denied { search } for pid=30010 name="block" dev="sysfs" ino=34898 scontext=u:r:untrusted_app_27:s0:c130,c256,c512,c768 tcontext=u:object_r:sysfs_block:s0 tclass=dir permissive=0
2022-10-06 11:10:36.435 30010-4064/? E/: [ZeroHung]zrhung_get_config: Get config failed for wp[0x0008]
2022-10-06 11:10:36.652 1339-1503/? I/AppEyeFwkBlock: do monitor
2022-10-06 11:10:36.865 643-1135/? W//system/bin/netd: A binder object at 0x7766293780 is being transacted on, however, this object is in the same process as its proxy. Transacting with this binder is expensive compared to just calling the corresponding functionality in the same process.
2022-10-06 11:10:36.865 643-1135/? I/PreDnsController: canPreDnsQuery,persist.sys.predns is false!
2022-10-06 11:10:36.868 1339-1339/? D/HwConnectivityManagerImpl: getNetworkPolicyFlag flagStr null
2022-10-06 11:10:36.906 643-12201/? I/netd: trafficSwapActiveStatsMap() <18.33ms>
2022-10-06 11:10:36.922 12233-13357/? I/FWK-BackOffDelayTimerTask: Run task returns: true, with delay: 60
2022-10-06 11:10:36.922 12233-13354/? I/FWK-BackOffDelayTimerTask: Run task returns: true, with delay: 60
2022-10-06 11:10:37.048 53-53/? W/migration/7: type=1400 audit(0.0:2387067): avc: granted { setsched } for pid=53 scontext=u:r:kernel:s0 tcontext=u:r:kernel:s0 tclass=process
2022-10-06 11:10:37.048 47-47/? W/migration/6: type=1400 audit(0.0:2387068): avc: granted { setsched } for pid=47 scontext=u:r:kernel:s0 tcontext=u:r:kernel:s0 tclass=process
2022-10-06 11:10:37.168 47-47/? I/chatty: uid=0(root) migration/6 identical 2 lines
2022-10-06 11:10:37.284 47-47/? W/migration/6: type=1400 audit(0.0:2387071): avc: granted { setsched } for pid=47 scontext=u:r:kernel:s0 tcontext=u:r:kernel:s0 tclass=process
2022-10-06 11:10:38.068 719-719/? E/WifiHAL: enter wifi_get_link_stats
2022-10-06 11:10:38.071 1339-1892/? I/WificondControl: Noise: 0, Snr: -1, Chload: 81, rssi: -41, txBitrate: 72, rxBitrate: 65, frequency: 2462, UlDelay: -1, currentTxBytes: 44321924, currentTxPackets: 278343, currentTxFailed: 0, currentRxBytes: 618734038, currentRxPackets: 443115
2022-10-06 11:10:38.078 1339-1892/? I/TelephonyManager: getAllCellInfo calling app is android
2022-10-06 11:10:38.079 2224-2826/? W/PhoneInterfaceManager: shouldBlockLocation running ...
2022-10-06 11:10:38.079 2224-2826/? I/PhoneInterfaceManager: shouldBlockLocation  ret:false
2022-10-06 11:10:38.336 1339-2141/? D/HwConnectivityServiceEx: set 10130 wlan0 value false
2022-10-06 11:10:38.340 47-47/? W/migration/6: type=1400 audit(0.0:2387079): avc: granted { setsched } for pid=47 scontext=u:r:kernel:s0 tcontext=u:r:kernel:s0 tclass=process
2022-10-06 11:10:38.360 30010-30010/? W/beacon-thread-3: type=1400 audit(0.0:2387080): avc: denied { search } for pid=30010 name="block" dev="sysfs" ino=34898 scontext=u:r:untrusted_app_27:s0:c130,c256,c512,c768 tcontext=u:object_r:sysfs_block:s0 tclass=dir permissive=0
2022-10-06 11:10:38.364 30010-30010/? I/chatty: uid=1036(auditd) com.apkpure.aegon identical 1 line
2022-10-06 11:10:38.364 30010-30010/? W/beacon-thread-3: type=1400 audit(0.0:2387082): avc: denied { search } for pid=30010 name="block" dev="sysfs" ino=34898 scontext=u:r:untrusted_app_27:s0:c130,c256,c512,c768 tcontext=u:object_r:sysfs_block:s0 tclass=dir permissive=0
2022-10-06 11:10:38.368 53-53/? W/migration/7: type=1400 audit(0.0:2387083): avc: granted { setsched } for pid=53 scontext=u:r:kernel:s0 tcontext=u:r:kernel:s0 tclass=process
2022-10-06 11:10:38.704 21055-19960/? I/NetworkKit_r0: NetworkKit_AIModel_Train_82|null|com.huawei.hms.network.embedded.r0|a|55|domainRelationModel update count:49
2022-10-06 11:10:38.737 21055-19960/? I/NetworkKit_HianalyticsHelper: NetworkKit_AIModel_Train_82|null|com.huawei.hms.framework.common.hianalytics.HianalyticsHelper|isEnableReportNoSeed|15|user experience involved needs to be opened
2022-10-06 11:10:38.922 13584-15318/? E/: [ZeroHung]zrhung_get_config: Get config failed for wp[0x0008]
2022-10-06 11:10:39.520 21055-21257/? E/: [ZeroHung]zrhung_get_config: Get config failed for wp[0x0008]
2022-10-06 11:10:39.644 47-47/? W/migration/6: type=1400 audit(0.0:2387090): avc: granted { setsched } for pid=47 scontext=u:r:kernel:s0 tcontext=u:r:kernel:s0 tclass=process
2022-10-06 11:10:39.668 53-53/? W/migration/7: type=1400 audit(0.0:2387091): avc: granted { setsched } for pid=53 scontext=u:r:kernel:s0 tcontext=u:r:kernel:s0 tclass=process
2022-10-06 11:10:39.768 53-53/? W/migration/7: type=1400 audit(0.0:2387092): avc: granted { setsched } for pid=53 scontext=u:r:kernel:s0 tcontext=u:r:kernel:s0 tclass=process
2022-10-06 11:10:39.768 47-47/? W/migration/6: type=1400 audit(0.0:2387093): avc: granted { setsched } for pid=47 scontext=u:r:kernel:s0 tcontext=u:r:kernel:s0 tclass=process
2022-10-06 11:10:40.336 47-47/? W/migration/6: type=1400 audit(0.0:2387094): avc: granted { setsched } for pid=47 scontext=u:r:kernel:s0 tcontext=u:r:kernel:s0 tclass=process
2022-10-06 11:10:40.336 1339-1937/? D/HwConnectivityServiceEx: set 10130 wlan0 value false
2022-10-06 11:10:40.390 1339-1596/? D/ZrHung.AppEyeTransparentWindow: handleMessage CHECK_TRANS_WINDOW_ERROR_MSG
2022-10-06 11:10:40.732 47-47/? W/migration/6: type=1400 audit(0.0:2387101): avc: granted { setsched } for pid=47 scontext=u:r:kernel:s0 tcontext=u:r:kernel:s0 tclass=process
2022-10-06 11:10:40.848 47-47/? W/migration/6: type=1400 audit(0.0:2387102): avc: granted { setsched } for pid=47 scontext=u:r:kernel:s0 tcontext=u:r:kernel:s0 tclass=process
2022-10-06 11:10:41.084 719-719/? E/WifiHAL: enter wifi_get_link_stats
2022-10-06 11:10:41.089 1339-1892/? I/WificondControl: Noise: 0, Snr: -1, Chload: 24, rssi: -42, txBitrate: 72, rxBitrate: 65, frequency: 2462, UlDelay: -1, currentTxBytes: 44321952, currentTxPackets: 278344, currentTxFailed: 0, currentRxBytes: 618734359, currentRxPackets: 443119
2022-10-06 11:10:41.100 1339-1892/? I/TelephonyManager: getAllCellInfo calling app is android
2022-10-06 11:10:41.102 2224-2826/? W/PhoneInterfaceManager: shouldBlockLocation running ...
2022-10-06 11:10:41.102 2224-2826/? I/PhoneInterfaceManager: shouldBlockLocation  ret:false
2022-10-06 11:10:41.702 17610-17610/? D/BoundBrokerSvc: onUnbind: Intent { act=com.google.android.gms.clearcut.service.START dat=chimera-action:com.google.android.gms.clearcut.service.START cmp=com.google.android.gms/.chimera.PersistentDirectBootAwareApiService }
2022-10-06 11:10:41.752 47-47/? W/migration/6: type=1400 audit(0.0:2387103): avc: granted { setsched } for pid=47 scontext=u:r:kernel:s0 tcontext=u:r:kernel:s0 tclass=process
2022-10-06 11:10:41.768 53-53/? W/migration/7: type=1400 audit(0.0:2387104): avc: granted { setsched } for pid=53 scontext=u:r:kernel:s0 tcontext=u:r:kernel:s0 tclass=process
2022-10-06 11:10:41.888 53-53/? W/migration/7: type=1400 audit(0.0:2387105): avc: granted { setsched } for pid=53 scontext=u:r:kernel:s0 tcontext=u:r:kernel:s0 tclass=process
2022-10-06 11:10:41.930 643-12201/? I/netd: trafficSwapActiveStatsMap() <16.86ms>
2022-10-06 11:10:41.942 908-954/? D/SensorHub: Get acc data -0.195951, -0.064347, 9.987882
2022-10-06 11:10:42.336 1339-8421/? D/HwConnectivityServiceEx: set 10130 wlan0 value false
2022-10-06 11:10:42.384 30010-30010/? W/beacon-thread-2: type=1400 audit(0.0:2387106): avc: denied { search } for pid=30010 name="block" dev="sysfs" ino=34898 scontext=u:r:untrusted_app_27:s0:c130,c256,c512,c768 tcontext=u:object_r:sysfs_block:s0 tclass=dir permissive=0
2022-10-06 11:10:42.384 30010-30010/? I/chatty: uid=1036(auditd) com.apkpure.aegon identical 1 line
2022-10-06 11:10:42.384 30010-30010/? W/beacon-thread-2: type=1400 audit(0.0:2387108): avc: denied { search } for pid=30010 name="block" dev="sysfs" ino=34898 scontext=u:r:untrusted_app_27:s0:c130,c256,c512,c768 tcontext=u:object_r:sysfs_block:s0 tclass=dir permissive=0
2022-10-06 11:10:42.408 53-53/? W/migration/7: type=1400 audit(0.0:2387109): avc: granted { setsched } for pid=53 scontext=u:r:kernel:s0 tcontext=u:r:kernel:s0 tclass=process
2022-10-06 11:10:42.588 53-53/? W/migration/7: type=1400 audit(0.0:2387110): avc: granted { setsched } for pid=53 scontext=u:r:kernel:s0 tcontext=u:r:kernel:s0 tclass=process
2022-10-06 11:10:42.652 1339-1503/? I/AppEyeFwkBlock: do monitor
2022-10-06 11:10:42.733 2005-2649/? I/SpeedTestNotifier: is low speed scene
2022-10-06 11:10:43.588 47-47/? W/migration/6: type=1400 audit(0.0:2387116): avc: granted { setsched } for pid=47 scontext=u:r:kernel:s0 tcontext=u:r:kernel:s0 tclass=process
2022-10-06 11:10:43.592 53-53/? W/migration/7: type=1400 audit(0.0:2387117): avc: granted { setsched } for pid=53 scontext=u:r:kernel:s0 tcontext=u:r:kernel:s0 tclass=process
2022-10-06 11:10:43.637 2190-2521/? I/HwNaturalBase: [CommonHandler]: 25123Kb ram is used.
2022-10-06 11:10:43.748 53-53/? W/migration/7: type=1400 audit(0.0:2387118): avc: granted { setsched } for pid=53 scontext=u:r:kernel:s0 tcontext=u:r:kernel:s0 tclass=process
2022-10-06 11:10:43.748 47-47/? W/migration/6: type=1400 audit(0.0:2387119): avc: granted { setsched } for pid=47 scontext=u:r:kernel:s0 tcontext=u:r:kernel:s0 tclass=process
2022-10-06 11:10:43.852 47-47/? W/migration/6: type=1400 audit(0.0:2387120): avc: granted { setsched } for pid=47 scontext=u:r:kernel:s0 tcontext=u:r:kernel:s0 tclass=process
2022-10-06 11:10:44.107 719-719/? E/WifiHAL: enter wifi_get_link_stats
2022-10-06 11:10:44.112 1339-1892/? I/WificondControl: Noise: 0, Snr: -1, Chload: 12, rssi: -41, txBitrate: 72, rxBitrate: 65, frequency: 2462, UlDelay: -1, currentTxBytes: 44321952, currentTxPackets: 278344, currentTxFailed: 0, currentRxBytes: 618734519, currentRxPackets: 443120
2022-10-06 11:10:44.120 1339-1892/? I/TelephonyManager: getAllCellInfo calling app is android
2022-10-06 11:10:44.121 2224-2826/? W/PhoneInterfaceManager: shouldBlockLocation running ...
2022-10-06 11:10:44.121 2224-2826/? I/PhoneInterfaceManager: shouldBlockLocation  ret:false
2022-10-06 11:10:44.258 794-794/? I/aptouch_daemon: filter_touch_detect, down, in: 1, out: 0
2022-10-06 11:10:44.337 1339-8421/? D/HwConnectivityServiceEx: set 10130 wlan0 value false
2022-10-06 11:10:44.338 1339-1854/? I/HwFingersSnapshooter: handleMotionEvent first finger(0) touch down at (1057.0212,1134.5089)
2022-10-06 11:10:44.340 1339-1849/? I/GestureNav_Back: defaultMode:
2022-10-06 11:10:44.347 1339-1849/? I/HwResolverManager: isMultiScreenCollaborationEnabled: Operate settings exception! 
2022-10-06 11:10:44.348 1339-1849/? I/HwResolverManager: isMultiScreenCollaborationEnabled: Operate settings exception! 
2022-10-06 11:10:44.432 1339-1849/? D/InputTransport: history resample interval is too short, cannot uses it to resample!!
2022-10-06 11:10:44.444 794-794/? I/aptouch_daemon: filter_touch_detect, all_touch_up
2022-10-06 11:10:44.445 1339-1854/? I/HwFingersSnapshooter: handleMotionEvent last finger(0) up.
2022-10-06 11:10:44.445 1339-1849/? I/GestureNav_Strategy: Gesture failed as up in region(maybe sliping in region)
2022-10-06 11:10:44.454 1339-1853/? I/chatty: uid=1000(system) InputDispatcher identical 2 lines
2022-10-06 11:10:44.461 794-794/? I/aptouch_daemon: filter_touch_detect, down, in: 1, out: 1
2022-10-06 11:10:44.462 1339-1854/? I/HwFingersSnapshooter: handleMotionEvent first finger(0) touch down at (67.937096,1006.5643)
2022-10-06 11:10:44.475 1339-1853/? I/chatty: uid=1000(system) InputDispatcher identical 2 lines
2022-10-06 11:10:44.482 16075-16075/? W/HiTouch_PressGestureDetector: Touch pointer move a lot. The moving distance of X is:472.03397, limit is:60The moving distance of Y is:19.921814, limit is:60
2022-10-06 11:10:44.518 1339-1853/? I/chatty: uid=1000(system) InputDispatcher identical 6 lines
2022-10-06 11:10:44.876 794-794/? I/aptouch_daemon: filter_touch_detect, all_touch_up
2022-10-06 11:10:44.877 1339-1854/? I/HwFingersSnapshooter: handleMotionEvent last finger(0) up.
2022-10-06 11:10:44.896 47-47/? W/migration/6: type=1400 audit(0.0:2387131): avc: granted { setsched } for pid=47 scontext=u:r:kernel:s0 tcontext=u:r:kernel:s0 tclass=process
2022-10-06 11:10:44.908 908-954/? D/SensorHub: huawei Hal get step event
2022-10-06 11:10:44.908 942-1850/? I/motion@1.0-service: motion-hal Motion::readEvents motionType: 11
2022-10-06 11:10:44.908 942-1850/? D/motion@1.0-service: motion-hal Motion::ReadHwStepCounter motionType == MOTIONHUB_TYPE_HW_STEP_COUNTER
2022-10-06 11:10:44.909 942-1850/? I/motion@1.0-service: motion-hal Motiontest::get stepcount!
2022-10-06 11:10:44.909 942-970/? I/motion@1.0-service: pollMotionResult g_pollResultReturn = 19
2022-10-06 11:10:44.910 1339-1851/? D/: HWExtMotionService Motioncallback ret_cb:19 , motion_cb:11 , length_cb:19
2022-10-06 11:10:44.910 1339-1851/? D/: HWExtMotionService valueSize:19 
2022-10-06 11:10:44.910 1339-1851/? D/: HWExtDeviceService getActiveConnections 
2022-10-06 11:10:44.910 1339-1851/? D/: HWExtDeviceService connSize:1 
2022-10-06 11:10:44.910 2005-27038/? D/: ALOGD: HWExtDeviceManager::notifyDeviceData  type: 1100 
2022-10-06 11:10:44.910 2005-27038/? D/: HWExtDeviceManager::notifyDeviceData handleEvent uniqueId : 110001
2022-10-06 11:10:44.910 942-1850/? D/motion@1.0-service: g_motionPollResultReady::unlock out
2022-10-06 11:10:44.910 942-1850/? I/motion@1.0-service: ActMotionCb motionClientVector.size = 0
2022-10-06 11:10:44.910 942-1850/? I/motion@1.0-service: ActMotionCb out
2022-10-06 11:10:44.911 2005-2005/? I/HWExtDeviceManager: trigger onDeviceDataChanged : mListener : com.huawei.systemserver.ihealth.manager.HwStepCounter$1@434ec3f,type : 1100
2022-10-06 11:10:44.911 2005-2005/? D/HwStepCounter: onDeviceDataChanged
2022-10-06 11:10:44.911 2005-2005/? W/HwStepCounter: version : 1
2022-10-06 11:10:44.911 2005-2005/? I/HwStepCounter: dealReportData tm: 2022-10-06 11:10:44 steps_value[0] : 0 state_value[0]:0 level_value[0]:0
2022-10-06 11:10:44.911 2005-3183/? D/HwStepCounter: ReportProxy client : 1
2022-10-06 11:10:44.912 2005-3182/? I/StepCounterRemoteStub: Report client count 1
2022-10-06 11:10:44.913 25941-24116/? I/R_Step_ExtendStepCounter: 1200107310|R|I|dataReport printTime != Consts.PRINT_ERROR_VALUE
2022-10-06 11:10:44.914 643-12201/? I/netd: trafficSwapActiveStatsMap() <15.28ms>
2022-10-06 11:10:44.928 53-53/? W/migration/7: type=1400 audit(0.0:2387132): avc: granted { setsched } for pid=53 scontext=u:r:kernel:s0 tcontext=u:r:kernel:s0 tclass=process
2022-10-06 11:10:45.028 53-53/? W/migration/7: type=1400 audit(0.0:2387133): avc: granted { setsched } for pid=53 scontext=u:r:kernel:s0 tcontext=u:r:kernel:s0 tclass=process
2022-10-06 11:10:45.028 47-47/? W/migration/6: type=1400 audit(0.0:2387134): avc: granted { setsched } for pid=47 scontext=u:r:kernel:s0 tcontext=u:r:kernel:s0 tclass=process
2022-10-06 11:10:45.338 942-1850/? I/motion@1.0-service: motion-hal Motion::readEvents motionType: 7
2022-10-06 11:10:45.338 942-1850/? I/motion@1.0-service: motion-hal Motion::readEvents motionType == MOTIONHUB_TYPE_ROTATION
2022-10-06 11:10:45.338 942-1850/? D/motion@1.0-service: motion-hal Motion::ReadMotionData motionResult->motion: 7
2022-10-06 11:10:45.338 942-1850/? D/motion@1.0-service: motion-hal Motion::ReadMotionData motionsData = 0: 1
2022-10-06 11:10:45.338 942-1850/? D/motion@1.0-service: motion-hal Motion::ReadMotionData motionsData = 1: 0
2022-10-06 11:10:45.338 942-970/? I/motion@1.0-service: pollMotionResult g_pollResultReturn = 2
2022-10-06 11:10:45.338 1339-1851/? D/: HWExtMotionService Motioncallback ret_cb:2 , motion_cb:7 , length_cb:2
2022-10-06 11:10:45.338 1339-1851/? D/: HWExtMotionService valueSize:2 
2022-10-06 11:10:45.338 1339-1851/? D/: HWExtDeviceService getActiveConnections 
2022-10-06 11:10:45.338 1339-1851/? D/: HWExtDeviceService connSize:1 
2022-10-06 11:10:45.338 1339-1851/? D/: ALOGD: HWExtDeviceManager::notifyDeviceData  type: 700 
2022-10-06 11:10:45.338 1339-1851/? D/: HWExtDeviceManager::notifyDeviceData handleEvent uniqueId : 70001
2022-10-06 11:10:45.339 1339-1493/? I/HWExtDeviceManager: trigger onDeviceDataChanged : mListener : com.android.server.policy.HWExtMotionRotationProcessorEx$1@688f9b,type : 700
2022-10-06 11:10:45.339 942-1850/? D/motion@1.0-service: g_motionPollResultReady::unlock out
2022-10-06 11:10:45.339 1339-1493/? I/HWEMRP: onDeviceDataChanged  proposedRotation:0
2022-10-06 11:10:45.339 942-1850/? I/motion@1.0-service: ActMotionCb motionClientVector.size = 0
2022-10-06 11:10:45.339 942-1850/? I/motion@1.0-service: ActMotionCb out
2022-10-06 11:10:45.339 1339-1493/? I/HWEMRP: onDeviceDataChanged  oldProposedRotation:-1
2022-10-06 11:10:45.339 1339-1493/? I/HWEMRP: notifyProposedRotation: 0
2022-10-06 11:10:45.348 47-47/? W/migration/6: type=1400 audit(0.0:2387135): avc: granted { setsched } for pid=47 scontext=u:r:kernel:s0 tcontext=u:r:kernel:s0 tclass=process
2022-10-06 11:10:45.407 942-1850/? I/motion@1.0-service: motion-hal Motion::readEvents motionType: 7
2022-10-06 11:10:45.407 942-1850/? I/motion@1.0-service: motion-hal Motion::readEvents motionType == MOTIONHUB_TYPE_ROTATION
2022-10-06 11:10:45.408 942-1850/? D/motion@1.0-service: motion-hal Motion::ReadMotionData motionResult->motion: 7
2022-10-06 11:10:45.408 942-1850/? D/motion@1.0-service: motion-hal Motion::ReadMotionData motionsData = 0: 1
2022-10-06 11:10:45.408 942-1850/? D/motion@1.0-service: motion-hal Motion::ReadMotionData motionsData = 1: -1
2022-10-06 11:10:45.408 942-942/? I/motion@1.0-service: pollMotionResult g_pollResultReturn = 2
2022-10-06 11:10:45.408 1339-1851/? D/: HWExtMotionService Motioncallback ret_cb:2 , motion_cb:7 , length_cb:2
2022-10-06 11:10:45.408 1339-1851/? D/: HWExtMotionService valueSize:2 
2022-10-06 11:10:45.408 1339-1851/? D/: HWExtDeviceService getActiveConnections 
2022-10-06 11:10:45.408 1339-1851/? D/: HWExtDeviceService connSize:1 
2022-10-06 11:10:45.408 1339-1851/? D/: ALOGD: HWExtDeviceManager::notifyDeviceData  type: 700 
2022-10-06 11:10:45.408 1339-1851/? D/: HWExtDeviceManager::notifyDeviceData handleEvent uniqueId : 70001
2022-10-06 11:10:45.408 1339-1493/? I/HWExtDeviceManager: trigger onDeviceDataChanged : mListener : com.android.server.policy.HWExtMotionRotationProcessorEx$1@688f9b,type : 700
2022-10-06 11:10:45.408 942-1850/? D/motion@1.0-service: g_motionPollResultReady::unlock out
2022-10-06 11:10:45.408 1339-1493/? I/HWEMRP: onDeviceDataChanged  proposedRotation:-1
2022-10-06 11:10:45.408 942-1850/? I/motion@1.0-service: ActMotionCb motionClientVector.size = 0
2022-10-06 11:10:45.408 942-1850/? I/motion@1.0-service: ActMotionCb out
2022-10-06 11:10:45.409 1339-1493/? I/HWEMRP: onDeviceDataChanged  oldProposedRotation:0
2022-10-06 11:10:45.936 47-47/? W/migration/6: type=1400 audit(0.0:2387137): avc: granted { setsched } for pid=47 scontext=u:r:kernel:s0 tcontext=u:r:kernel:s0 tclass=process
2022-10-06 11:10:45.940 53-53/? W/migration/7: type=1400 audit(0.0:2387138): avc: granted { setsched } for pid=53 scontext=u:r:kernel:s0 tcontext=u:r:kernel:s0 tclass=process
2022-10-06 11:10:46.068 53-53/? W/migration/7: type=1400 audit(0.0:2387139): avc: granted { setsched } for pid=53 scontext=u:r:kernel:s0 tcontext=u:r:kernel:s0 tclass=process
2022-10-06 11:10:46.068 47-47/? W/migration/6: type=1400 audit(0.0:2387140): avc: granted { setsched } for pid=47 scontext=u:r:kernel:s0 tcontext=u:r:kernel:s0 tclass=process
2022-10-06 11:10:46.340 47-47/? W/migration/6: type=1400 audit(0.0:2387141): avc: granted { setsched } for pid=47 scontext=u:r:kernel:s0 tcontext=u:r:kernel:s0 tclass=process
2022-10-06 11:10:46.966 643-12201/? I/netd: trafficSwapActiveStatsMap() <16.96ms>
2022-10-06 11:10:47.012 47-47/? W/migration/6: type=1400 audit(0.0:2387148): avc: granted { setsched } for pid=47 scontext=u:r:kernel:s0 tcontext=u:r:kernel:s0 tclass=process
2022-10-06 11:10:47.028 53-53/? W/migration/7: type=1400 audit(0.0:2387149): avc: granted { setsched } for pid=53 scontext=u:r:kernel:s0 tcontext=u:r:kernel:s0 tclass=process
2022-10-06 11:10:47.127 719-719/? E/WifiHAL: enter wifi_get_link_stats
2022-10-06 11:10:47.128 53-53/? W/migration/7: type=1400 audit(0.0:2387150): avc: granted { setsched } for pid=53 scontext=u:r:kernel:s0 tcontext=u:r:kernel:s0 tclass=process
2022-10-06 11:10:47.128 47-47/? W/migration/6: type=1400 audit(0.0:2387151): avc: granted { setsched } for pid=47 scontext=u:r:kernel:s0 tcontext=u:r:kernel:s0 tclass=process
2022-10-06 11:10:47.130 1339-1892/? I/WificondControl: Noise: 0, Snr: -1, Chload: 12, rssi: -48, txBitrate: 72, rxBitrate: 65, frequency: 2462, UlDelay: -1, currentTxBytes: 44321952, currentTxPackets: 278344, currentTxFailed: 0, currentRxBytes: 618735127, currentRxPackets: 443123
2022-10-06 11:10:47.138 1339-1892/? I/TelephonyManager: getAllCellInfo calling app is android
2022-10-06 11:10:47.139 2224-2826/? W/PhoneInterfaceManager: shouldBlockLocation running ...
2022-10-06 11:10:47.139 2224-2826/? I/PhoneInterfaceManager: shouldBlockLocation  ret:false
2022-10-06 11:10:47.437 942-1850/? I/motion@1.0-service: motion-hal Motion::readEvents motionType: 7
