2022-10-06 11:10:23.316 2005-2005/? I/HwStepCounter: dealReportData tm: 2022-10-06 11:10:22 steps_value[0] : 0 state_value[0]:5 level_value[0]:0
2022-10-06 11:10:23.316 2005-3183/? D/HwStepCounter: ReportProxy client : 1
2022-10-06 11:10:23.316 2005-3182/? I/StepCounterRemoteStub: Report client count 1
2022-10-06 11:10:23.317 25941-24116/? I/R_Step_ExtendStepCounter: 1200107310|R|I|dataReport printTime != Consts.PRINT_ERROR_VALUE
2022-10-06 11:10:23.618 1996-2460/? W/KG_FDT: FaceDTHandler proc messge 7
2022-10-06 11:10:23.618 1996-2460/? W/KG_FDT: unregisterSensor. face dectect finish
2022-10-06 11:10:23.618 1996-2460/? W/KG_FDT: stop dectect but already disconnected or already in state=0
2022-10-06 11:10:23.700 1339-1841/? I/ActivityManager: sendIntentSender target:PendingIntentRecord{7bf65bd com.gspace.android startService}, intent:flg=0x4 hwFlg=0x810
2022-10-06 11:10:23.722 1339-1841/? I/ActivityManager: sendIntentSender target:PendingIntentRecord{af5d177 com.gbox.android startService}, intent:flg=0x4 hwFlg=0x810
2022-10-06 11:10:23.744 47-47/? W/migration/6: type=1400 audit(0.0:2386990): avc: granted { setsched } for pid=47 scontext=u:r:kernel:s0 tcontext=u:r:kernel:s0 tclass=process
2022-10-06 11:10:23.745 1339-8566/? D/HwConnectivityServiceEx: set 10307 wlan0 value false
2022-10-06 11:10:23.746 16071-19931/? I/Authzen: [DeviceStateSyncManager] The server is in sync with current state. Nothing to do
2022-10-06 11:10:23.800 1339-2141/? D/HwConnectivityServiceEx: set 10309 wlan0 value false
2022-10-06 11:10:23.801 17614-19933/? I/Authzen: [DeviceStateSyncManager] The server is in sync with current state. Nothing to do
2022-10-06 11:10:23.890 15311-15311/? D/BoundBrokerSvc: onUnbind: Intent { act=com.google.android.gms.usagereporting.service.START dat=chimera-action:com.google.android.gms.usagereporting.service.START cmp=com.google.android.gms/.chimera.PersistentDirectBootAwareApiService }
2022-10-06 11:10:23.903 15311-15311/? D/BoundBrokerSvc: onUnbind: Intent { act=com.google.android.gms.gmscompliance.service.START dat=chimera-action:com.google.android.gms.gmscompliance.service.START cmp=com.google.android.gms/.chimera.PersistentBoundBrokerService }
2022-10-06 11:10:23.913 17614-17614/? D/BoundBrokerSvc: onUnbind: Intent { act=com.google.android.gms.auth.cryptauth.cryptauthservice.START dat=chimera-action:com.google.android.gms.auth.cryptauth.cryptauthservice.START cmp=com.google.android.gms/.chimera.GmsBoundBrokerService }
2022-10-06 11:10:24.002 896-19036/? I/VDEC: [SM_HalProcess] : [4502] PRN_ALWSSM_HalProcess, wait time out for scd runing
2022-10-06 11:10:24.030 896-19037/? I/VDEC: [VDM_HalProcess] : [1146] PRN_ALWSVDM_HalProcess, wait time out for G_VDMHWDONEEVENT
2022-10-06 11:10:24.068 53-53/? W/migration/7: type=1400 audit(0.0:2386992): avc: granted { setsched } for pid=53 scontext=u:r:kernel:s0 tcontext=u:r:kernel:s0 tclass=process
2022-10-06 11:10:24.068 47-47/? W/migration/6: type=1400 audit(0.0:2386993): avc: granted { setsched } for pid=47 scontext=u:r:kernel:s0 tcontext=u:r:kernel:s0 tclass=process
2022-10-06 11:10:24.336 1339-8421/? D/HwConnectivityServiceEx: set 10130 wlan0 value false
2022-10-06 11:10:24.372 47-47/? W/migration/6: type=1400 audit(0.0:2386994): avc: granted { setsched } for pid=47 scontext=u:r:kernel:s0 tcontext=u:r:kernel:s0 tclass=process
2022-10-06 11:10:24.376 30010-30010/? W/beacon-thread-1: type=1400 audit(0.0:2386995): avc: denied { search } for pid=30010 name="block" dev="sysfs" ino=34898 scontext=u:r:untrusted_app_27:s0:c130,c256,c512,c768 tcontext=u:object_r:sysfs_block:s0 tclass=dir permissive=0
2022-10-06 11:10:24.376 30010-30010/? W/beacon-thread-1: type=1400 audit(0.0:2386996): avc: denied { search } for pid=30010 name="block" dev="sysfs" ino=34898 scontext=u:r:untrusted_app_27:s0:c130,c256,c512,c768 tcontext=u:object_r:sysfs_block:s0 tclass=dir permissive=0
2022-10-06 11:10:24.492 1339-3420/? I/AppEyeSocketThread: connecting socket: ZRHungServer
2022-10-06 11:10:24.651 1339-1503/? I/AppEyeFwkBlock: do monitor
2022-10-06 11:10:24.862 643-12201/? I/netd: trafficSwapActiveStatsMap() <19.05ms>
2022-10-06 11:10:25.002 896-19036/? I/VDEC: [SM_HalProcess] : [4502] PRN_ALWSSM_HalProcess, wait time out for scd runing
2022-10-06 11:10:25.031 896-19037/? I/VDEC: [VDM_HalProcess] : [1146] PRN_ALWSVDM_HalProcess, wait time out for G_VDMHWDONEEVENT
2022-10-06 11:10:25.041 1339-1841/? W/AlarmManager: WAKEUP alarm trigger action = com.android.intent.action.HEARTBEAT_FIXER package name is: android tag: *walarm*:com.android.intent.action.HEARTBEAT_FIXER window:0 originWhen:7477500001 when:7477500001 maxWhen:7477500001
2022-10-06 11:10:25.042 1339-1841/? I/ActivityManager: sendIntentSender target:PendingIntentRecord{32b2210 android broadcastIntent}, intent:flg=0x4 hwFlg=0x810
2022-10-06 11:10:25.042 1339-1841/? W/ActivityManager: Sending non-protected broadcast com.android.intent.action.HEARTBEAT_FIXER from system uid 1000 pkg android
2022-10-06 11:10:25.044 1339-1339/? W/ContextImpl: Calling a method in the system process without a qualified user: android.app.ContextImpl.sendBroadcast:1144 com.android.server.GcmFixer.HeartbeatReceiver.onReceive:20 android.app.LoadedApk$ReceiverDispatcher$Args.lambda$getRunnable$0$LoadedApk$ReceiverDispatcher$Args:1631 android.app.-$$Lambda$LoadedApk$ReceiverDispatcher$Args$_BumDX2UKsnxLVrE6UJsJZkotuA.run:2 android.os.Handler.handleCallback:900 
2022-10-06 11:10:25.044 1339-1339/? W/ActivityManager: Sending non-protected broadcast com.google.android.intent.action.GTALK_HEARTBEAT from system 1339:system/1000 pkg android
2022-10-06 11:10:25.044 1339-1339/? W/ContextImpl: Calling a method in the system process without a qualified user: android.app.ContextImpl.sendBroadcast:1144 com.android.server.GcmFixer.HeartbeatReceiver.onReceive:21 android.app.LoadedApk$ReceiverDispatcher$Args.lambda$getRunnable$0$LoadedApk$ReceiverDispatcher$Args:1631 android.app.-$$Lambda$LoadedApk$ReceiverDispatcher$Args$_BumDX2UKsnxLVrE6UJsJZkotuA.run:2 android.os.Handler.handleCallback:900 
2022-10-06 11:10:25.045 1339-1339/? W/ActivityManager: Sending non-protected broadcast com.google.android.intent.action.MCS_HEARTBEAT from system 1339:system/1000 pkg android
2022-10-06 11:10:25.045 1339-1339/? I/HeartbeatReceiver: Sent heartbeat request...
2022-10-06 11:10:25.045 1339-1339/? I/GcmHeartBeatFixer: scheduleHeartbeatRequest, fromNetworkStateChange: false
2022-10-06 11:10:25.045 1339-1339/? D/HwConnectivityServiceEx: set 1000 wlan0 value false
2022-10-06 11:10:25.045 1339-1339/? I/GcmHeartBeatFixer: currentTime: 1665079825045 elapsedTime:7477500005 t_elapsedTime:7477800000 triggerAtMillis:1665080125040 diff:299995
2022-10-06 11:10:25.046 1339-1339/? I/GcmHeartBeatFixer: setNextHeartbeatRequest at: 2022-10-06 11:15:25
2022-10-06 11:10:25.188 47-47/? W/migration/6: type=1400 audit(0.0:2387002): avc: granted { setsched } for pid=47 scontext=u:r:kernel:s0 tcontext=u:r:kernel:s0 tclass=process
2022-10-06 11:10:25.460 1339-1841/? W/AlarmManager: WAKEUP alarm trigger action = com.huawei.push.alarm.HEARTBEAT package name is: android tag: *walarm*:com.huawei.push.alarm.HEARTBEAT window:0 originWhen:7477500420 when:7477500420 maxWhen:7477500420
2022-10-06 11:10:25.461 1339-1841/? I/ActivityManager: sendIntentSender target:PendingIntentRecord{e16619c android broadcastIntent}, intent:flg=0x4 hwFlg=0x810
2022-10-06 11:10:25.463 4443-4443/? I/PushLog110111302: [main-1]action is com.huawei.push.alarm.HEARTBEAT
2022-10-06 11:10:25.466 4443-4993/? I/PushLog110111302: [ReceiverDispatcher-69]com.huawei.push.alarm.HEARTBEAT alarm trigger, expectTriggerTime:0, current trigger time:1665079825466
2022-10-06 11:10:25.466 4443-4993/? I/PushLog110111302: [ReceiverDispatcher-69]heartbeatArrive
2022-10-06 11:10:25.466 4443-4993/? I/PushLog110111302: [ReceiverDispatcher-69]heartbeatArrive, send heart beat
2022-10-06 11:10:25.466 4443-4993/? I/PushLog110111302: [ReceiverDispatcher-69]enter AlarmTools:setExactAlarm(action:com.huawei.android.push.intent.HEARTBEAT_RSP_TIMEOUT interval:10000ms
2022-10-06 11:10:25.466 4443-4993/? I/PushLog110111302: [ReceiverDispatcher-69]setExactAlarm expectTriggerTime:1665079835466
2022-10-06 11:10:25.488 47-47/? W/migration/6: type=1400 audit(0.0:2387003): avc: granted { setsched } for pid=47 scontext=u:r:kernel:s0 tcontext=u:r:kernel:s0 tclass=process
2022-10-06 11:10:25.497 4443-4993/? I/PushLog110111302: [ReceiverDispatcher-69] get charging false
2022-10-06 11:10:25.497 4443-4993/? I/PushLog110111302: [ReceiverDispatcher-69]next Heartbeat timeout for push server is: 5 min , curHeartBeatInterval: 300000
2022-10-06 11:10:25.497 4443-4993/? I/PushLog110111302: [ReceiverDispatcher-69]send msg to server:0x46, subCmdId:0xFF
2022-10-06 11:10:25.498 4443-4993/? I/PushLog110111302: [ReceiverDispatcher-69]send msg to remote srv success
2022-10-06 11:10:25.499 4443-19938/? I/PushLog110111302: [IO-pool-thread-6835-31753]try to send exceed campaign msg to NC display
2022-10-06 11:10:25.502 4443-19938/? I/PushLog110111302: [IO-pool-thread-6835-31753]No exceed campaign msg to display
2022-10-06 11:10:25.608 47-47/? W/migration/6: type=1400 audit(0.0:2387004): avc: granted { setsched } for pid=47 scontext=u:r:kernel:s0 tcontext=u:r:kernel:s0 tclass=process
2022-10-06 11:10:25.890 4443-5445/? I/PushLog110111302: [SocketRead_07:55:25-83]enter cancelAlarm(Action=com.huawei.android.push.intent.RESPONSE_FAIL
2022-10-06 11:10:25.891 4443-5445/? I/PushLog110111302: [SocketRead_07:55:25-83]msg received from server:0x47, subCmdId:0xFF
2022-10-06 11:10:25.892 4443-5445/? I/PushLog110111302: [SocketRead_07:55:25-83]enter cancelAlarm(Action=com.huawei.android.push.intent.HEARTBEAT_RSP_TIMEOUT
2022-10-06 11:10:25.893 1339-8421/? I/AlarmManager: remove alarm:Alarm{98ee579 type 0 when 1665079835466 PendingIntent{ef4240: PendingIntentRecord{78e9b80 android broadcastIntent}}android procName com.huawei.android.pushagent.PushService} according to operation:58c2be
2022-10-06 11:10:25.901 4443-5445/? I/PushLog110111302: [SocketRead_07:55:25-83]enter adjustHeartBeat:(findHeartBeat:true,RspTimeOut:false,beatInterval:300000,bestHBSuccessCount:0,range:[180000,300000])
2022-10-06 11:10:25.901 4443-5445/? I/PushLog110111302: [SocketRead_07:55:25-83]judgeFindBestHB and isBestHBTimeOut: false, isOffset: false
2022-10-06 11:10:25.901 4443-5445/? I/PushLog110111302: [SocketRead_07:55:25-83] get charging false
2022-10-06 11:10:25.901 4443-5445/? I/PushLog110111302: [SocketRead_07:55:25-83]after delayHeartBeatReq, not charging, nextHeartBeatTime will be [300000,300000] ms later, heartBeatInterval is :300000
2022-10-06 11:10:25.902 4443-5445/? I/PushLog110111302: [SocketRead_07:55:25-83]adjust alarm, current is screen on or is charging, do not need to adjust.
2022-10-06 11:10:25.902 4443-5445/? I/PushLog110111302: [SocketRead_07:55:25-83]enter AlarmTools:setExactWindowAlarm(action:com.huawei.push.alarm.HEARTBEAT interval:300000ms,window:0
2022-10-06 11:10:25.907 4443-4993/? I/PushLog110111302: [ReceiverDispatcher-69]CmdReceivedProcessor: message CmdId from pushSrv:0x47, subCmdId:0xFF
2022-10-06 11:10:25.907 4443-4993/? I/PushLog110111302: [ReceiverDispatcher-69]enter AlarmTools:setInexactAlarm(action:com.huawei.action.push.intent.CHECK_CHANNEL_CYCLE interval:1200000ms
2022-10-06 11:10:25.909 1339-2141/? I/AlarmManager: remove alarm:Alarm{2e2cab1 type 1 when 1665081002545 PendingIntent{e434cc1: PendingIntentRecord{971050e android broadcastIntent}}android procName com.huawei.android.pushagent.PushService} according to operation:d146e3b
2022-10-06 11:10:25.991 719-719/? E/WifiHAL: enter wifi_get_link_stats
2022-10-06 11:10:25.995 1339-1892/? I/WificondControl: Noise: 0, Snr: -1, Chload: 21, rssi: -40, txBitrate: 72, rxBitrate: 65, frequency: 2462, UlDelay: -1, currentTxBytes: 44298053, currentTxPackets: 278310, currentTxFailed: 0, currentRxBytes: 618727917, currentRxPackets: 443070
2022-10-06 11:10:26.002 896-19036/? I/VDEC: [SM_HalProcess] : [4502] PRN_ALWSSM_HalProcess, wait time out for scd runing
2022-10-06 11:10:26.002 1339-1892/? I/TelephonyManager: getAllCellInfo calling app is android
2022-10-06 11:10:26.003 2224-2826/? W/PhoneInterfaceManager: shouldBlockLocation running ...
2022-10-06 11:10:26.003 2224-2826/? I/PhoneInterfaceManager: shouldBlockLocation  ret:false
2022-10-06 11:10:26.031 896-19037/? I/VDEC: [VDM_HalProcess] : [1146] PRN_ALWSVDM_HalProcess, wait time out for G_VDMHWDONEEVENT
2022-10-06 11:10:26.036 47-47/? W/migration/6: type=1400 audit(0.0:2387005): avc: granted { setsched } for pid=47 scontext=u:r:kernel:s0 tcontext=u:r:kernel:s0 tclass=process
2022-10-06 11:10:26.040 53-53/? W/migration/7: type=1400 audit(0.0:2387006): avc: granted { setsched } for pid=53 scontext=u:r:kernel:s0 tcontext=u:r:kernel:s0 tclass=process
2022-10-06 11:10:26.336 47-47/? W/migration/6: type=1400 audit(0.0:2387009): avc: granted { setsched } for pid=47 scontext=u:r:kernel:s0 tcontext=u:r:kernel:s0 tclass=process
2022-10-06 11:10:26.336 1339-8421/? D/HwConnectivityServiceEx: set 10130 wlan0 value false
2022-10-06 11:10:26.351 30010-4064/? E/: [ZeroHung]zrhung_get_config: Get config failed for wp[0x0008]
2022-10-06 11:10:26.368 53-53/? W/migration/7: type=1400 audit(0.0:2387010): avc: granted { setsched } for pid=53 scontext=u:r:kernel:s0 tcontext=u:r:kernel:s0 tclass=process
2022-10-06 11:10:26.368 30010-30010/? W/beacon-thread-2: type=1400 audit(0.0:2387011): avc: denied { search } for pid=30010 name="block" dev="sysfs" ino=34898 scontext=u:r:untrusted_app_27:s0:c130,c256,c512,c768 tcontext=u:object_r:sysfs_block:s0 tclass=dir permissive=0
2022-10-06 11:10:26.368 30010-30010/? I/chatty: uid=1036(auditd) com.apkpure.aegon identical 1 line
2022-10-06 11:10:26.368 30010-30010/? W/beacon-thread-2: type=1400 audit(0.0:2387013): avc: denied { search } for pid=30010 name="block" dev="sysfs" ino=34898 scontext=u:r:untrusted_app_27:s0:c130,c256,c512,c768 tcontext=u:object_r:sysfs_block:s0 tclass=dir permissive=0
2022-10-06 11:10:26.493 30010-4064/? I/m.apkpure.aego: Background young concurrent copying GC freed 478735(19MB) AllocSpace objects, 51(3076KB) LOS objects, 44% free, 25MB/45MB, paused 396us total 141.957ms
2022-10-06 11:10:26.544 16071-19707/? W/ChimeraConfigurator: Error syncing flags: woz: COMMIT_TIMEOUT
2022-10-06 11:10:26.546 16071-19707/? I/GmsDebugLogger: [79] COMMIT_TIMEOUT
2022-10-06 11:10:26.571 16071-19707/? I/GmsDebugLogger: [52] 
2022-10-06 11:10:26.578 16071-19707/? W/ChimeraConfigService: Retry attempt was throttled. [CONTEXT service_id=264 ]
2022-10-06 11:10:26.579 16071-19707/? I/GmsDebugLogger: [83] 1 [vision.ocr]
2022-10-06 11:10:26.586 16071-19706/? W/Vision: Request for optional module download of ocr failed. Request again.
2022-10-06 11:10:26.628 16071-19706/? I/Vision: Schedule retrying download ocr at 7477501588 with backoff 640 seconds
2022-10-06 11:10:26.668 1339-8421/? D/HwConnectivityServiceEx: set 10307 wlan0 value false
2022-10-06 11:10:26.846 643-12201/? I/netd: trafficSwapActiveStatsMap() <14.70ms>
2022-10-06 11:10:27.002 896-19036/? I/VDEC: [SM_HalProcess] : [4502] PRN_ALWSSM_HalProcess, wait time out for scd runing
2022-10-06 11:10:27.031 896-19037/? I/VDEC: [VDM_HalProcess] : [1146] PRN_ALWSVDM_HalProcess, wait time out for G_VDMHWDONEEVENT
2022-10-06 11:10:28.168 47-47/? W/migration/6: type=1400 audit(0.0:2387020): avc: granted { setsched } for pid=47 scontext=u:r:kernel:s0 tcontext=u:r:kernel:s0 tclass=process
2022-10-06 11:10:28.288 47-47/? I/chatty: uid=0(root) migration/6 identical 1 line
2022-10-06 11:10:28.336 47-47/? W/migration/6: type=1400 audit(0.0:2387022): avc: granted { setsched } for pid=47 scontext=u:r:kernel:s0 tcontext=u:r:kernel:s0 tclass=process
2022-10-06 11:10:28.336 1339-2141/? D/HwConnectivityServiceEx: set 10130 wlan0 value false
2022-10-06 11:10:28.360 30010-30010/? W/beacon-thread-2: type=1400 audit(0.0:2387023): avc: denied { search } for pid=30010 name="block" dev="sysfs" ino=34898 scontext=u:r:untrusted_app_27:s0:c130,c256,c512,c768 tcontext=u:object_r:sysfs_block:s0 tclass=dir permissive=0
2022-10-06 11:10:28.360 30010-30010/? W/beacon-thread-2: type=1400 audit(0.0:2387024): avc: denied { search } for pid=30010 name="block" dev="sysfs" ino=34898 scontext=u:r:untrusted_app_27:s0:c130,c256,c512,c768 tcontext=u:object_r:sysfs_block:s0 tclass=dir permissive=0
2022-10-06 11:10:29.008 719-719/? E/WifiHAL: enter wifi_get_link_stats
2022-10-06 11:10:29.017 1339-1892/? I/WificondControl: Noise: 0, Snr: -1, Chload: 54, rssi: -40, txBitrate: 72, rxBitrate: 65, frequency: 2462, UlDelay: -1, currentTxBytes: 44298597, currentTxPackets: 278314, currentTxFailed: 0, currentRxBytes: 618728213, currentRxPackets: 443072
2022-10-06 11:10:29.028 1339-1892/? I/TelephonyManager: getAllCellInfo calling app is android
2022-10-06 11:10:29.029 2224-2826/? W/PhoneInterfaceManager: shouldBlockLocation running ...
2022-10-06 11:10:29.029 2224-2826/? I/PhoneInterfaceManager: shouldBlockLocation  ret:false
2022-10-06 11:10:29.196 47-47/? W/migration/6: type=1400 audit(0.0:2387029): avc: granted { setsched } for pid=47 scontext=u:r:kernel:s0 tcontext=u:r:kernel:s0 tclass=process
2022-10-06 11:10:29.228 53-53/? W/migration/7: type=1400 audit(0.0:2387030): avc: granted { setsched } for pid=53 scontext=u:r:kernel:s0 tcontext=u:r:kernel:s0 tclass=process
2022-10-06 11:10:29.328 53-53/? W/migration/7: type=1400 audit(0.0:2387031): avc: granted { setsched } for pid=53 scontext=u:r:kernel:s0 tcontext=u:r:kernel:s0 tclass=process
2022-10-06 11:10:29.328 47-47/? W/migration/6: type=1400 audit(0.0:2387032): avc: granted { setsched } for pid=47 scontext=u:r:kernel:s0 tcontext=u:r:kernel:s0 tclass=process
2022-10-06 11:10:29.463 643-1135/? W//system/bin/netd: A binder object at 0x7766293780 is being transacted on, however, this object is in the same process as its proxy. Transacting with this binder is expensive compared to just calling the corresponding functionality in the same process.
2022-10-06 11:10:29.463 643-1135/? I/PreDnsController: canPreDnsQuery,persist.sys.predns is false!
2022-10-06 11:10:29.473 1339-1339/? D/HwConnectivityManagerImpl: getNetworkPolicyFlag flagStr null
2022-10-06 11:10:30.244 47-47/? W/migration/6: type=1400 audit(0.0:2387033): avc: granted { setsched } for pid=47 scontext=u:r:kernel:s0 tcontext=u:r:kernel:s0 tclass=process
2022-10-06 11:10:30.268 53-53/? W/migration/7: type=1400 audit(0.0:2387034): avc: granted { setsched } for pid=53 scontext=u:r:kernel:s0 tcontext=u:r:kernel:s0 tclass=process
2022-10-06 11:10:30.337 1339-8421/? D/HwConnectivityServiceEx: set 10130 wlan0 value false
2022-10-06 11:10:30.356 30010-30010/? W/beacon-thread-2: type=1400 audit(0.0:2387035): avc: denied { search } for pid=30010 name="block" dev="sysfs" ino=34898 scontext=u:r:untrusted_app_27:s0:c130,c256,c512,c768 tcontext=u:object_r:sysfs_block:s0 tclass=dir permissive=0
2022-10-06 11:10:30.356 30010-30010/? I/chatty: uid=1036(auditd) com.apkpure.aegon identical 1 line
2022-10-06 11:10:30.360 30010-30010/? W/beacon-thread-2: type=1400 audit(0.0:2387037): avc: denied { search } for pid=30010 name="block" dev="sysfs" ino=34898 scontext=u:r:untrusted_app_27:s0:c130,c256,c512,c768 tcontext=u:object_r:sysfs_block:s0 tclass=dir permissive=0
2022-10-06 11:10:30.548 53-53/? W/migration/7: type=1400 audit(0.0:2387038): avc: granted { setsched } for pid=53 scontext=u:r:kernel:s0 tcontext=u:r:kernel:s0 tclass=process
2022-10-06 11:10:30.652 1339-1503/? I/AppEyeFwkBlock: do monitor
2022-10-06 11:10:30.814 1339-2141/? I/AlarmManager: remove alarm:Alarm{677bb70 type 3 when 322837498725 PendingIntent{72fdc4b: PendingIntentRecord{181d628 com.gbox.android startService}}com.gbox.android procName com.gbox.android:p4} according to operation:4b71ee9
2022-10-06 11:10:31.328 47-47/? W/migration/6: type=1400 audit(0.0:2387040): avc: granted { setsched } for pid=47 scontext=u:r:kernel:s0 tcontext=u:r:kernel:s0 tclass=process
2022-10-06 11:10:31.360 53-53/? W/migration/7: type=1400 audit(0.0:2387041): avc: granted { setsched } for pid=53 scontext=u:r:kernel:s0 tcontext=u:r:kernel:s0 tclass=process
2022-10-06 11:10:31.468 53-53/? W/migration/7: type=1400 audit(0.0:2387042): avc: granted { setsched } for pid=53 scontext=u:r:kernel:s0 tcontext=u:r:kernel:s0 tclass=process
2022-10-06 11:10:31.468 47-47/? W/migration/6: type=1400 audit(0.0:2387043): avc: granted { setsched } for pid=47 scontext=u:r:kernel:s0 tcontext=u:r:kernel:s0 tclass=process
2022-10-06 11:10:31.875 643-12201/? I/netd: trafficSwapActiveStatsMap() <11.32ms>
2022-10-06 11:10:32.035 719-719/? E/WifiHAL: enter wifi_get_link_stats
2022-10-06 11:10:32.044 1339-1892/? I/WificondControl: Noise: 0, Snr: -1, Chload: 54, rssi: -40, txBitrate: 72, rxBitrate: 65, frequency: 2462, UlDelay: -1, currentTxBytes: 44298733, currentTxPackets: 278315, currentTxFailed: 0, currentRxBytes: 618728349, currentRxPackets: 443073
2022-10-06 11:10:32.050 1339-1892/? I/TelephonyManager: getAllCellInfo calling app is android
2022-10-06 11:10:32.051 2224-2826/? W/PhoneInterfaceManager: shouldBlockLocation running ...
2022-10-06 11:10:32.051 2224-2826/? I/PhoneInterfaceManager: shouldBlockLocation  ret:false
2022-10-06 11:10:32.336 47-47/? W/migration/6: type=1400 audit(0.0:2387044): avc: granted { setsched } for pid=47 scontext=u:r:kernel:s0 tcontext=u:r:kernel:s0 tclass=process
2022-10-06 11:10:32.336 1339-8421/? D/HwConnectivityServiceEx: set 10130 wlan0 value false
2022-10-06 11:10:32.364 30010-30010/? W/beacon-thread-2: type=1400 audit(0.0:2387045): avc: denied { search } for pid=30010 name="block" dev="sysfs" ino=34898 scontext=u:r:untrusted_app_27:s0:c130,c256,c512,c768 tcontext=u:object_r:sysfs_block:s0 tclass=dir permissive=0
2022-10-06 11:10:32.368 30010-30010/? I/chatty: uid=1036(auditd) com.apkpure.aegon identical 1 line
2022-10-06 11:10:32.368 30010-30010/? W/beacon-thread-2: type=1400 audit(0.0:2387047): avc: denied { search } for pid=30010 name="block" dev="sysfs" ino=34898 scontext=u:r:untrusted_app_27:s0:c130,c256,c512,c768 tcontext=u:object_r:sysfs_block:s0 tclass=dir permissive=0
2022-10-06 11:10:32.368 53-53/? W/migration/7: type=1400 audit(0.0:2387048): avc: granted { setsched } for pid=53 scontext=u:r:kernel:s0 tcontext=u:r:kernel:s0 tclass=process
2022-10-06 11:10:32.568 53-53/? W/migration/7: type=1400 audit(0.0:2387049): avc: granted { setsched } for pid=53 scontext=u:r:kernel:s0 tcontext=u:r:kernel:s0 tclass=process
2022-10-06 11:10:32.719 2005-2649/? I/SpeedTestNotifier: is low speed scene
2022-10-06 11:10:33.408 47-47/? W/migration/6: type=1400 audit(0.0:2387051): avc: granted { setsched } for pid=47 scontext=u:r:kernel:s0 tcontext=u:r:kernel:s0 tclass=process
2022-10-06 11:10:33.408 53-53/? W/migration/7: type=1400 audit(0.0:2387052): avc: granted { setsched } for pid=53 scontext=u:r:kernel:s0 tcontext=u:r:kernel:s0 tclass=process
2022-10-06 11:10:33.528 53-53/? W/migration/7: type=1400 audit(0.0:2387053): avc: granted { setsched } for pid=53 scontext=u:r:kernel:s0 tcontext=u:r:kernel:s0 tclass=process
2022-10-06 11:10:33.628 47-47/? W/migration/6: type=1400 audit(0.0:2387054): avc: granted { setsched } for pid=47 scontext=u:r:kernel:s0 tcontext=u:r:kernel:s0 tclass=process
2022-10-06 11:10:33.720 794-794/? I/aptouch_daemon: filter_touch_detect, down, in: 1, out: 1
2022-10-06 11:10:33.722 1339-1854/? I/HwFingersSnapshooter: handleMotionEvent first finger(0) touch down at (454.5791,1509.3466)
2022-10-06 11:10:33.824 47-47/? W/migration/6: type=1400 audit(0.0:2387055): avc: granted { setsched } for pid=47 scontext=u:r:kernel:s0 tcontext=u:r:kernel:s0 tclass=process
2022-10-06 11:10:33.827 794-794/? I/aptouch_daemon: filter_touch_detect, all_touch_up
2022-10-06 11:10:33.828 1339-1854/? I/HwFingersSnapshooter: handleMotionEvent last finger(0) up.
2022-10-06 11:10:33.851 16075-18354/? W/GooglePlayServicesUtil: com.reddit.frontpage requires Google Play services, but their signature is invalid.
2022-10-06 11:10:33.851 16075-18354/? W/GoogleApiManager: The service for od.i is not available: b{statusCode=SERVICE_INVALID, resolution=null, message=null}
2022-10-06 11:10:33.871 1339-8421/? I/ActivityTaskManager: START u0 {act=com.google.android.gms.auth.NO_IMPL hwFlg=0x10 pkg=com.reddit.frontpage cmp=com.reddit.frontpage/com.google.android.gms.auth.api.signin.internal.SignInHubActivity (has extras)} from uid 10317
2022-10-06 11:10:33.871 900-929/? D/AwareLog: iawared: pause rcc and gpu compress
2022-10-06 11:10:33.872 1339-8421/? I/ActivityTaskManager: ActivityRecord info: ActivityInfo{ddf8671 com.google.android.gms.auth.api.signin.internal.SignInHubActivity}
2022-10-06 11:10:33.872 1339-8421/? D/ActivityTaskManager: TaskLaunchParamsModifier:task=null activity=ActivityRecord{e99576e u0 com.reddit.frontpage/com.google.android.gms.auth.api.signin.internal.SignInHubActivity t-1} display-from-source=0 display-id=0 display-windowing-mode=1
2022-10-06 11:10:33.873 1339-8421/? D/ActivityTaskManager: TaskLaunchParamsModifier:task=null activity=ActivityRecord{e99576e u0 com.reddit.frontpage/com.google.android.gms.auth.api.signin.internal.SignInHubActivity t-1} display-from-source=0 display-id=0 display-windowing-mode=1 activity-options-fullscreen=Rect(0, 0 - 0, 0) non-freeform-display maximized-bounds
2022-10-06 11:10:33.888 16075-19028/? D/SurfaceUtils: connecting to surface 0x74f1f78010, reason connectToSurface
2022-10-06 11:10:33.888 16075-19028/? I/MediaCodec: [OMX.hisi.video.decoder.avc] setting surface generation to 16460860
2022-10-06 11:10:33.888 16075-19028/? D/SurfaceUtils: disconnecting from surface 0x74f1f78010, reason connectToSurface(reconnect)
2022-10-06 11:10:33.888 16075-19028/? D/SurfaceUtils: connecting to surface 0x74f1f78010, reason connectToSurface(reconnect)
2022-10-06 11:10:33.889 896-26485/? W/VDEC: VIDEO-[get_extension_index]:[4994] OMX.google.android.index.AndroidNativeBufferConsumerUsage not implemented
2022-10-06 11:10:33.890 16075-19029/? D/SurfaceUtils: disconnecting from surface 0x74f1f78010, reason setNativeWindowSizeFormatAndUsage
2022-10-06 11:10:33.890 16075-19029/? D/SurfaceUtils: connecting to surface 0x74f1f78010, reason setNativeWindowSizeFormatAndUsage
2022-10-06 11:10:33.890 16075-19029/? D/SurfaceUtils: set up nativeWindow 0x74f1f78010 for 416x720, color 0x30d, rotation 0, usage 0x2900
2022-10-06 11:10:33.890 16075-19028/? D/SurfaceUtils: disconnecting from surface 0x75242a9010, reason disconnectFromSurface
2022-10-06 11:10:33.894 1339-2141/? I/ActivityTaskManager: Making visible and scheduling visibility: ActivityRecord{e99576e u0 com.reddit.frontpage/com.google.android.gms.auth.api.signin.internal.SignInHubActivity t1798}
2022-10-06 11:10:33.895 2223-18618/? I/PGServer: android calls fast HApps
2022-10-06 11:10:33.895 2223-18618/? I/AppFastHibernation: fast H duration: 1500 reason: start activity
2022-10-06 11:10:33.896 1339-2141/? I/WindowManager: Changing focus from Window{757aaee u0 com.reddit.frontpage/com.reddit.frontpage.main.MainActivity} to null displayId=0 Callers=com.android.server.wm.RootWindowContainer.updateFocusedWindowLocked:201 com.android.server.wm.WindowManagerService.updateFocusedWindowLocked:6188 com.android.server.wm.ActivityDisplay.setFocusedApp:1497 com.android.server.wm.ActivityTaskManagerService.setResumedActivityUncheckLocked:6176 
2022-10-06 11:10:33.896 900-9849/? I/Pged-IPgedBinderService: ****action is 1, pid num is 21***
2022-10-06 11:10:33.896 900-9849/? I/Pged-Freezer: freezePids
2022-10-06 11:10:33.896 900-9849/? I/Pged-Freezer: Freeze process: 21055
2022-10-06 11:10:33.896 1339-2141/? E/: [ZeroHung]zrhung_get_config: Get config failed for wp[0x0110]
2022-10-06 11:10:33.896 1339-2141/? D/ZrHung.AppEyeFocusWindow: FocusWindowErrorScene CheckFreezeScreen
2022-10-06 11:10:33.897 900-9849/? I/Pged-Freezer: Freeze process: 17614
2022-10-06 11:10:33.897 900-9849/? I/Pged-Freezer: Freeze process: 15311
2022-10-06 11:10:33.897 900-9849/? I/Pged-Freezer: Freeze process: 13584
2022-10-06 11:10:33.897 900-9849/? I/Pged-Freezer: Freeze process: 13578
2022-10-06 11:10:33.897 900-9849/? I/Pged-Freezer: Freeze process: 13576
2022-10-06 11:10:33.898 900-9849/? I/Pged-Freezer: Freeze process: 13216
2022-10-06 11:10:33.898 900-9849/? I/Pged-Freezer: Freeze process: 13212
2022-10-06 11:10:33.898 900-9849/? I/Pged-Freezer: Freeze process: 11637
2022-10-06 11:10:33.899 900-9849/? I/Pged-Freezer: Freeze process: 11154
2022-10-06 11:10:33.899 900-9849/? I/Pged-Freezer: Freeze process: 8467
2022-10-06 11:10:33.899 1339-2141/? I/WindowManager: Checking 1 opening apps (frozen=false timeout=false)...
2022-10-06 11:10:33.899 900-9849/? I/Pged-Freezer: Freeze process: 8423
2022-10-06 11:10:33.899 1339-2141/? I/WindowManager: Check opening app=AppWindowToken{ef51e9c token=Token{d01ee0f ActivityRecord{e99576e u0 com.reddit.frontpage/com.google.android.gms.auth.api.signin.internal.SignInHubActivity t1798}}}: allDrawn=false startingDisplayed=false startingMoved=false isRelaunching()=false startingWindow=null
2022-10-06 11:10:33.899 900-9849/? I/Pged-Freezer: Freeze process: 8389
2022-10-06 11:10:33.899 900-9849/? I/Pged-Freezer: Freeze process: 3079
2022-10-06 11:10:33.900 1339-1547/? W/SecurityProfileService: Activity life state callback extras get package null!
2022-10-06 11:10:33.900 1339-1547/? I/HwAudioServiceEx: ComponentInfo : className = com.reddit.frontpage.main.MainActivity, flag=onPause, isHomeActivity=, isTop=false
2022-10-06 11:10:33.900 2005-2649/? D/DollieActivityManagerAdapter: [Paused] pid:16075 uid:10317 ComponentInfo{com.reddit.frontpage/com.reddit.frontpage.main.MainActivity} uidState:2
2022-10-06 11:10:33.901 3028-25901/? I/AppLifeChangeSensor: CAWARENESS: activityPaused componentName = ComponentInfo{com.reddit.frontpage/com.reddit.frontpage.main.MainActivity}
2022-10-06 11:10:33.901 3028-25901/? E/AppLifeChangeSensor: CAWARENESS: activityPaused mAppLifeChangeCallback is null 
2022-10-06 11:10:33.901 1339-1919/? I/HwAudioServiceEx: sendAppKilledIntentForKit, isKitPackageOnPause = false, isKitPackageKill = false, isKitPackageOnResume = false
2022-10-06 11:10:33.901 900-9849/? I/Pged-Freezer: Freeze process: 17607
2022-10-06 11:10:33.901 24792-19744/? I/HiAdKit.DC.PageSwitchEvent:  switch is off
2022-10-06 11:10:33.902 900-9849/? I/Pged-Freezer: Freeze process: 14093
2022-10-06 11:10:33.902 24792-19744/? I/HiAdKit.DC.PaymentPageSwitchEvent:  switch is off
2022-10-06 11:10:33.902 1339-8026/? I/WindowManager: Checking 1 opening apps (frozen=false timeout=false)...
2022-10-06 11:10:33.902 1339-8026/? I/WindowManager: Check opening app=AppWindowToken{ef51e9c token=Token{d01ee0f ActivityRecord{e99576e u0 com.reddit.frontpage/com.google.android.gms.auth.api.signin.internal.SignInHubActivity t1798}}}: allDrawn=false startingDisplayed=false startingMoved=false isRelaunching()=false startingWindow=null
2022-10-06 11:10:33.903 900-9849/? I/Pged-Freezer: Freeze process: 21845
2022-10-06 11:10:33.903 900-9849/? I/Pged-Freezer: Freeze process: 3743
2022-10-06 11:10:33.904 16075-16075/? W/ActivityThread: handleWindowVisibility: no activity for token android.os.BinderProxy@567947d
2022-10-06 11:10:33.904 900-9849/? I/Pged-Freezer: Freeze process: 3106
2022-10-06 11:10:33.908 900-9849/? I/Pged-Freezer: Freeze process: 3108
2022-10-06 11:10:33.909 2223-2931/? D/PgedBinderAdapter: F_Z ok, pid: [21055, 17614, 15311, 13584, 13578, 13576, 13216, 13212, 11637, 11154, 8467, 8423, 8389, 3079, 17607, 14093, 21845, 3743, 3106, 3108]
2022-10-06 11:10:33.915 16075-16075/? I/DecorView[]:  old windowMode:0 new windoMode:1
2022-10-06 11:10:33.915 16075-16075/? D/ActivityThread: add activity client record, r= ActivityRecord{f387917 token=android.os.BinderProxy@567947d {com.reddit.frontpage/com.google.android.gms.auth.api.signin.internal.SignInHubActivity}} token= android.os.BinderProxy@567947d
2022-10-06 11:10:33.916 16075-16075/? D/ActivityThread: Won't deliver top position change in state=1
2022-10-06 11:10:33.916 16075-16075/? D/DecorView: showOrHideHighlightView: hasFocus=false; winMode=1; isMrgNull=true
2022-10-06 11:10:33.918 16075-16075/? D/ActivityThread: Won't deliver top position change in state=1
2022-10-06 11:10:33.918 1339-1547/? W/SecurityProfileService: Activity life state callback extras get package null!
2022-10-06 11:10:33.919 1339-1547/? I/HwAudioServiceEx: ComponentInfo : className = com.google.android.gms.auth.api.signin.internal.SignInHubActivity, flag=onResume, isHomeActivity=, isTop=true
2022-10-06 11:10:33.919 1339-1919/? I/HwAudioServiceEx: sendAppKilledIntentForKit, isKitPackageOnPause = false, isKitPackageKill = false, isKitPackageOnResume = false
2022-10-06 11:10:33.919 1339-2141/? I/WindowManager: Changing focus from null to Window{757aaee u0 com.reddit.frontpage/com.reddit.frontpage.main.MainActivity} displayId=0 Callers=com.android.server.wm.RootWindowContainer.updateFocusedWindowLocked:201 com.android.server.wm.WindowManagerService.updateFocusedWindowLocked:6188 com.android.server.wm.ActivityDisplay.setFocusedApp:1497 com.android.server.wm.ActivityTaskManagerService.setResumedActivityUncheckLocked:6176 
2022-10-06 11:10:33.919 2005-2649/? D/DollieActivityManagerAdapter: [Resumed] bg:false pid:16075 uid:10317 ComponentInfo{com.reddit.frontpage/com.google.android.gms.auth.api.signin.internal.SignInHubActivity}
2022-10-06 11:10:33.920 2005-2649/? E/DollieAdapterService: notifyActivityState pkg:com.reddit.frontpage/com.google.android.gms.auth.api.signin.internal.SignInHubActivity state:2 fg:true mUid:10317
2022-10-06 11:10:33.920 2005-2649/? I/OllieMsgCenter: handleMessage msg.what:2130771985moduleName:Ollie Aware::eventName:EVENT_OLLIE_ACTIVITY_CHANGED arg1:0 arg2:0 obj:com.huawei.systemserver.booster.ollie.common.schedule.AwareProxy$ActivityUidInfo@da5db53
2022-10-06 11:10:33.920 2005-2649/? D/ForegroundDataOpt: is APK changed:false uid:10317 mBgLimitLevel:0
2022-10-06 11:10:33.920 3028-25901/? I/AppLifeChangeSensor: CAWARENESS: activityResumed componentName = ComponentInfo{com.reddit.frontpage/com.google.android.gms.auth.api.signin.internal.SignInHubActivity}
2022-10-06 11:10:33.920 3028-25901/? E/AppLifeChangeSensor: CAWARENESS: activityResumed mAppLifeChangeCallback is null 
2022-10-06 11:10:33.920 1339-2141/? D/ZrHung.AppEyeFocusWindow: FocusWindowErrorScene cancelCheckFreezeScreen
2022-10-06 11:10:33.920 1339-2141/? E/: [ZeroHung]zrhung_get_config: Get config failed for wp[0x0111]
2022-10-06 11:10:33.920 1339-2141/? D/ZrHung.AppEyeTransparentWindow: TransparentWindow mHungConfigStatus = -1,mHungConfigEnable = null
2022-10-06 11:10:33.921 24792-19758/? I/HiAdKit.DC.PageSwitchEvent:  switch is off
2022-10-06 11:10:33.922 24792-19758/? I/HiAdKit.DC.PaymentPageSwitchEvent:  switch is off
2022-10-06 11:10:33.923 1339-2141/? I/WindowManager: Checking 1 opening apps (frozen=false timeout=false)...
2022-10-06 11:10:33.923 1339-2141/? I/WindowManager: Check opening app=AppWindowToken{9956bdb token=Token{9b03cea ActivityRecord{8047cd5 u0 com.reddit.frontpage/.main.MainActivity t1798}}}: allDrawn=true startingDisplayed=false startingMoved=false isRelaunching()=false startingWindow=null
2022-10-06 11:10:33.923 1339-2141/? I/WindowManager: Checking 0 opening apps (frozen=false timeout=false)...
2022-10-06 11:10:33.923 1339-2141/? I/HwWindowManagerServiceEx: closing apps count = 1
2022-10-06 11:10:33.925 1339-1547/? W/SecurityProfileService: Activity life state callback extras get package null!
2022-10-06 11:10:33.925 1339-1547/? I/HwAudioServiceEx: ComponentInfo : className = com.google.android.gms.auth.api.signin.internal.SignInHubActivity, flag=onPause, isHomeActivity=, isTop=false
2022-10-06 11:10:33.925 16075-16075/? D/ActivityThread: Won't deliver top position change in state=4
2022-10-06 11:10:33.926 1339-1919/? I/HwAudioServiceEx: sendAppKilledIntentForKit, isKitPackageOnPause = false, isKitPackageKill = false, isKitPackageOnResume = false
2022-10-06 11:10:33.928 16075-19028/? D/SurfaceUtils: connecting to surface 0x75242a9010, reason connectToSurface
2022-10-06 11:10:33.928 16075-19028/? I/MediaCodec: [OMX.hisi.video.decoder.avc] setting surface generation to 16460861
2022-10-06 11:10:33.928 16075-19028/? D/SurfaceUtils: disconnecting from surface 0x75242a9010, reason connectToSurface(reconnect)
2022-10-06 11:10:33.928 16075-19028/? D/SurfaceUtils: connecting to surface 0x75242a9010, reason connectToSurface(reconnect)
2022-10-06 11:10:33.929 3028-25901/? I/AppLifeChangeSensor: CAWARENESS: activityPaused componentName = ComponentInfo{com.reddit.frontpage/com.google.android.gms.auth.api.signin.internal.SignInHubActivity}
2022-10-06 11:10:33.929 24792-19886/? I/HiAdKit.DC.PageSwitchEvent:  switch is off
2022-10-06 11:10:33.929 3028-25901/? E/AppLifeChangeSensor: CAWARENESS: activityPaused mAppLifeChangeCallback is null 
2022-10-06 11:10:33.929 24792-19886/? I/HiAdKit.DC.PaymentPageSwitchEvent:  switch is off
2022-10-06 11:10:33.930 896-8247/? W/VDEC: VIDEO-[get_extension_index]:[4994] OMX.google.android.index.AndroidNativeBufferConsumerUsage not implemented
2022-10-06 11:10:33.930 2005-2649/? D/DollieActivityManagerAdapter: [Paused] pid:16075 uid:10317 ComponentInfo{com.reddit.frontpage/com.google.android.gms.auth.api.signin.internal.SignInHubActivity} uidState:2
2022-10-06 11:10:33.930 16075-16075/? W/GooglePlayServicesUtil: com.reddit.frontpage requires Google Play services, but their signature is invalid.
2022-10-06 11:10:33.930 16075-19029/? D/SurfaceUtils: disconnecting from surface 0x75242a9010, reason setNativeWindowSizeFormatAndUsage
2022-10-06 11:10:33.930 16075-19029/? D/SurfaceUtils: connecting to surface 0x75242a9010, reason setNativeWindowSizeFormatAndUsage
2022-10-06 11:10:33.930 16075-19029/? D/SurfaceUtils: set up nativeWindow 0x75242a9010 for 416x720, color 0x30d, rotation 0, usage 0x2900
2022-10-06 11:10:33.930 16075-19028/? D/SurfaceUtils: disconnecting from surface 0x74f1f78010, reason disconnectFromSurface
2022-10-06 11:10:33.932 1339-1547/? W/SecurityProfileService: Activity life state callback extras get package null!
2022-10-06 11:10:33.932 1339-1547/? I/HwAudioServiceEx: ComponentInfo : className = com.reddit.frontpage.main.MainActivity, flag=onResume, isHomeActivity=, isTop=true
2022-10-06 11:10:33.932 1339-1919/? I/HwAudioServiceEx: sendAppKilledIntentForKit, isKitPackageOnPause = false, isKitPackageKill = false, isKitPackageOnResume = false
2022-10-06 11:10:33.932 2005-2649/? D/DollieActivityManagerAdapter: [Resumed] bg:false pid:16075 uid:10317 ComponentInfo{com.reddit.frontpage/com.reddit.frontpage.main.MainActivity}
2022-10-06 11:10:33.932 2005-2649/? E/DollieAdapterService: notifyActivityState pkg:com.reddit.frontpage/com.reddit.frontpage.main.MainActivity state:2 fg:true mUid:10317
2022-10-06 11:10:33.933 2005-2649/? I/OllieMsgCenter: handleMessage msg.what:2130771985moduleName:Ollie Aware::eventName:EVENT_OLLIE_ACTIVITY_CHANGED arg1:0 arg2:0 obj:com.huawei.systemserver.booster.ollie.common.schedule.AwareProxy$ActivityUidInfo@da3dc90
2022-10-06 11:10:33.933 2005-2649/? D/ForegroundDataOpt: is APK changed:false uid:10317 mBgLimitLevel:0
2022-10-06 11:10:33.933 3028-25901/? I/AppLifeChangeSensor: CAWARENESS: activityResumed componentName = ComponentInfo{com.reddit.frontpage/com.reddit.frontpage.main.MainActivity}
2022-10-06 11:10:33.933 3028-25901/? E/AppLifeChangeSensor: CAWARENESS: activityResumed mAppLifeChangeCallback is null 
2022-10-06 11:10:33.933 24792-19744/? I/HiAdKit.DC.PageSwitchEvent:  switch is off
2022-10-06 11:10:33.934 24792-19744/? I/HiAdKit.DC.PaymentPageSwitchEvent:  switch is off
2022-10-06 11:10:33.944 896-19033/? I/VDEC: VIDEO-[SendCommandProxy]:[2792] Receive OMX_CommandFlush cmd
2022-10-06 11:10:33.944 896-19033/? D/VDEC: VIDEO-[HandleCommandFlush]:[2658] HandleCommandFlush, Command to flush port -1
2022-10-06 11:10:33.945 16075-16075/? D/DecorView: showOrHideHighlightView: hasFocus=true; winMode=1; isMrgNull=true
2022-10-06 11:10:33.946 896-19039/? D/VDEC: VIDEO-[message_process]:[2050] Flush port 0 done.
2022-10-06 11:10:33.946 896-19039/? D/VDEC: VIDEO-[message_process]:[2057] Flush port 1 done.
2022-10-06 11:10:33.946 896-19033/? D/VDEC: VIDEO-[ReturnInBuffers]:[1370] return in buffers ok
2022-10-06 11:10:33.946 896-19033/? D/VDEC: VIDEO-[ReturnOutBuffers]:[1352] return out buffers ok
2022-10-06 11:10:33.948 16075-19043/? W/Codec2Client: query -- param skipped: index = 1342179345.
2022-10-06 11:10:33.948 16075-19043/? W/Codec2Client: query -- param skipped: index = 2415921170.
2022-10-06 11:10:33.948 16075-19043/? W/Codec2Client: query -- param skipped: index = 1610614798.
2022-10-06 11:10:33.967 16075-16075/? D/ActivityThread: Remove activity client record, r= ActivityRecord{f387917 token=android.os.BinderProxy@567947d {com.reddit.frontpage/com.google.android.gms.auth.api.signin.internal.SignInHubActivity}} token= android.os.BinderProxy@567947d
2022-10-06 11:10:33.974 16075-19757/? W/GooglePlayServicesUtil: com.reddit.frontpage requires Google Play services, but their signature is invalid.
2022-10-06 11:10:33.974 16075-19757/? D/FA: Unable to get advertising id: java.io.IOException: Google Play services not available: te.u6.j(com.google.android.gms:play-services-measurement@@21.1.0:68)
2022-10-06 11:10:33.980 896-19037/? E/VDEC: [CheckFrameStore] : [1362] PRN_ERRORplfs(fs=0xefb45328, eFoState=1) is null, logic_fs_id = -1
2022-10-06 11:10:33.980 1339-1937/? D/HwConnectivityServiceEx: set 10317 wlan0 value false
2022-10-06 11:10:33.981 794-794/? I/aptouch_daemon: filter_touch_detect, down, in: 1, out: 1
2022-10-06 11:10:33.982 1339-1854/? I/HwFingersSnapshooter: handleMotionEvent first finger(0) touch down at (467.56708,1543.3319)
2022-10-06 11:10:34.022 17362-18402/? D/HwRecentsTaskUtils: refreshToCache
2022-10-06 11:10:34.022 17362-18402/? D/HwRecentsTaskUtils: searchFromDate
2022-10-06 11:10:34.034 2005-27038/? E/HsmCoreServiceImpl: onTransact in code is: 103
2022-10-06 11:10:34.034 2005-27038/? I/MediaProcessHandler: playingUids: 
2022-10-06 11:10:34.035 17362-18402/? I/HwLauncher: RecentTasksList  loadTasksInBackground:3 numTasks:3 currentUserId:0
2022-10-06 11:10:34.062 794-794/? I/aptouch_daemon: filter_touch_detect, all_touch_up
2022-10-06 11:10:34.062 1339-1854/? I/HwFingersSnapshooter: handleMotionEvent last finger(0) up.
2022-10-06 11:10:34.077 16075-18354/? W/GooglePlayServicesUtil: com.reddit.frontpage requires Google Play services, but their signature is invalid.
2022-10-06 11:10:34.077 16075-18354/? W/GoogleApiManager: The service for od.i is not available: b{statusCode=SERVICE_INVALID, resolution=null, message=null}
2022-10-06 11:10:34.079 1339-8026/? I/ActivityTaskManager: START u0 {act=com.google.android.gms.auth.NO_IMPL hwFlg=0x10 pkg=com.reddit.frontpage cmp=com.reddit.frontpage/com.google.android.gms.auth.api.signin.internal.SignInHubActivity (has extras)} from uid 10317
2022-10-06 11:10:34.079 900-929/? D/AwareLog: iawared: pause rcc and gpu compress
2022-10-06 11:10:34.079 1339-8026/? I/ActivityTaskManager: ActivityRecord info: ActivityInfo{ddf8671 com.google.android.gms.auth.api.signin.internal.SignInHubActivity}
2022-10-06 11:10:34.079 1339-8026/? D/ActivityTaskManager: TaskLaunchParamsModifier:task=null activity=ActivityRecord{10ca534 u0 com.reddit.frontpage/com.google.android.gms.auth.api.signin.internal.SignInHubActivity t-1} display-from-source=0 display-id=0 display-windowing-mode=1
2022-10-06 11:10:34.080 1339-8026/? D/ActivityTaskManager: TaskLaunchParamsModifier:task=null activity=ActivityRecord{10ca534 u0 com.reddit.frontpage/com.google.android.gms.auth.api.signin.internal.SignInHubActivity t-1} display-from-source=0 display-id=0 display-windowing-mode=1 activity-options-fullscreen=Rect(0, 0 - 0, 0) non-freeform-display maximized-bounds
2022-10-06 11:10:34.089 16075-19028/? D/SurfaceUtils: connecting to surface 0x74f1f78010, reason connectToSurface
2022-10-06 11:10:34.089 16075-19028/? I/MediaCodec: [OMX.hisi.video.decoder.avc] setting surface generation to 16460862
2022-10-06 11:10:34.089 16075-19028/? D/SurfaceUtils: disconnecting from surface 0x74f1f78010, reason connectToSurface(reconnect)
2022-10-06 11:10:34.089 16075-19028/? D/SurfaceUtils: connecting to surface 0x74f1f78010, reason connectToSurface(reconnect)
2022-10-06 11:10:34.090 896-8247/? W/VDEC: VIDEO-[get_extension_index]:[4994] OMX.google.android.index.AndroidNativeBufferConsumerUsage not implemented
2022-10-06 11:10:34.091 16075-19029/? D/SurfaceUtils: disconnecting from surface 0x74f1f78010, reason setNativeWindowSizeFormatAndUsage
2022-10-06 11:10:34.091 16075-19029/? D/SurfaceUtils: connecting to surface 0x74f1f78010, reason setNativeWindowSizeFormatAndUsage
2022-10-06 11:10:34.091 16075-19029/? D/SurfaceUtils: set up nativeWindow 0x74f1f78010 for 416x720, color 0x30d, rotation 0, usage 0x2900
2022-10-06 11:10:34.091 16075-19028/? D/SurfaceUtils: disconnecting from surface 0x75242a9010, reason disconnectFromSurface
2022-10-06 11:10:34.093 1339-8026/? I/ActivityTaskManager: Making visible and scheduling visibility: ActivityRecord{10ca534 u0 com.reddit.frontpage/com.google.android.gms.auth.api.signin.internal.SignInHubActivity t1798}
2022-10-06 11:10:34.095 1339-8026/? I/WindowManager: Changing focus from Window{757aaee u0 com.reddit.frontpage/com.reddit.frontpage.main.MainActivity} to null displayId=0 Callers=com.android.server.wm.RootWindowContainer.updateFocusedWindowLocked:201 com.android.server.wm.WindowManagerService.updateFocusedWindowLocked:6188 com.android.server.wm.ActivityDisplay.setFocusedApp:1497 com.android.server.wm.ActivityTaskManagerService.setResumedActivityUncheckLocked:6176 
2022-10-06 11:10:34.096 1339-8026/? E/: [ZeroHung]zrhung_get_config: Get config failed for wp[0x0110]
2022-10-06 11:10:34.096 1339-8026/? D/ZrHung.AppEyeFocusWindow: FocusWindowErrorScene CheckFreezeScreen
2022-10-06 11:10:34.096 1339-8026/? D/ZrHung.AppEyeTransparentWindow: TransparentWindow cancelCheckFreezeScreen
2022-10-06 11:10:34.098 1339-8026/? I/WindowManager: Checking 1 opening apps (frozen=false timeout=false)...
2022-10-06 11:10:34.098 1339-8026/? I/WindowManager: Check opening app=AppWindowToken{5520d2 token=Token{6f05f5d ActivityRecord{10ca534 u0 com.reddit.frontpage/com.google.android.gms.auth.api.signin.internal.SignInHubActivity t1798}}}: allDrawn=false startingDisplayed=false startingMoved=false isRelaunching()=false startingWindow=null
2022-10-06 11:10:34.099 1339-1547/? W/SecurityProfileService: Activity life state callback extras get package null!
2022-10-06 11:10:34.100 1339-1547/? I/HwAudioServiceEx: ComponentInfo : className = com.reddit.frontpage.main.MainActivity, flag=onPause, isHomeActivity=, isTop=false
2022-10-06 11:10:34.101 1339-1919/? I/HwAudioServiceEx: sendAppKilledIntentForKit, isKitPackageOnPause = false, isKitPackageKill = false, isKitPackageOnResume = false
2022-10-06 11:10:34.101 1339-8026/? I/WindowManager: Checking 1 opening apps (frozen=false timeout=false)...
2022-10-06 11:10:34.101 1339-8026/? I/WindowManager: Check opening app=AppWindowToken{5520d2 token=Token{6f05f5d ActivityRecord{10ca534 u0 com.reddit.frontpage/com.google.android.gms.auth.api.signin.internal.SignInHubActivity t1798}}}: allDrawn=false startingDisplayed=false startingMoved=false isRelaunching()=false startingWindow=null
2022-10-06 11:10:34.102 2005-2649/? D/DollieActivityManagerAdapter: [Paused] pid:16075 uid:10317 ComponentInfo{com.reddit.frontpage/com.reddit.frontpage.main.MainActivity} uidState:2
2022-10-06 11:10:34.103 3028-25901/? I/AppLifeChangeSensor: CAWARENESS: activityPaused componentName = ComponentInfo{com.reddit.frontpage/com.reddit.frontpage.main.MainActivity}
2022-10-06 11:10:34.103 3028-25901/? E/AppLifeChangeSensor: CAWARENESS: activityPaused mAppLifeChangeCallback is null 
2022-10-06 11:10:34.103 16075-16075/? W/ActivityThread: handleWindowVisibility: no activity for token android.os.BinderProxy@8384ef7
2022-10-06 11:10:34.105 24792-19758/? I/HiAdKit.DC.PageSwitchEvent:  switch is off
2022-10-06 11:10:34.105 24792-19758/? I/HiAdKit.DC.PaymentPageSwitchEvent:  switch is off
2022-10-06 11:10:34.111 16075-16075/? I/DecorView[]:  old windowMode:0 new windoMode:1
2022-10-06 11:10:34.113 16075-16075/? D/ActivityThread: add activity client record, r= ActivityRecord{7d03b01 token=android.os.BinderProxy@8384ef7 {com.reddit.frontpage/com.google.android.gms.auth.api.signin.internal.SignInHubActivity}} token= android.os.BinderProxy@8384ef7
2022-10-06 11:10:34.114 16075-16075/? D/ActivityThread: Won't deliver top position change in state=1
2022-10-06 11:10:34.114 16075-16075/? D/DecorView: showOrHideHighlightView: hasFocus=false; winMode=1; isMrgNull=true
2022-10-06 11:10:34.116 1339-1547/? W/SecurityProfileService: Activity life state callback extras get package null!
2022-10-06 11:10:34.116 16075-16075/? D/ActivityThread: Won't deliver top position change in state=1
2022-10-06 11:10:34.117 1339-1547/? I/HwAudioServiceEx: ComponentInfo : className = com.google.android.gms.auth.api.signin.internal.SignInHubActivity, flag=onResume, isHomeActivity=, isTop=true
2022-10-06 11:10:34.117 1339-1919/? I/HwAudioServiceEx: sendAppKilledIntentForKit, isKitPackageOnPause = false, isKitPackageKill = false, isKitPackageOnResume = false
2022-10-06 11:10:34.117 2005-2649/? D/DollieActivityManagerAdapter: [Resumed] bg:false pid:16075 uid:10317 ComponentInfo{com.reddit.frontpage/com.google.android.gms.auth.api.signin.internal.SignInHubActivity}
2022-10-06 11:10:34.117 2005-2649/? E/DollieAdapterService: notifyActivityState pkg:com.reddit.frontpage/com.google.android.gms.auth.api.signin.internal.SignInHubActivity state:2 fg:true mUid:10317
2022-10-06 11:10:34.117 2005-2649/? I/OllieMsgCenter: handleMessage msg.what:2130771985moduleName:Ollie Aware::eventName:EVENT_OLLIE_ACTIVITY_CHANGED arg1:0 arg2:0 obj:com.huawei.systemserver.booster.ollie.common.schedule.AwareProxy$ActivityUidInfo@358f989
2022-10-06 11:10:34.117 2005-2649/? D/ForegroundDataOpt: is APK changed:false uid:10317 mBgLimitLevel:0
