2022-10-06 11:10:49.683 690-1921/? I/android.hardware.usb@1.0-service: hisi-tcpc-dual-role
2022-10-06 11:10:49.683 886-20015/? I/GenericSource: start
2022-10-06 11:10:49.684 1339-1857/? I/UsbPortManager: ClientCallback V1_0: hisi-tcpc-dual-role
2022-10-06 11:10:49.684 690-1921/? I/android.hardware.usb@1.0-service: canChangeMode: 0 canChagedata: 1 canChangePower:1
2022-10-06 11:10:49.684 1339-1816/? W/MediaPlayerNative: Action:start, CurrentState:MEDIA_PLAYER_STARTED
2022-10-06 11:10:49.684 1339-1857/? I/UsbPortManager: ClientCallback V1_0: hisi-tcpc-dual-role
2022-10-06 11:10:49.684 721-858/? I/APM_AudioPolicyManager: isOffloadSupported: SR=48000, CM=0x3, Format=0x7000000, StreamType=1, BitRate=256005, duration=744895 us, has_video=0
2022-10-06 11:10:49.685 721-858/? I/AudioPolicyManagerCustomImpl: isInLowLatency() 0
2022-10-06 11:10:49.688 721-858/? I/APM_AudioPolicyManager: isOffloadSupported: SR=48000, CM=0x3, Format=0x7000000, StreamType=1, BitRate=256005, duration=744895 us, has_video=0
2022-10-06 11:10:49.689 721-858/? I/AudioPolicyManagerCustomImpl: isInLowLatency() 0
2022-10-06 11:10:49.692 6737-7094/? E/: [ZeroHung]zrhung_get_config: Get config failed for wp[0x0008]
2022-10-06 11:10:49.692 886-20022/? W/HwExtendedCodec: The mime is not in hisi extended mime.
2022-10-06 11:10:49.693 886-20023/? D/CCodec: allocate(c2.android.vorbis.decoder)
2022-10-06 11:10:49.693 16071-16071/? D/BoundBrokerSvc: onBind: Intent { act=com.google.android.gms.common.BIND_SHARED_PREFS pkg=com.google.android.gms cmp=com.google.android.gms/.chimera.GmsInternalBoundBrokerService }
2022-10-06 11:10:49.693 16071-16071/? D/BoundBrokerSvc: Loading bound service for intent: Intent { act=com.google.android.gms.common.BIND_SHARED_PREFS pkg=com.google.android.gms cmp=com.google.android.gms/.chimera.GmsInternalBoundBrokerService }
2022-10-06 11:10:49.696 886-20023/? I/CCodec: Created component [c2.android.vorbis.decoder]
2022-10-06 11:10:49.697 886-20023/? D/CCodecConfig: read media type: audio/vorbis
2022-10-06 11:10:49.698 886-20023/? D/ReflectedParamUpdater: extent() != 1 for single value type: algo.buffers.max-count.values
2022-10-06 11:10:49.699 886-20023/? D/ReflectedParamUpdater: extent() != 1 for single value type: output.subscribed-indices.values
2022-10-06 11:10:49.699 886-20023/? D/ReflectedParamUpdater: extent() != 1 for single value type: input.buffers.allocator-ids.values
2022-10-06 11:10:49.699 886-20023/? D/ReflectedParamUpdater: extent() != 1 for single value type: output.buffers.allocator-ids.values
2022-10-06 11:10:49.699 886-20023/? D/ReflectedParamUpdater: extent() != 1 for single value type: algo.buffers.allocator-ids.values
2022-10-06 11:10:49.699 886-20023/? D/ReflectedParamUpdater: extent() != 1 for single value type: output.buffers.pool-ids.values
2022-10-06 11:10:49.699 886-20023/? D/ReflectedParamUpdater: extent() != 1 for single value type: algo.buffers.pool-ids.values
2022-10-06 11:10:49.701 886-20023/? I/CCodecConfig: query failed after returning 7 values (BAD_INDEX)
2022-10-06 11:10:49.701 886-20023/? D/CCodecConfig: c2 config is Dict {
      c2::u32 coded.bitrate.value = 64000
      c2::u32 input.buffers.max-size.value = 32768
      c2::u32 input.delay.value = 0
      string input.media-type.value = "audio/vorbis"
      string output.media-type.value = "audio/raw"
      c2::u32 raw.channel-count.value = 1
      c2::u32 raw.sample-rate.value = 48000
    }
2022-10-06 11:10:49.701 886-20023/? D/CCodecConfig: no c2 equivalents for durationUs
2022-10-06 11:10:49.701 886-20023/? D/CCodecConfig: no c2 equivalents for csd-1
2022-10-06 11:10:49.701 886-20023/? D/CCodecConfig: no c2 equivalents for channel-mask
2022-10-06 11:10:49.702 886-20023/? D/CCodecConfig: c2 config is Dict {
      c2::u32 coded.bitrate.value = 64000
      c2::u32 input.buffers.max-size.value = 32768
      c2::u32 input.delay.value = 0
      string input.media-type.value = "audio/vorbis"
      string output.media-type.value = "audio/raw"
      c2::u32 raw.channel-count.value = 2
      c2::u32 raw.sample-rate.value = 48000
    }
2022-10-06 11:10:49.703 886-20023/? W/Codec2Client: query -- param skipped: index = 1107298332.
2022-10-06 11:10:49.703 886-20023/? D/CCodec: setup formats input: AMessage(what = 0x00000000) = {
      int32_t channel-count = 2
      int32_t max-input-size = 32768
      string mime = "audio/vorbis"
      int32_t sample-rate = 48000
    } and output: AMessage(what = 0x00000000) = {
      int32_t channel-count = 2
      string mime = "audio/raw"
      int32_t sample-rate = 48000
      int32_t channel-mask = 3
    }
2022-10-06 11:10:49.703 886-20023/? I/MediaCodec: MediaCodec will operate in async mode
2022-10-06 11:10:49.705 886-20023/? W/Codec2Client: query -- param skipped: index = 1342179345.
2022-10-06 11:10:49.705 886-20023/? W/Codec2Client: query -- param skipped: index = 2415921170.
2022-10-06 11:10:49.710 886-20023/? D/BufferPoolManager: # of cleaned connections: 1
2022-10-06 11:10:49.710 886-20023/? D/BufferPoolManager: create new connection 3806998629081
2022-10-06 11:10:49.710 886-20023/? D/CCodecBufferChannel: [c2.android.vorbis.decoder#550] Created input block pool with allocatorID 16 => poolID 1258 - OK (0)
2022-10-06 11:10:49.710 910-6792/? D/BufferPoolAccessor: bufferpool2 0x2ff853c030 : 0(0 size) total buffers - 0(0 size) used buffers - 1058/1064 (recycle/alloc) - 6/1064 (fetch/transfer)
2022-10-06 11:10:49.711 910-6792/? D/BufferPoolAccessor: Destruction - bufferpool2 0x2ff853c030 cached: 0/0M, 0/0% in use; allocs: 1064, 99% recycled; transfers: 1064, 99% unfetced
2022-10-06 11:10:49.711 5057-5057/? I/ReportDataUtils: is not over one week
2022-10-06 11:10:49.711 910-2144/? D/BufferPoolAccessor: bufferpool2 0x2ff8523230 : 6(24576 size) total buffers - 0(0 size) used buffers - 3712/3718 (recycle/alloc) - 16/3718 (fetch/transfer)
2022-10-06 11:10:49.711 910-2144/? D/BufferPoolManager: # of cleaned connections: 0
2022-10-06 11:10:49.711 910-2144/? D/BufferPoolManager: create new connection 3910077844809
2022-10-06 11:10:49.712 886-20023/? I/CCodecBufferChannel: [c2.android.vorbis.decoder#550] Created output block pool with allocatorID 16 => poolID 1636 - OK
2022-10-06 11:10:49.712 5057-20020/? I/SmartNotifyService: handleMessage: 4
2022-10-06 11:10:49.712 886-20023/? D/CCodecBufferChannel: [c2.android.vorbis.decoder#550] Configured output block pool ids 1636 => OK
2022-10-06 11:10:49.713 910-20024/? D/SimpleC2Component: Using output block pool with poolID 1636 => got 1636 - 0
2022-10-06 11:10:49.714 910-2144/? D/BufferPoolManager: register new connection 3806998629082
2022-10-06 11:10:49.714 886-20023/? D/BufferPoolManager: client death recipient registered 3806998629082
2022-10-06 11:10:49.714 2223-2605/? I/DeviceStateService: app: com.android.wallpaperbackup pid: 886 start mediacodec.
2022-10-06 11:10:49.718 5057-20020/? E/SmartNotifyService: obj null
2022-10-06 11:10:49.720 886-1256/? D/BufferPoolManager: register new connection 3910077844810
2022-10-06 11:10:49.720 910-20024/? D/BufferPoolManager: client death recipient registered 3910077844810
2022-10-06 11:10:49.720 5057-20020/? I/ProviderUtil: package name of the provider is: com.huawei.phoneservice
2022-10-06 11:10:49.723 1339-1818/? I/HwBatteryService: quick charge status : 0
2022-10-06 11:10:49.723 1339-1818/? D/HwBatteryService: onUEvent fcpStatus = 0
2022-10-06 11:10:49.723 1339-1818/? D/HwBatteryService: onUEvent scpStatus = 0 ,ovpStatus = 0
2022-10-06 11:10:49.723 1339-1818/? I/HwBatteryService: handleWirelessTxStatus
2022-10-06 11:10:49.723 1339-1818/? I/HwBatteryService: switch not open, return, mWirelessTxFlag : 0
2022-10-06 11:10:49.723 1339-1818/? W/HwBatteryService: need return. Invalid value: -1
2022-10-06 11:10:49.723 1339-1818/? D/HwBatteryService: setHwChargeTimeRemaining, time = -1 String time: -1
2022-10-06 11:10:49.729 886-20021/? D/NuPlayerRenderer: openAudioSink: offloadOnly(0) offloadingAudio(0)
2022-10-06 11:10:49.729 886-20021/? D/NuPlayerRenderer: openAudioSink: open AudioSink in NON-offload mode
2022-10-06 11:10:49.729 886-20021/? I/NuPlayerRenderer: bitsPerSample: 16, sampleRate: 48000
2022-10-06 11:10:49.731 721-858/? I/AudioPolicyManagerCustomImpl: sample rate: 48000, format: 0x1, channel_mask: 0x3usage=13 content=4 flags=0x0x800 tags=bitsPerSample: 16, channelCount = 2 streamType =1
2022-10-06 11:10:49.732 721-858/? I/AudioPolicyManagerCustomImpl: isInLowLatency() 0
2022-10-06 11:10:49.732 721-858/? W/AudioPolicyManagerCustomImpl: isDirectOutputSupported: stream_type != MUSIC, returning false
2022-10-06 11:10:49.732 721-858/? W/AudioPolicyManagerCustomImpl: isDirectOutputSupported: is unsupport stream
2022-10-06 11:10:49.732 721-858/? D/AudioPolicyIntefaceImpl: getOutputForAttr() session 28417, attr->flags 0x800, flags 0x1000000, selectedDeviceId 0, pid 1339, uid 1000
2022-10-06 11:10:49.734 721-858/? E/AudioPolicyIntefaceImpl: selectDevice() IDeviceSelectCallback == nullptr
2022-10-06 11:10:49.734 721-858/? I/APM_AudioPolicyManager: checkDeviceIsSelected:checkDeviceIsSelected=NONE
2022-10-06 11:10:49.734 721-858/? I/APM_AudioPolicyManager: getOutputForDevice() stream 1, flags 1000000, forceMutingHaptic 1
2022-10-06 11:10:49.734 721-858/? I/APM_AudioPolicyManager: getOutputForDevice() returns output 13
2022-10-06 11:10:49.735 721-858/? D/APM_AudioPolicyManager: getOutputForAttr() returns output 13 requestedPortId 0 selectedDeviceId 3 for port ID 3527
2022-10-06 11:10:49.736 721-858/? I/AudioFlinger: createTrack() sessionId: 28417
2022-10-06 11:10:49.736 721-858/? W/AudioFlinger: createTrack_l(): mismatch between requested flags (01000000) and output flags (00000002)
2022-10-06 11:10:49.736 721-858/? D/AudioFlinger: Client defaulted notificationFrames to 12000 for frameCount 24000
2022-10-06 11:10:49.736 721-858/? D/AudioFlinger: createTrack_l : sharedBuffer=0x0 requestframeCnt=24000 actualframeCnt=24000 format=0x1 mFormat=0x5 channelMask=0x3 sampleRate=48000 mSampleRate=48000 requestflags=0x1000000 actualflags=0 outputflags=0x2 requestnotificationFrameCount=0, notificationFrameCount=12000, hasFastMixer=0 pid=886 tid=-1
2022-10-06 11:10:49.738 721-858/? D/AF::TrackHandle: OpPlayAudio: track:3321 usage:13, not muted for system
2022-10-06 11:10:49.740 721-858/? D/AudioFlinger: DevSched: uid is 1000, factor is 1.000000, mode_eq is 0
2022-10-06 11:10:49.742 721-1918/? I/AudioFlinger: start output session(28417) pid(1339) 
2022-10-06 11:10:49.743 2223-2605/? I/PGAudioState: AUDIO_CREATAE_TRACK, audioInfo : [trackId : 3321, sessionId : 28417, type : audio_out, threadType : MIXER, streamType : SYSTEM , pid : 1339, uid : 1000, createState : new, playState : stop, audioTrackVolume: 1.0, finalVolume : 0.0, loop : false, stopByZeroTime : 0]
2022-10-06 11:10:49.744 2223-2605/? I/PGAudioState: receive session 28417 aduio track volume state : 1000
2022-10-06 11:10:49.744 691-5679/? I/audio_hw_primary: update stream types 2
2022-10-06 11:10:49.744 691-5679/? I/audio_hw_effect: get streamType fail: -2
2022-10-06 11:10:49.745 721-1918/? I/APM_AudioPolicyManager: startOutput() output 13, stream 1, session 28417, portId 3527, phoneState 0, communiCf 0, mediaCf 0
2022-10-06 11:10:49.745 721-1918/? D/APM::AudioOutputDescriptor: IOprofile maxActiveCount == 0 curActiveCount = 0
2022-10-06 11:10:49.745 721-1918/? D/APM::AudioOutputDescriptor: start, profile name: primary out,  curActiveCount: 1
2022-10-06 11:10:49.745 721-1918/? I/APM_AudioPolicyManager: getNewOutputDevices selected devices {type:0x2} connectdeDevices(10003)
2022-10-06 11:10:49.745 721-1918/? I/APM_AudioPolicyManager: setOutputDevices device {type:0x2} delayMs 0 force 0 outputDesc 13 from startSource
2022-10-06 11:10:49.746 721-838/? I/stereoWidening_frame: SwsParamsSetFloat volumeDb = -37.000000
2022-10-06 11:10:49.746 691-5679/? I/audio_hw_effect: get streamType fail: -2
2022-10-06 11:10:49.747 721-1918/? I/APM_AudioPolicyManager: setOutputDevices: suppressing checkDeviceMuteStrategies
2022-10-06 11:10:49.747 721-1918/? I/APM_AudioPolicyManager: setOutputDevices setting same device {type:0x2} or null device, force=0, patch handle=351
2022-10-06 11:10:49.747 721-1918/? I/APM::AudioOutputDescriptor: do not setVolume.
2022-10-06 11:10:49.747 721-1918/? I/APM_AudioPolicyManager: checkAndSetVolume volumeSource 11, index 10, device 00000002, volumeDb -12.000000, output 13 
2022-10-06 11:10:49.749 691-16390/? I/virtual_btn_hal: audio is run
2022-10-06 11:10:49.750 721-1918/? I/APM_AudioPolicyManager: sendAudioCloseOrOpen changed isAudioOpen=1
2022-10-06 11:10:49.750 721-1154/? I/AudioMixer: Pid:721 add track, name 3321
2022-10-06 11:10:49.751 1339-1367/? D/MediaPlayerNative: Message: Unknown MediaEventType(6), ext1=0, ext2=0x0
2022-10-06 11:10:49.751 691-1532/? I/audio_hw_primary: start_output_stream++:type is 0, device is 0x2,pcm is NULL, voice_pcm is NULL
2022-10-06 11:10:49.751 2223-2605/? I/PGAudioState: AUDIO_ADD_ACTIVE_TRACK, track id : 3321
2022-10-06 11:10:49.751 2223-2605/? I/PGAudioState: not start audio out because audio inactive pid: 1339 uid:1000
2022-10-06 11:10:49.752 691-1532/? I/audio_hw_primary: select_devices++ mode[0]
2022-10-06 11:10:49.753 691-1532/? I/audio_hw_primary: soundtrigger_standing wakeup path no need to open, standby is 1, mode is 0
2022-10-06 11:10:49.753 691-1532/? I/audio_hw_primary: select_path: input_source_id 0, output_device_id 0x2
2022-10-06 11:10:49.753 691-1532/? I/audio_hw_primary: get_input_route_by_scene: input_source_id 0, output_device_id 0x2
2022-10-06 11:10:49.753 691-1532/? W/audio_custom: getConfigValue: open dts file failed! May not need in this case
2022-10-06 11:10:49.753 691-1532/? W/audio_custom: record_effect_init: get record_algo_compatible failed, may not need
2022-10-06 11:10:49.753 691-1532/? I/audio_hw_primary: select_devices d:0x2 is:0 or:media-speaker ir:none id:0
2022-10-06 11:10:49.753 691-1532/? I/smartpakit: pa_manager->device=0, out_device=2, pa_manager->mode=0, mode=0, same_scene=0, on=0
2022-10-06 11:10:49.754 691-1532/? I/smartpakit: is not tty mode
2022-10-06 11:10:49.754 691-1532/? I/smartpakit: is not mmi mode
2022-10-06 11:10:49.754 691-1532/? I/smartpakit: smartpa status not changed when dev_power_off, skip
2022-10-06 11:10:49.754 691-1532/? I/dsp_common: dsp_common_control_algo:set device = 2
2022-10-06 11:10:49.754 691-1532/? D/audio_route: Apply path: media-speaker
2022-10-06 11:10:49.754 691-1532/? I/audio_hw_primary: soundtrigger_standing wakeup path no need to open, standby is 1, mode is 0
2022-10-06 11:10:49.754 691-1532/? I/audio_hw_primary: pa is on, cannot start ir study, device is 2
2022-10-06 11:10:49.754 691-1532/? D/audio_route: Apply path: media-speaker
2022-10-06 11:10:49.754 691-1532/? I/audio_hw_primary: soundtrigger_standing wakeup path no need to open, standby is 1, mode is 0
2022-10-06 11:10:49.754 691-1532/? I/audio_hw_primary: pa is on, cannot start ir study, device is 2
2022-10-06 11:10:49.755 2223-2605/? I/PGAudioState: already clear stopByZero Time  sessionId : 28417
2022-10-06 11:10:49.755 2223-2605/? I/PGAudioState: not start audio out because audio inactive pid: 1339 uid:1000
2022-10-06 11:10:49.757 691-1532/? I/dsp_common: dsp_common_control_algo:set device = 2
2022-10-06 11:10:49.758 691-1532/? I/smartpakit: pa_manager->device=0, out_device=2, pa_manager->mode=0, mode=0, same_scene=0, on=1
2022-10-06 11:10:49.758 691-1532/? I/smartpakit: is not tty mode
2022-10-06 11:10:49.758 691-1532/? I/smartpakit: is not mmi mode
2022-10-06 11:10:49.758 691-1532/? I/smartpakit: enable_smartpa_algo_nondsp, algo_scene is SMARTPA_MUSIC
2022-10-06 11:10:49.758 691-1532/? I/smartpakit: smartpa_algo_control: enter, cmd = 7
2022-10-06 11:10:49.758 691-1532/? I/spk_dev_interface: soc_adsp_send_sync_cmd: enter, in_size 0x17ec, out_size 0x0
2022-10-06 11:10:49.758 691-1532/? I/smartpakit: smartpa_algo_control: enter, cmd = 8
2022-10-06 11:10:49.759 691-1532/? I/spk_dev_interface: soc_adsp_send_sync_cmd: enter, in_size 0xf4, out_size 0x0
2022-10-06 11:10:49.759 691-1532/? I/smartpakit: smartpa_algo_control: enter, cmd = 18
2022-10-06 11:10:49.759 691-1532/? I/spk_dev_interface: soc_adsp_send_sync_cmd: enter, in_size 0x14, out_size 0x0
2022-10-06 11:10:49.760 5057-20020/? I/SmartNotifyService: state from oobe provider: 0
2022-10-06 11:10:49.762 5057-20020/? I/ProviderUtil: package name of the provider is: com.huawei.phoneservice
2022-10-06 11:10:49.762 691-1532/? I/smartpa_chip_control: power on l(POWER_ON_L) succ
2022-10-06 11:10:49.762 691-1532/? I/audio_hw_primary: select_devices--
2022-10-06 11:10:49.762 691-1532/? I/audio_hw_primary: start_output_stream--
2022-10-06 11:10:49.762 691-1532/? I/falling_pop_elim: pop_device_open succeed, falling num 768 bytes 7680 output_type 0 format 5
2022-10-06 11:10:49.764 1339-8421/? E/WifiService: enforceCanAccessScanResults: hiding ssid and bssidUID 10074 has no location permission
2022-10-06 11:10:49.766 6454-6454/? I/HwOUC: [main-1]getWifiType->isMeteredWifi is false(ConnectivityUtil.java:60)
2022-10-06 11:10:49.767 6454-6454/? I/HwOUC: [main-1]onCreate-> isOpenWifi = true, isDownloadSwitchOpened = true; forcibleDownload is false(WifiAutoDownloadManageService.java:55)
2022-10-06 11:10:49.774 1339-1339/? W/DE J DES: [effect] ChargingStateReceiver on recieve, mDisplayManager is null! returned.
2022-10-06 11:10:49.776 16071-16071/? D/BoundBrokerSvc: onUnbind: Intent { act=com.google.android.gms.common.BIND_SHARED_PREFS pkg=com.google.android.gms cmp=com.google.android.gms/.chimera.GmsInternalBoundBrokerService }
2022-10-06 11:10:49.776 1339-1339/? I/WifiClientModeImpl: mBcastReceiver: PluggedType = 2 mIsScanCtrlPluggedin = true
2022-10-06 11:10:49.776 1339-1339/? D/HwCustTethering: P2P new plugged:2, current plugged:2
2022-10-06 11:10:49.777 1996-1996/? W/KeyguardUpdateMonitor: ACTION_BATTERY_CHANGED AMP: 1400000; Volt: 4791000
2022-10-06 11:10:49.778 2005-2005/? D/AutoUpdateManager: onReceiveBatteryBroadcast isBatteryCharging:true
2022-10-06 11:10:49.778 2005-2005/? W/Settings: Setting device_provisioned has moved from android.provider.Settings.Secure to android.provider.Settings.Global.
2022-10-06 11:10:49.779 2005-2005/? D/AutoUpdateManager: isDeviceIdle() isBatteryCharging:true,isWifiConnected:true,isScreenOff:false, isStartupGuideFinished:true, isUserUnlocked:true
2022-10-06 11:10:49.779 2223-2223/? I/MsgReceiver: intent action: android.intent.action.BATTERY_CHANGED
2022-10-06 11:10:49.779 1996-1996/? W/MagazineUtils: check active connect, state = 1,isMeteredWifi:false
2022-10-06 11:10:49.782 1339-1368/? D/HwGameAssistantController: isGameForeground? false
2022-10-06 11:10:49.782 1996-1996/? W/KeyguardUpdateMonitor: ChargingSpeed  Wattage: 6707400 ST: 5000000 --> 7500000
2022-10-06 11:10:49.782 1996-1996/? I/KgBattery: BatteryInfo updated:  2lPc1
2022-10-06 11:10:49.783 1996-1996/? W/HwLockScreenPanel: Handle message: 100
2022-10-06 11:10:49.783 1996-1996/? W/HwLockScreenPanel: refreshBatteryInfo: null
2022-10-06 11:10:49.784 16071-16071/? D/BoundBrokerSvc: onUnbind: Intent { act=com.google.android.gms.common.BIND_SHARED_PREFS pkg=com.google.android.gms cmp=com.google.android.gms/.chimera.GmsInternalBoundBrokerService }
2022-10-06 11:10:49.785 2223-2605/? I/PGAudioState: AUDIO_SET_FINAL_VOLUME, track id : 3321, final volume : 0.251189
2022-10-06 11:10:49.785 2223-2605/? I/PGServer: report state:2 event type:1 pid:1339 uid:1000 pkg:null to pid: 1339
2022-10-06 11:10:49.785 2223-2605/? I/PGServer: report state:2 event type:1 pid:1339 uid:1000 pkg:null to pid: 2223
2022-10-06 11:10:49.785 2223-2605/? D/PGAudioState: audio type:out state:start pid:1339 uid:1000
2022-10-06 11:10:49.785 721-1154/? D/asd_out_fwk: 0->1 mute_FrameCount 2, Device = 0x2
2022-10-06 11:10:49.785 721-1154/? D/asd_out_fwk: L = -102.350197db, R = -102.350197db, Device = 0x2
2022-10-06 11:10:49.786 1996-2167/? W/KgBattery: getCharge info with type: text
2022-10-06 11:10:49.789 1996-2167/? W/KgBattery: getCharge info with type: text
2022-10-06 11:10:49.797 17614-17614/? D/BoundBrokerSvc: onBind: Intent { act=com.google.android.gms.common.BIND_SHARED_PREFS pkg=com.google.android.gms }
2022-10-06 11:10:49.797 17614-17614/? D/BoundBrokerSvc: Loading bound service for intent: Intent { act=com.google.android.gms.common.BIND_SHARED_PREFS pkg=com.google.android.gms }
2022-10-06 11:10:49.802 5057-20020/? I/SmartNotifyService: state from service provider: 0
2022-10-06 11:10:49.803 5057-20020/? W/SmartNotifyService: not in china, or user not agreed
2022-10-06 11:10:49.803 5057-20020/? I/SmartNotifyService: stopCount: 1
2022-10-06 11:10:49.809 5057-5057/? I/SmartNotifyService: onDestroy
2022-10-06 11:10:49.826 721-1154/? D/AudioFlinger: mixer(0x7dad5310c0) throttle end: throttle time(11)
2022-10-06 11:10:49.848 1339-2141/? E/WifiService: enforceCanAccessScanResults: hiding ssid and bssidUID 10026 has no location permission
2022-10-06 11:10:49.854 16071-16071/? D/BoundBrokerSvc: onBind: Intent { act=com.google.android.gms.common.BIND_SHARED_PREFS pkg=com.google.android.gms cmp=com.google.android.gms/.chimera.GmsInternalBoundBrokerService }
2022-10-06 11:10:49.854 16071-16071/? D/BoundBrokerSvc: Loading bound service for intent: Intent { act=com.google.android.gms.common.BIND_SHARED_PREFS pkg=com.google.android.gms cmp=com.google.android.gms/.chimera.GmsInternalBoundBrokerService }
2022-10-06 11:10:49.865 16071-16071/? D/BoundBrokerSvc: onUnbind: Intent { act=com.google.android.gms.common.BIND_SHARED_PREFS pkg=com.google.android.gms cmp=com.google.android.gms/.chimera.GmsInternalBoundBrokerService }
2022-10-06 11:10:49.867 16071-16071/? D/BoundBrokerSvc: onUnbind: Intent { act=com.google.android.gms.common.BIND_SHARED_PREFS pkg=com.google.android.gms cmp=com.google.android.gms/.chimera.GmsInternalBoundBrokerService }
2022-10-06 11:10:49.873 15311-15311/? D/BoundBrokerSvc: onBind: Intent { act=com.google.android.gms.clearcut.service.START dat=chimera-action:com.google.android.gms.clearcut.service.START cmp=com.google.android.gms/.chimera.PersistentDirectBootAwareApiService }
2022-10-06 11:10:49.873 15311-15311/? D/BoundBrokerSvc: Loading bound service for intent: Intent { act=com.google.android.gms.clearcut.service.START dat=chimera-action:com.google.android.gms.clearcut.service.START cmp=com.google.android.gms/.chimera.PersistentDirectBootAwareApiService }
2022-10-06 11:10:49.878 1339-1919/? I/HwAudioServiceEx: restart dms isMusicActive : false, isRingActive : false, isAlarmActive : false
2022-10-06 11:10:49.890 16071-16071/? D/BoundBrokerSvc: onUnbind: Intent { act=com.google.android.gms.common.BIND_SHARED_PREFS pkg=com.google.android.gms cmp=com.google.android.gms/.chimera.GmsInternalBoundBrokerService }
2022-10-06 11:10:49.915 16071-16071/? I/chatty: uid=10307(com.gspace.android) com.google.android.gms identical 1 line
2022-10-06 11:10:49.916 16071-16071/? D/BoundBrokerSvc: onUnbind: Intent { act=com.google.android.gms.common.BIND_SHARED_PREFS pkg=com.google.android.gms cmp=com.google.android.gms/.chimera.GmsInternalBoundBrokerService }
2022-10-06 11:10:49.936 886-20023/? D/CCodecBufferChannel: [c2.android.vorbis.decoder#550] buffers after EOS ignored (0 us)
2022-10-06 11:10:49.936 886-20023/? I/chatty: uid=1013(media) NPDecoder-CL identical 1 line
2022-10-06 11:10:49.937 886-20023/? D/CCodecBufferChannel: [c2.android.vorbis.decoder#550] buffers after EOS ignored (0 us)
2022-10-06 11:10:49.940 17614-17614/? D/BoundBrokerSvc: onUnbind: Intent { act=com.google.android.gms.common.BIND_SHARED_PREFS pkg=com.google.android.gms }
2022-10-06 11:10:49.944 2223-21665/? I/PowerKit_Impl: apply pkg: com.huawei.appmarket resource:65535 timeout:1800000 reason:auto-schedule-backgroudtask
2022-10-06 11:10:49.944 2223-21665/? I/AppResManager: Request interaction :{com.huawei.appmarket com.huawei.appmarket 65535 7479324903}
2022-10-06 11:10:49.944 2223-2863/? I/PGServer: report state:12 event type:1 pid:-1 uid:0 pkg:com.huawei.appmarket#7479324903 to pid: 1339
2022-10-06 11:10:49.944 2223-2946/? I/Network_Policy: com.huawei.appmarket, resType: 65535, isRequestInteraction: true
2022-10-06 11:10:49.944 2223-2946/? I/AbnormalCtrlPolicy: Request interaction app: com.huawei.appmarket
2022-10-06 11:10:49.947 6454-6454/? I/OUC_COTA: [main-1]getCotaDownloadInfo(/CotaProxy.java:789)
2022-10-06 11:10:49.947 721-1154/? D/asd_out_fwk: L = -33.762524db, R = -34.593285db, Device = 0x2
2022-10-06 11:10:49.984 1339-8421/? I/AlarmManager: remove alarm:Alarm{7c0149d type 3 when 7480765174 PendingIntent{50ddff6: PendingIntentRecord{2c3571f com.gspace.android broadcastIntent}}com.gspace.android procName com.gspace.android:p2} according to operation:17ecd12
2022-10-06 11:10:49.992 21055-21272/? W/HiApp.ServerReqKit/NetworkInterceptUtil: RepTaskHandler{11688} <<< WARN >>> isAgreeNetwork :false  isAgreeProtocol :true  isChinaArea:false
2022-10-06 11:10:49.999 1339-1937/? I/DeviceIdentifiers: udid has been read success, return!
2022-10-06 11:10:50.003 21055-20027/? I/FormalHASDK: HiAnalyticsInstance==> onEvent. TAG:_default_config_tag, TYPE:0, eventId:2200100501
2022-10-06 11:10:50.015 886-20021/? D/AudioTrack: stop(3527): called with 35755 frames delivered
2022-10-06 11:10:50.023 1339-1937/? E/WifiService: enforceCanAccessScanResults: hiding ssid and bssidUID 10026 has no location permission
2022-10-06 11:10:50.056 17614-17614/? D/BoundBrokerSvc: onBind: Intent { act=com.google.android.gms.common.BIND_SHARED_PREFS pkg=com.google.android.gms }
2022-10-06 11:10:50.056 17614-17614/? D/BoundBrokerSvc: Loading bound service for intent: Intent { act=com.google.android.gms.common.BIND_SHARED_PREFS pkg=com.google.android.gms }
2022-10-06 11:10:50.061 21055-20027/? I/NetworkKit_OkRequestTask: RepTaskHandler|null|com.huawei.hms.network.embedded.g5|execute|4|the request has used the okhttp!
2022-10-06 11:10:50.063 1339-8421/? E/WifiService: enforceCanAccessScanResults: hiding ssid and bssidUID 10026 has no location permission
2022-10-06 11:10:50.065 21055-20027/? I/NetworkKit_DNManager: RepTaskHandler|null|com.huawei.hms.network.embedded.s1|c|42|store-dra.hispace.dbankcloud.com dns resolve source is LocalDns first
2022-10-06 11:10:50.065 21055-20027/? I/NetworkKit_DNManager: RepTaskHandler|null|com.huawei.hms.network.embedded.s1|c|103|store-dra.hispace.dbankcloud.com from cache result is: DomainResult{type='A', addressList is not Empty, createTime=1665079470354, source=LocalDns, cache=1}
2022-10-06 11:10:50.068 7122-7408/? E/: [ZeroHung]zrhung_get_config: Get config failed for wp[0x0008]
2022-10-06 11:10:50.079 15311-15311/? D/BoundBrokerSvc: onBind: Intent { act=com.google.android.gms.gmscompliance.service.START dat=chimera-action:com.google.android.gms.gmscompliance.service.START cmp=com.google.android.gms/.chimera.PersistentBoundBrokerService }
2022-10-06 11:10:50.079 15311-15311/? D/BoundBrokerSvc: Loading bound service for intent: Intent { act=com.google.android.gms.gmscompliance.service.START dat=chimera-action:com.google.android.gms.gmscompliance.service.START cmp=com.google.android.gms/.chimera.PersistentBoundBrokerService }
2022-10-06 11:10:50.084 21055-20037/? I/NetworkKit_OkRequestTask: HttpsBizThreadPool-61|null|com.huawei.hms.network.embedded.g5|execute|4|the request has used the okhttp!
2022-10-06 11:10:50.086 21055-20037/? I/NetworkKit_DNManager: HttpsBizThreadPool-61|null|com.huawei.hms.network.embedded.s1|c|42|appimg2.dbankcdn.com dns resolve source is DNKeeper first
2022-10-06 11:10:50.086 21055-20037/? I/NetworkKit_DNKeeperManager: HttpsBizThreadPool-61|null|com.huawei.hms.framework.network.restclient.dnkeeper.DNKeeperManager|queryIpsSync|31|appimg2.dbankcdn.com query mode is single
2022-10-06 11:10:50.087 21055-20037/? I/NetworkKit_DNKeeperManager: HttpsBizThreadPool-61|null|com.huawei.hms.framework.network.restclient.dnkeeper.DNKeeperManager|queryIpsSync|126|appimg2.dbankcdn.com queryIps from Map
2022-10-06 11:10:50.087 21055-20037/? I/NetworkKit_DNResolverManager: HttpsBizThreadPool-61|null|com.huawei.hms.network.embedded.g2|a|38|appimg2.dbankcdn.com from server result is: DomainResult{type='A', addressList is not Empty, createTime=1665078765127, source=DNKeeper, cache=1}
2022-10-06 11:10:50.106 1339-1818/? I/HwBatteryService: quick charge status : 0
2022-10-06 11:10:50.106 1339-1818/? D/HwBatteryService: onUEvent fcpStatus = 0
2022-10-06 11:10:50.106 1339-1818/? D/HwBatteryService: onUEvent scpStatus = 0 ,ovpStatus = 0
2022-10-06 11:10:50.106 1339-1818/? I/HwBatteryService: handleWirelessTxStatus
2022-10-06 11:10:50.106 1339-1818/? I/HwBatteryService: switch not open, return, mWirelessTxFlag : 0
2022-10-06 11:10:50.106 1339-1818/? W/HwBatteryService: need return. Invalid value: -1
2022-10-06 11:10:50.106 1339-1818/? D/HwBatteryService: setHwChargeTimeRemaining, time = -1 String time: -1
2022-10-06 11:10:50.127 17614-17614/? D/BoundBrokerSvc: onUnbind: Intent { act=com.google.android.gms.common.BIND_SHARED_PREFS pkg=com.google.android.gms }
2022-10-06 11:10:50.136 1339-1339/? W/DE J DES: [effect] ChargingStateReceiver on recieve, mDisplayManager is null! returned.
2022-10-06 11:10:50.138 1339-1339/? I/WifiClientModeImpl: mBcastReceiver: PluggedType = 2 mIsScanCtrlPluggedin = true
2022-10-06 11:10:50.139 1996-1996/? W/KeyguardUpdateMonitor: ACTION_BATTERY_CHANGED AMP: 1400000; Volt: 4657000
2022-10-06 11:10:50.139 1339-1339/? D/HwCustTethering: P2P new plugged:2, current plugged:2
2022-10-06 11:10:50.141 2005-2005/? D/AutoUpdateManager: onReceiveBatteryBroadcast isBatteryCharging:true
2022-10-06 11:10:50.141 1339-1937/? D/HwConnectivityServiceEx: set 10046 wlan0 value false
2022-10-06 11:10:50.142 2005-2005/? W/Settings: Setting device_provisioned has moved from android.provider.Settings.Secure to android.provider.Settings.Global.
2022-10-06 11:10:50.142 2223-2223/? I/MsgReceiver: intent action: android.intent.action.BATTERY_CHANGED
2022-10-06 11:10:50.142 2005-2005/? D/AutoUpdateManager: isDeviceIdle() isBatteryCharging:true,isWifiConnected:true,isScreenOff:false, isStartupGuideFinished:true, isUserUnlocked:true
2022-10-06 11:10:50.142 1996-1996/? W/MagazineUtils: check active connect, state = 1,isMeteredWifi:false
2022-10-06 11:10:50.143 719-719/? E/WifiHAL: enter wifi_get_link_stats
2022-10-06 11:10:50.144 1996-1996/? W/KeyguardUpdateMonitor: ChargingSpeed  Wattage: 6519800 ST: 5000000 --> 7500000
2022-10-06 11:10:50.144 1996-1996/? I/KgBattery: BatteryInfo updated:  2lPc1
2022-10-06 11:10:50.145 1339-1892/? I/WificondControl: Noise: 0, Snr: -1, Chload: 164, rssi: -47, txBitrate: 72, rxBitrate: 65, frequency: 2462, UlDelay: -1, currentTxBytes: 44322496, currentTxPackets: 278348, currentTxFailed: 0, currentRxBytes: 618736274, currentRxPackets: 443131
2022-10-06 11:10:50.145 1339-1937/? D/HwGameAssistantController: isGameForeground? false
2022-10-06 11:10:50.146 1996-1996/? W/HwLockScreenPanel: Handle message: 100
2022-10-06 11:10:50.146 1996-1996/? W/HwLockScreenPanel: refreshBatteryInfo: null
2022-10-06 11:10:50.147 721-1154/? D/asd_out_fwk: L = -39.184078db, R = -40.468639db, Device = 0x2
2022-10-06 11:10:50.148 1996-2167/? W/KgBattery: getCharge info with type: text
2022-10-06 11:10:50.150 1339-1892/? I/TelephonyManager: getAllCellInfo calling app is android
2022-10-06 11:10:50.151 2224-2826/? W/PhoneInterfaceManager: shouldBlockLocation running ...
2022-10-06 11:10:50.151 2224-2826/? I/PhoneInterfaceManager: shouldBlockLocation  ret:false
2022-10-06 11:10:50.151 1996-2167/? W/KgBattery: getCharge info with type: text
2022-10-06 11:10:50.178 16071-20013/? E/FSA2_ContactsSyncIntentOp: Gms doesn't have contacts permission.
2022-10-06 11:10:50.192 3079-3915/? E/: [ZeroHung]zrhung_get_config: Get config failed for wp[0x0008]
2022-10-06 11:10:50.228 15311-16928/? I/NetworkScheduler.Stats: Task com.google.android.gms/com.google.android.gms.clearcut.uploader.QosUploaderService started execution. cause:6 exec_start_elapsed_seconds: 7477524 [CONTEXT service_id=218 ]
2022-10-06 11:10:50.252 1339-8026/? W/ProcBatteryStats: timer is running , not start, name: com.gbox.android, uid: 10309, tag: *gms_scheduler*/com.google.android.gms/.clearcut.uploader.QosUploaderService
2022-10-06 11:10:50.266 17610-17610/? D/BoundBrokerSvc: onBind: Intent { act=com.google.android.gms.phenotype.service.START dat=chimera-action:com.google.android.gms.phenotype.service.START cmp=com.google.android.gms/.chimera.PersistentApiService }
2022-10-06 11:10:50.266 17610-17610/? D/BoundBrokerSvc: Loading bound service for intent: Intent { act=com.google.android.gms.phenotype.service.START dat=chimera-action:com.google.android.gms.phenotype.service.START cmp=com.google.android.gms/.chimera.PersistentApiService }
2022-10-06 11:10:50.272 21055-20027/? I/SecurityComp10200302: SecureSSLSocketFactoryNew: createSocket s host port autoClose
2022-10-06 11:10:50.272 21055-20027/? I/SecurityComp10200302: SecureSSLSocketFactoryNew: set default protocols
2022-10-06 11:10:50.272 21055-20027/? I/SecurityComp10200302: SecureSSLSocketFactoryNew: set default cipher suites
2022-10-06 11:10:50.272 17610-18777/? W/GmsStrictMode: DISK_READ [CONTEXT service_id=256 ]
    android.os.strictmode.DiskReadViolation
        at android.os.StrictMode$AndroidBlockGuardPolicy.onReadFromDisk(StrictMode.java:1556)
        at libcore.io.BlockGuardOs.access(BlockGuardOs.java:69)
        at libcore.io.ForwardingOs.access(ForwardingOs.java:73)
        at android.app.ActivityThread$AndroidOs.access(ActivityThread.java:8189)
        at java.io.UnixFileSystem.checkAccess(UnixFileSystem.java:281)
        at java.io.File.exists(File.java:815)
        at com.gspace.virtual.os.Il1llll111.Il1llll111(SourceFile:1)
        at com.gspace.virtual.os.Il1llll111.ll1111llllI1l(SourceFile:1)
        at com.gspace.virtual.os.Il1llll111.Il1llll111(SourceFile:5)
        at com.gspace.virtual.os.Il1llll111.l1ll1lIIl1I(SourceFile:1)
        at com.gspace.virtual.server.pm.PackageSetting.lIIIl11ll11(SourceFile:21)
        at com.gspace.virtual.server.pm.parser.lIIIl11ll11.lIIIl11ll11(SourceFile:254)
        at com.gspace.virtual.server.pm.parser.lIIIl11ll11.lIIIl11ll11(SourceFile:424)
        at com.gspace.virtual.server.pm.IlIII1l1I1lI.getApplicationInfo(SourceFile:8)
        at com.gspace.virtual.server.ll11II1lIIllI.ll1111llllI1l$lIIIl11ll11.onTransact(SourceFile:80)
        at android.os.Binder.execTransactInternal(Binder.java:1028)
        at android.os.Binder.execTransact(Binder.java:1001)
2022-10-06 11:10:50.273 17610-18777/? W/GmsStrictMode: DISK_READ [CONTEXT service_id=256 ]
    android.os.strictmode.DiskReadViolation
        at android.os.StrictMode$AndroidBlockGuardPolicy.onReadFromDisk(StrictMode.java:1556)
        at libcore.io.BlockGuardOs.access(BlockGuardOs.java:69)
        at libcore.io.ForwardingOs.access(ForwardingOs.java:73)
        at android.app.ActivityThread$AndroidOs.access(ActivityThread.java:8189)
        at java.io.UnixFileSystem.checkAccess(UnixFileSystem.java:281)
        at java.io.File.exists(File.java:815)
        at com.gspace.virtual.os.Il1llll111.Il1llll111(SourceFile:1)
        at com.gspace.virtual.os.Il1llll111.Il1llll111(SourceFile:5)
        at com.gspace.virtual.os.Il1llll111.l1ll1lIIl1I(SourceFile:1)
        at com.gspace.virtual.server.pm.PackageSetting.lIIIl11ll11(SourceFile:21)
        at com.gspace.virtual.server.pm.parser.lIIIl11ll11.lIIIl11ll11(SourceFile:254)
        at com.gspace.virtual.server.pm.parser.lIIIl11ll11.lIIIl11ll11(SourceFile:424)
        at com.gspace.virtual.server.pm.IlIII1l1I1lI.getApplicationInfo(SourceFile:8)
        at com.gspace.virtual.server.ll11II1lIIllI.ll1111llllI1l$lIIIl11ll11.onTransact(SourceFile:80)
        at android.os.Binder.execTransactInternal(Binder.java:1028)
        at android.os.Binder.execTransact(Binder.java:1001)
2022-10-06 11:10:50.273 17610-18777/? W/GmsStrictMode: DISK_READ [CONTEXT service_id=256 ]
    android.os.strictmode.DiskReadViolation
        at android.os.StrictMode$AndroidBlockGuardPolicy.onReadFromDisk(StrictMode.java:1556)
        at libcore.io.BlockGuardOs.access(BlockGuardOs.java:69)
        at libcore.io.ForwardingOs.access(ForwardingOs.java:73)
        at android.app.ActivityThread$AndroidOs.access(ActivityThread.java:8189)
        at java.io.UnixFileSystem.checkAccess(UnixFileSystem.java:281)
        at java.io.File.exists(File.java:815)
        at com.gspace.virtual.os.Il1llll111.Il1llll111(SourceFile:1)
        at com.gspace.virtual.os.Il1llll111.ll1111llllI1l(SourceFile:1)
        at com.gspace.virtual.os.Il1llll111.Il1llll111(SourceFile:5)
        at com.gspace.virtual.os.Il1llll111.lIIIl11ll11(SourceFile:12)
        at com.gspace.virtual.server.pm.parser.lIIIl11ll11.lIIIl11ll11(SourceFile:262)
        at com.gspace.virtual.server.pm.parser.lIIIl11ll11.lIIIl11ll11(SourceFile:424)
        at com.gspace.virtual.server.pm.IlIII1l1I1lI.getApplicationInfo(SourceFile:8)
        at com.gspace.virtual.server.ll11II1lIIllI.ll1111llllI1l$lIIIl11ll11.onTransact(SourceFile:80)
        at android.os.Binder.execTransactInternal(Binder.java:1028)
        at android.os.Binder.execTransact(Binder.java:1001)
2022-10-06 11:10:50.286 16071-16071/? D/BoundBrokerSvc: onBind: Intent { act=com.google.android.gms.common.BIND_SHARED_PREFS pkg=com.google.android.gms cmp=com.google.android.gms/.chimera.GmsInternalBoundBrokerService }
2022-10-06 11:10:50.286 16071-16071/? D/BoundBrokerSvc: Loading bound service for intent: Intent { act=com.google.android.gms.common.BIND_SHARED_PREFS pkg=com.google.android.gms cmp=com.google.android.gms/.chimera.GmsInternalBoundBrokerService }
2022-10-06 11:10:50.299 15311-16850/? E/: [ZeroHung]zrhung_get_config: Get config failed for wp[0x0008]
2022-10-06 11:10:50.305 15311-15311/? D/BoundBrokerSvc: onBind: Intent { act=com.google.android.gms.phenotype.service.START dat=chimera-action:com.google.android.gms.phenotype.service.START cmp=com.google.android.gms/.chimera.PersistentApiService }
2022-10-06 11:10:50.305 15311-15311/? D/BoundBrokerSvc: Loading bound service for intent: Intent { act=com.google.android.gms.phenotype.service.START dat=chimera-action:com.google.android.gms.phenotype.service.START cmp=com.google.android.gms/.chimera.PersistentApiService }
2022-10-06 11:10:50.309 16071-16071/? D/BoundBrokerSvc: onUnbind: Intent { act=com.google.android.gms.common.BIND_SHARED_PREFS pkg=com.google.android.gms cmp=com.google.android.gms/.chimera.GmsInternalBoundBrokerService }
2022-10-06 11:10:50.319 16071-16071/? I/chatty: uid=10307(com.gspace.android) com.google.android.gms identical 1 line
2022-10-06 11:10:50.320 16071-16071/? D/BoundBrokerSvc: onUnbind: Intent { act=com.google.android.gms.common.BIND_SHARED_PREFS pkg=com.google.android.gms cmp=com.google.android.gms/.chimera.GmsInternalBoundBrokerService }
2022-10-06 11:10:50.322 16071-20012/? E/FSA2_ContactsSyncIntentOp: Gms doesn't have contacts permission.
2022-10-06 11:10:50.327 16071-18221/? E/: [ZeroHung]zrhung_get_config: Get config failed for wp[0x0008]
2022-10-06 11:10:50.336 1339-2435/? D/HwConnectivityServiceEx: set 10130 wlan0 value false
2022-10-06 11:10:50.346 721-1154/? D/asd_out_fwk: L = -45.054604db, R = -48.312366db, Device = 0x2
2022-10-06 11:10:50.352 30010-30010/? W/beacon-thread-1: type=1400 audit(0.0:2387176): avc: denied { search } for pid=30010 name="block" dev="sysfs" ino=34898 scontext=u:r:untrusted_app_27:s0:c130,c256,c512,c768 tcontext=u:object_r:sysfs_block:s0 tclass=dir permissive=0
2022-10-06 11:10:50.352 30010-30010/? I/chatty: uid=1036(auditd) com.apkpure.aegon identical 1 line
2022-10-06 11:10:50.352 30010-30010/? W/beacon-thread-1: type=1400 audit(0.0:2387178): avc: denied { search } for pid=30010 name="block" dev="sysfs" ino=34898 scontext=u:r:untrusted_app_27:s0:c130,c256,c512,c768 tcontext=u:object_r:sysfs_block:s0 tclass=dir permissive=0
2022-10-06 11:10:50.364 21055-20037/? I/SecurityComp10200302: SecureSSLSocketFactoryNew: createSocket s host port autoClose
2022-10-06 11:10:50.364 21055-20037/? I/SecurityComp10200302: SecureSSLSocketFactoryNew: set default protocols
2022-10-06 11:10:50.365 21055-20037/? I/SecurityComp10200302: SecureSSLSocketFactoryNew: set default cipher suites
2022-10-06 11:10:50.369 17614-17614/? D/BoundBrokerSvc: onBind: Intent { act=com.google.android.gms.checkin.START pkg=com.google.android.gms }
2022-10-06 11:10:50.369 17614-17614/? D/BoundBrokerSvc: Loading bound service for intent: Intent { act=com.google.android.gms.checkin.START pkg=com.google.android.gms }
2022-10-06 11:10:50.375 16071-16071/? D/BoundBrokerSvc: onBind: Intent { act=com.google.android.gms.common.BIND_SHARED_PREFS pkg=com.google.android.gms cmp=com.google.android.gms/.chimera.GmsInternalBoundBrokerService }
2022-10-06 11:10:50.375 16071-16071/? D/BoundBrokerSvc: Loading bound service for intent: Intent { act=com.google.android.gms.common.BIND_SHARED_PREFS pkg=com.google.android.gms cmp=com.google.android.gms/.chimera.GmsInternalBoundBrokerService }
2022-10-06 11:10:50.382 890-3652/? E/Thermal-daemon:ambient: update_information: dev_current 95, last_avg_current 1323, clear history input table
2022-10-06 11:10:50.486 721-1154/? E/asd_out_fwk: data is NULL and there is no volume data
2022-10-06 11:10:50.489 17610-17610/? D/BoundBrokerSvc: onBind: Intent { act=com.google.android.gms.gmscompliance.service.START dat=chimera-action:com.google.android.gms.gmscompliance.service.START cmp=com.google.android.gms/.chimera.PersistentBoundBrokerService }
2022-10-06 11:10:50.489 17610-17610/? D/BoundBrokerSvc: Loading bound service for intent: Intent { act=com.google.android.gms.gmscompliance.service.START dat=chimera-action:com.google.android.gms.gmscompliance.service.START cmp=com.google.android.gms/.chimera.PersistentBoundBrokerService }
2022-10-06 11:10:50.489 17610-18777/? W/GmsStrictMode: DISK_READ [CONTEXT service_id=256 ]
    android.os.strictmode.DiskReadViolation
        at android.os.StrictMode$AndroidBlockGuardPolicy.onReadFromDisk(StrictMode.java:1556)
        at libcore.io.BlockGuardOs.access(BlockGuardOs.java:69)
        at libcore.io.ForwardingOs.access(ForwardingOs.java:73)
        at android.app.ActivityThread$AndroidOs.access(ActivityThread.java:8189)
        at java.io.UnixFileSystem.checkAccess(UnixFileSystem.java:281)
        at java.io.File.exists(File.java:815)
        at com.gspace.virtual.os.Il1llll111.Il1llll111(SourceFile:1)
        at com.gspace.virtual.os.Il1llll111.ll1111llllI1l(SourceFile:1)
        at com.gspace.virtual.os.Il1llll111.Il1llll111(SourceFile:5)
        at com.gspace.virtual.os.Il1llll111.l1ll1lIIl1I(SourceFile:1)
        at com.gspace.virtual.server.pm.PackageSetting.lIIIl11ll11(SourceFile:21)
        at com.gspace.virtual.server.pm.parser.lIIIl11ll11.lIIIl11ll11(SourceFile:254)
        at com.gspace.virtual.server.pm.parser.lIIIl11ll11.lIIIl11ll11(SourceFile:424)
        at com.gspace.virtual.server.pm.IlIII1l1I1lI.getApplicationInfo(SourceFile:8)
        at com.gspace.virtual.server.ll11II1lIIllI.ll1111llllI1l$lIIIl11ll11.onTransact(SourceFile:80)
2022-10-06 11:10:50.490 17610-18777/? W/GmsStrictMode: DISK_READ [CONTEXT service_id=256 ]
    android.os.strictmode.DiskReadViolation
        at android.os.StrictMode$AndroidBlockGuardPolicy.onReadFromDisk(StrictMode.java:1556)
        at libcore.io.BlockGuardOs.access(BlockGuardOs.java:69)
        at libcore.io.ForwardingOs.access(ForwardingOs.java:73)
        at android.app.ActivityThread$AndroidOs.access(ActivityThread.java:8189)
        at java.io.UnixFileSystem.checkAccess(UnixFileSystem.java:281)
        at java.io.File.exists(File.java:815)
        at com.gspace.virtual.os.Il1llll111.Il1llll111(SourceFile:1)
        at com.gspace.virtual.os.Il1llll111.Il1llll111(SourceFile:5)
        at com.gspace.virtual.os.Il1llll111.l1ll1lIIl1I(SourceFile:1)
        at com.gspace.virtual.server.pm.PackageSetting.lIIIl11ll11(SourceFile:21)
        at com.gspace.virtual.server.pm.parser.lIIIl11ll11.lIIIl11ll11(SourceFile:254)
        at com.gspace.virtual.server.pm.parser.lIIIl11ll11.lIIIl11ll11(SourceFile:424)
        at com.gspace.virtual.server.pm.IlIII1l1I1lI.getApplicationInfo(SourceFile:8)
        at com.gspace.virtual.server.ll11II1lIIllI.ll1111llllI1l$lIIIl11ll11.onTransact(SourceFile:80)
        at android.os.Binder.execTransactInternal(Binder.java:1028)
        at android.os.Binder.execTransact(Binder.java:1001)
2022-10-06 11:10:50.490 17610-18777/? W/GmsStrictMode: DISK_READ [CONTEXT service_id=256 ]
    android.os.strictmode.DiskReadViolation
        at android.os.StrictMode$AndroidBlockGuardPolicy.onReadFromDisk(StrictMode.java:1556)
        at libcore.io.BlockGuardOs.access(BlockGuardOs.java:69)
        at libcore.io.ForwardingOs.access(ForwardingOs.java:73)
        at android.app.ActivityThread$AndroidOs.access(ActivityThread.java:8189)
        at java.io.UnixFileSystem.checkAccess(UnixFileSystem.java:281)
        at java.io.File.exists(File.java:815)
        at com.gspace.virtual.os.Il1llll111.Il1llll111(SourceFile:1)
        at com.gspace.virtual.os.Il1llll111.ll1111llllI1l(SourceFile:1)
        at com.gspace.virtual.os.Il1llll111.Il1llll111(SourceFile:5)
        at com.gspace.virtual.os.Il1llll111.lIIIl11ll11(SourceFile:12)
        at com.gspace.virtual.server.pm.parser.lIIIl11ll11.lIIIl11ll11(SourceFile:262)
        at com.gspace.virtual.server.pm.parser.lIIIl11ll11.lIIIl11ll11(SourceFile:424)
        at com.gspace.virtual.server.pm.IlIII1l1I1lI.getApplicationInfo(SourceFile:8)
        at com.gspace.virtual.server.ll11II1lIIllI.ll1111llllI1l$lIIIl11ll11.onTransact(SourceFile:80)
        at android.os.Binder.execTransactInternal(Binder.java:1028)
        at android.os.Binder.execTransact(Binder.java:1001)
2022-10-06 11:10:50.497 16071-16071/? D/BoundBrokerSvc: onUnbind: Intent { act=com.google.android.gms.common.BIND_SHARED_PREFS pkg=com.google.android.gms cmp=com.google.android.gms/.chimera.GmsInternalBoundBrokerService }
2022-10-06 11:10:50.503 16071-16071/? D/BoundBrokerSvc: onUnbind: Intent { act=com.google.android.gms.common.BIND_SHARED_PREFS pkg=com.google.android.gms cmp=com.google.android.gms/.chimera.GmsInternalBoundBrokerService }
2022-10-06 11:10:50.504 2005-3133/? D/HighSpeedDevicesManager: HighSpeedDevicesObserver onUEvent.
2022-10-06 11:10:50.504 2005-3133/? D/HighSpeedDevicesManager: DP_STATE: null; USB3_STATE: null; ANA_STATE: null; USBPC_STATE: CONNECTED.
2022-10-06 11:10:50.504 2005-3133/? D/HighSpeedDevicesManager: DP_STATE is not valid, do nothings
2022-10-06 11:10:50.504 2005-3133/? D/HighSpeedDevicesManager: USB3_STATE is not valid, do nothings
2022-10-06 11:10:50.504 2005-3133/? D/HighSpeedDevicesManager: ANA_STATE is not valid, do nothings
2022-10-06 11:10:50.504 2005-3133/? D/HighSpeedDevicesManager: onUSBPCConnectedChanged, mIsUsbPcConnected: false -> true
2022-10-06 11:10:50.508 2223-2223/? I/MsgReceiver: intent action: android.hardware.usb.action.USB_STATE
2022-10-06 11:10:50.516 2005-3133/? D/HighSpeedDevicesManager: DPManager notifyDeviceState CONNECTED_DEVICE_STATE_IN.
2022-10-06 11:10:50.525 8482-8482/? D/MtpReceiver: Debug MTP:ACTION_USB_STATE 
2022-10-06 11:10:50.527 721-1154/? W/AudioTrackShared: tallyUnderrunFrames(960) at uf = 960, bump mUnderrunCount = 1 for Id(3321)
2022-10-06 11:10:50.527 721-1154/? D/asd_out_fwk: L = -58.672351db, R = -63.321323db, Device = 0x2
2022-10-06 11:10:50.527 721-1154/? D/asd_out_fwk: 1->0 volume_FrameCount 37, Device = 0x2
2022-10-06 11:10:50.531 15311-20048/? I/NetworkScheduler.Stats: Task com.google.android.gms/com.google.android.gms.clearcut.uploader.QosUploaderService started execution. cause:6 exec_start_elapsed_seconds: 7477525 [CONTEXT service_id=218 ]
2022-10-06 11:10:50.532 1339-8421/? D/MediaPlayerNative: Message: MEDIA_PLAYBACK_COMPLETE(2), ext1=0, ext2=0x0
2022-10-06 11:10:50.534 691-16390/? I/audio_hw_effect: get streamType fail: -2
2022-10-06 11:10:50.534 691-16390/? D/asd_pop: pop_dmd_data_update: set dmd_data.pkg_info = [com.ydgame.trtg.huawei, com.hu, succ
2022-10-06 11:10:50.538 1339-1339/? D/AudioManager: dispatching onPlaybackConfigChanged()
2022-10-06 11:10:50.538 1339-1816/? I/MediaPlayer: [HSM] stayAwake false uid: 1000, pid: 1339
2022-10-06 11:10:50.538 2005-2441/? E/HsmCoreServiceImpl: onTransact in code is: 102
2022-10-06 11:10:50.538 2005-2441/? W/MediaProcessHandler: processOp uid 1000 is not concerned!
2022-10-06 11:10:50.538 2005-2441/? I/MediaProcessHandler: executedCallBack opType: 1 mMediaStatusObservers.size=0
2022-10-06 11:10:50.538 17614-20007/? E/FSA2_ContactsSyncIntentOp: Gms doesn't have contacts permission.
2022-10-06 11:10:50.538 1339-1339/? I/MediaSessionStack: updateMediaButtonSessionIfNeeded, callers=com.android.server.media.MediaSessionService.lambda$onStart$0$MediaSessionService:203 com.android.server.media.-$$Lambda$MediaSessionService$za_9dlUSlnaiZw6eCdPVEZq0XLw.onAudioPlayerActiveStateChanged:2 
2022-10-06 11:10:50.546 721-1154/? I/AudioFlinger: stop output session(28417) pid(1339) 
2022-10-06 11:10:50.547 18116-18116/? W/ContextImpl: Calling a method in the system process without a qualified user: android.app.ContextImpl.startService:1674 android.content.ContextWrapper.startService:669 android.content.ContextWrapper.startService:669 com.android.settings.deviceinfo.UsbReceiver.startUsbService:344 com.android.settings.deviceinfo.UsbReceiver.onUsbStateReceive:188 
2022-10-06 11:10:50.548 2223-2605/? I/PGAudioState: AUDIO_REMOVE_ACTIVE_TRACK, trackId : 3321
2022-10-06 11:10:50.548 2223-2605/? I/PGServer: report state:2 event type:2 pid:1339 uid:1000 pkg:null to pid: 1339
2022-10-06 11:10:50.548 2223-2605/? I/PGServer: report state:2 event type:2 pid:1339 uid:1000 pkg:null to pid: 2223
2022-10-06 11:10:50.548 2223-2605/? D/PGAudioState: audio type:out state:stop pid:1339 uid:1000
2022-10-06 11:10:50.548 1339-8421/? D/BatteryStatsService: begin noteStopAudio
2022-10-06 11:10:50.548 1339-8421/? D/BatteryStatsService: end noteStopAudio
2022-10-06 11:10:50.550 691-16390/? I/audio_hw_primary: update stream types 0
2022-10-06 11:10:50.551 691-16390/? I/audio_hw_effect: get streamType fail: -2
