2022-08-30 08:50:26.927 2743-7384/? E/: [ZeroHung]zrhung_get_config: Get config failed for wp[0x0008]\par
2022-08-30 08:50:26.942 13775-16811/? E/fwkit_msg_arw: [E/fwkit/fwkit_msg_arw 13775:9362 AIDLResponseWrapper.java:61] intent is null\par
2022-08-30 08:50:26.970 13775-18258/? E/fwkit_presetUtil: getSystemApp flag error for com.google.android.gms:com.google.android.gms\par
2022-08-30 08:50:27.002 13775-18132/? E/InnerSdkTask: [E/HwID_APK_log[6.6.0.351|6.6.0.306] [SDK 6.6.0.301]com.huawei.hwid.core/InnerSdkTask 13775:11334 InnerSdkTask.java:534] getServiceToken|start doTask\par
2022-08-30 08:50:27.004 13775-18132/? E/InnerSdkTask: [E/HwID_APK_log[6.6.0.351|6.6.0.306] [SDK 6.6.0.301]com.huawei.hwid.core/InnerSdkTask 13775:11334 InnerSdkTask.java:560] getServiceToken|getIntentResult retCode is 0\par
2022-08-30 08:50:27.006 13775-18132/? E/fwkit_msg_arw: [E/fwkit/fwkit_msg_arw 13775:11334 AIDLResponseWrapper.java:61] intent is null\par
2022-08-30 08:50:27.022 13775-18138/? E/InnerSdkTask: [E/HwID_APK_log[6.6.0.351|6.6.0.306] [SDK 6.6.0.301]com.huawei.hwid.core/InnerSdkTask 13775:11337 InnerSdkTask.java:745] signIn|start doTask\par
2022-08-30 08:50:27.079 13775-18136/? E/InnerSdkTask: [E/HwID_APK_log[6.6.0.351|6.6.0.306] [SDK 6.6.0.301]com.huawei.hwid.core/InnerSdkTask 13775:6373 InnerSdkTask.java:818] signIn|getIntentResult retCode is 0\par
2022-08-30 08:50:27.190 719-719/? E/WifiHAL: enter wifi_get_link_stats\par
2022-08-30 08:50:27.392 2743-18334/? E/SecurityComp10200300:\~SHA: content or algorithm is null.\par
2022-08-30 08:50:27.400 13775-21974/? E/fwkit_msg_arw: [E/fwkit/fwkit_msg_arw 13775:9543 AIDLResponseWrapper.java:61] intent is null\par
2022-08-30 08:50:28.060 1339-31581/? E/AdbDebuggingManager: Caught an exception opening the socket: java.io.IOException: No such file or directory\par
2022-08-30 08:50:29.237 2746-8147/? E/: [ZeroHung]zrhung_get_config: Get config failed for wp[0x0008]\par
2022-08-30 08:50:29.541 17362-17362/? E/HwLauncher: HwAppMarketDownloadModel handleInstallAction op: 0\par
2022-08-30 08:50:29.656 17362-17362/? E/HwLauncher: HwAppMarketDownloadModel handleInstallAction op: 1\par
2022-08-30 08:50:29.727 2746-8194/? E/HiApp.HttpUtil: pool-28-thread-2\{6798\} <<< ERROR >>> checkResponseNew: request Accept: [application/json], response Content-Type: \par
2022-08-30 08:50:30.063 1339-31581/? E/AdbDebuggingManager: Caught an exception opening the socket: java.io.IOException: No such file or directory\par
2022-08-30 08:50:30.207 719-719/? E/WifiHAL: enter wifi_get_link_stats\par
2022-08-30 08:50:31.263 18359-18359/? E/: open file error\par
2022-08-30 08:50:32.064 1339-31581/? E/AdbDebuggingManager: Caught an exception opening the socket: java.io.IOException: No such file or directory\par
2022-08-30 08:50:33.226 719-719/? E/WifiHAL: enter wifi_get_link_stats\par
2022-08-30 08:50:34.065 1339-31581/? E/AdbDebuggingManager: Caught an exception opening the socket: java.io.IOException: No such file or directory\par
2022-08-30 08:50:36.066 1339-31581/? E/AdbDebuggingManager: Caught an exception opening the socket: java.io.IOException: No such file or directory\par
2022-08-30 08:50:36.236 719-719/? E/WifiHAL: enter wifi_get_link_stats\par
2022-08-30 08:50:36.461 2746-8194/? E/HiApp.HttpUtil: pool-28-thread-1\{6786\} <<< ERROR >>> checkResponseNew: request Accept: [application/json], response Content-Type: \par
2022-08-30 08:50:38.068 1339-31581/? E/AdbDebuggingManager: Caught an exception opening the socket: java.io.IOException: No such file or directory\par
2022-08-30 08:50:39.252 719-719/? E/WifiHAL: enter wifi_get_link_stats\par
2022-08-30 08:50:40.069 1339-31581/? E/AdbDebuggingManager: Caught an exception opening the socket: java.io.IOException: No such file or directory\par
2022-08-30 08:50:40.432 881-8378/? E/installd: Failed to open dex metadata file /data/app/com.huawei.intelligent-Fw3A0mbv_DV__DhAJlbiUg==/base.dm: No such file or directory\par
2022-08-30 08:50:40.454 18379-18379/? E/: open file error\par
2022-08-30 08:50:42.070 1339-31581/? E/AdbDebuggingManager: Caught an exception opening the socket: java.io.IOException: No such file or directory\par
2022-08-30 08:50:42.268 719-719/? E/WifiHAL: enter wifi_get_link_stats\par
2022-08-30 08:50:44.071 1339-31581/? E/AdbDebuggingManager: Caught an exception opening the socket: java.io.IOException: No such file or directory\par
2022-08-30 08:50:44.508 1339-1668/? E/HwAodManager: setPowerState with HwAodManager not exist!\par
2022-08-30 08:50:44.537 4748-4748/? E/FullInputEventModel: onStartInput event aborted: if1: could not obtain extracted text (class if1)\par
2022-08-30 08:50:44.562 721-6443/? E/AudioPolicyIntefaceImpl: selectDevice() IDeviceSelectCallback == nullptr\par
2022-08-30 08:50:44.733 2746-2746/? E/ResMng\~NATIVE_MSG_FILTER: endActivityTransaction: margin state not match\par
2022-08-30 08:50:44.739 1339-1668/? E/ColorFade: eglDestroySurface failed: error 12301\par
    java.lang.Throwable\par
        at com.android.server.display.ColorFade.logEglError(ColorFade.java:691)\par
        at com.android.server.display.ColorFade.destroyEglSurface(ColorFade.java:627)\par
        at com.android.server.display.ColorFade.dismissResources(ColorFade.java:334)\par
        at com.android.server.display.DisplayPowerState.dismissColorFadeResources(DisplayPowerState.java:282)\par
        at com.android.server.display.DisplayPowerController.animateScreenStateChange(DisplayPowerController.java:2531)\par
        at com.android.server.display.DisplayPowerController.updatePowerState(DisplayPowerController.java:1460)\par
        at com.android.server.display.DisplayPowerController.access$1900(DisplayPowerController.java:153)\par
        at com.android.server.display.DisplayPowerController$DisplayControllerHandler.handleMessage(DisplayPowerController.java:3014)\par
        at android.os.Handler.dispatchMessage(Handler.java:110)\par
        at android.os.Looper.loop(Looper.java:219)\par
        at android.os.HandlerThread.run(HandlerThread.java:67)\par
        at com.android.server.ServiceThread.run(ServiceThread.java:44)\par
2022-08-30 08:50:44.740 1996-2062/? E/: [ZeroHung]zrhung_get_config: Get config failed for wp[0x0008]\par
2022-08-30 08:50:44.742 718-718/? E/TS_Service: hwSetFeatureConfig\par
2022-08-30 08:50:44.742 718-718/? E/TS_HAL: ts_file_operate: open {{\field{\*\fldinst{HYPERLINK file:/sys/touchscreen/power_switch_ctrl }}{\fldrslt{file:/sys/touchscreen/power_switch_ctrl\ul0\cf0}}}}\f0\fs22  fail\par
2022-08-30 08:50:44.742 718-718/? E/TS_HAL: power_switch_ctrl:cmd write fail,ret=-2\par
2022-08-30 08:50:44.747 2746-2746/? E/ResMng\~NATIVE_MSG_FILTER: endActivityTransaction: margin state not match\par
2022-08-30 08:50:44.748 3028-25901/? E/AppLifeChangeSensor: CAWARENESS: activityPaused mAppLifeChangeCallback is null \par
2022-08-30 08:50:44.756 2746-2746/? E/ResMng\~NATIVE_MSG_FILTER: endActivityTransaction: margin state not match\par
2022-08-30 08:50:44.757 2005-2649/? E/SmartDualCardConfig: isAppInBlackList false,items==null\par
2022-08-30 08:50:44.815 721-1154/? E/asd_out_fwk: data is NULL and there is no volume data\par
2022-08-30 08:50:44.980 869-1878/? E/dubaid: [DpmHandler.cpp] UpdateIpData# Cannot find ip name: NPU_LM_BUSY0\par
2022-08-30 08:50:44.980 869-1878/? E/dubaid: [DpmHandler.cpp] UpdateIpData# Cannot find ip name: NPU_LM_BUSY1\par
2022-08-30 08:50:44.980 869-1878/? E/dubaid: [DpmHandler.cpp] UpdateIpData# Cannot find ip name: NPU_LM_BUSY2\par
2022-08-30 08:50:44.980 869-1878/? E/dubaid: [DpmHandler.cpp] UpdateIpData# Cannot find ip name: NPU_LM_BUSY3\par
2022-08-30 08:50:44.980 869-1878/? E/dubaid: [DpmHandler.cpp] UpdateIpData# Cannot find ip name: NPU_LM_BUSY4\par
2022-08-30 08:50:44.980 869-1878/? E/dubaid: [DpmHandler.cpp] UpdateIpData# Cannot find ip name: DMSS_BUSY\par
2022-08-30 08:50:44.980 869-1878/? E/dubaid: [DpmHandler.cpp] UpdateIpData# Cannot find ip name: MODEM_BUSY1\par
2022-08-30 08:50:44.980 869-1878/? E/dubaid: [DpmHandler.cpp] UpdateIpData# Cannot find ip name: [MODEM_GLBUS]\par
2022-08-30 08:50:44.980 869-1878/? E/dubaid: [DpmHandler.cpp] UpdateIpData# Cannot find ip name: PERI_AUTODIV_STAT11\par
2022-08-30 08:50:44.980 869-1878/? E/dubaid: [DpmHandler.cpp] UpdateIpData# Cannot find ip name: IVP_AUTODIV\par
2022-08-30 08:50:44.980 869-1878/? E/dubaid: [DpmHandler.cpp] UpdateIpData# Cannot find ip name: AI_CPU_IDLE\par
2022-08-30 08:50:44.980 869-1878/? E/dubaid: [DpmHandler.cpp] UpdateIpData# Cannot find ip name: AI_CPU_AUTODIV\par
2022-08-30 08:50:44.980 869-1878/? E/dubaid: [DpmHandler.cpp] UpdateIpData# Cannot find ip name: CC712_STAT\par
2022-08-30 08:50:44.980 869-1878/? E/dubaid: [DpmHandler.cpp] UpdateIpData# Cannot find ip name: PERI_AUTODIV_STAT19\par
2022-08-30 08:50:44.980 869-1878/? E/dubaid: [DpmHandler.cpp] UpdateIpData# Cannot find ip name: TSCPU_AUTODIV\par
2022-08-30 08:50:44.980 869-1878/? E/dubaid: [DpmHandler.cpp] UpdateIpData# Cannot find ip name: PERI_AUTODIV_STAT21\par
2022-08-30 08:50:44.980 869-1878/? E/dubaid: [DpmHandler.cpp] UpdateIpData# Cannot find ip name: PERI_AUTODIV_STAT22\par
2022-08-30 08:50:44.980 869-1878/? E/dubaid: [DpmHandler.cpp] UpdateIpData# Cannot find ip name: PERI_AUTODIV_STAT23\par
2022-08-30 08:50:44.980 869-1878/? E/dubaid: [DpmHandler.cpp] UpdateIpData# Cannot find ip name: PERI_AUTODIV_STAT24\par
2022-08-30 08:50:44.981 869-1878/? E/dubaid: [DpmHandler.cpp] UpdateIpData# Cannot find ip name: PERI_AUTODIV_STAT25\par
2022-08-30 08:50:44.981 869-1878/? E/dubaid: [DpmHandler.cpp] UpdateIpData# Cannot find ip name: LPMCU_AUTODIV\par
2022-08-30 08:50:44.981 869-1878/? E/dubaid: [DpmHandler.cpp] UpdateIpData# Cannot find ip name: NPUBUS_CFG_AUTODIV\par
2022-08-30 08:50:44.981 869-1878/? E/dubaid: [DpmHandler.cpp] UpdateIpData# Cannot find ip name: NPUBUS_AUTODIV\par
2022-08-30 08:50:44.981 869-1878/? E/dubaid: [DpmHandler.cpp] UpdateIpData# Cannot find ip name: ISP_LM_BUSY0\par
2022-08-30 08:50:44.981 869-1878/? E/dubaid: [DpmHandler.cpp] UpdateIpData# Cannot find ip name: ISP_LM_BUSY1\par
2022-08-30 08:50:44.981 869-1878/? E/dubaid: [DpmHandler.cpp] UpdateIpData# Cannot find ip name: ISP_LM_BUSY2\par
2022-08-30 08:50:44.981 869-1878/? E/dubaid: [DpmHandler.cpp] UpdateIpData# Cannot find ip name: ISP_LM_BUSY3\par
2022-08-30 08:50:44.981 869-1878/? E/dubaid: [DpmHandler.cpp] UpdateIpData# Cannot find ip name: IVP_AXI_BUS_BUSY\par
2022-08-30 08:50:44.981 869-1878/? E/dubaid: [DpmHandler.cpp] UpdateIpData# Cannot find ip name: IVP_DSP_BUSY\par
2022-08-30 08:50:44.981 869-1878/? E/dubaid: [DpmHandler.cpp] UpdateIpData# Cannot find ip name: VENC_LM_BUSY0\par
2022-08-30 08:50:44.981 869-1878/? E/dubaid: [DpmHandler.cpp] UpdateIpData# Cannot find ip name: VENC_LM_BUSY1\par
2022-08-30 08:50:44.981 869-1878/? E/dubaid: [DpmHandler.cpp] UpdateIpData# Cannot find ip name: VENC_LM_BUSY2\par
2022-08-30 08:50:44.981 869-1878/? E/dubaid: [DpmHandler.cpp] UpdateIpData# Cannot find ip name: VENC_LM_BUSY3\par
2022-08-30 08:50:44.981 869-1878/? E/dubaid: [DpmHandler.cpp] UpdateIpData# Cannot find ip name: VENC_LM_BUSY4\par
2022-08-30 08:50:44.981 869-1878/? E/dubaid: [DpmHandler.cpp] UpdateIpData# Cannot find ip name: VENC_LM_BUSY5\par
2022-08-30 08:50:44.981 869-1878/? E/dubaid: [DpmHandler.cpp] UpdateIpData# Cannot find ip name: VENC_LM_BUSY6\par
2022-08-30 08:50:44.981 869-1878/? E/dubaid: [DpmHandler.cpp] UpdateIpData# Cannot find ip name: VENC_LM_BUSY7\par
2022-08-30 08:50:44.981 869-1878/? E/dubaid: [DpmHandler.cpp] UpdateIpData# Cannot find ip name: VENC_LM_BUSY8\par
2022-08-30 08:50:44.981 869-1878/? E/dubaid: [DpmHandler.cpp] UpdateIpData# Cannot find ip name: VDEC_LM_BUSY0\par
2022-08-30 08:50:44.981 869-1878/? E/dubaid: [DpmHandler.cpp] UpdateIpData# Cannot find ip name: VDEC_LM_BUSY1\par
2022-08-30 08:50:44.981 869-1878/? E/dubaid: [DpmHandler.cpp] UpdateIpData# Cannot find ip name: VDEC_LM_BUSY2\par
2022-08-30 08:50:44.981 869-1878/? E/dubaid: [DpmHandler.cpp] UpdateIpData# Cannot find ip name: VDEC_LM_BUSY3\par
2022-08-30 08:50:44.981 869-1878/? E/dubaid: [DpmHandler.cpp] UpdateIpData# Cannot find ip name: VDEC_LM_BUSY4\par
2022-08-30 08:50:44.981 869-1878/? E/dubaid: [DpmHandler.cpp] UpdateIpData# Cannot find ip name: VDEC_LM_BUSY5\par
2022-08-30 08:50:44.981 869-1878/? E/dubaid: [DpmHandler.cpp] UpdateIpData# Cannot find ip name: VDEC_LM_BUSY6\par
2022-08-30 08:50:44.981 869-1878/? E/dubaid: [DpmHandler.cpp] UpdateIpData# Cannot find ip name: VDEC_LM_BUSY7\par
2022-08-30 08:50:44.981 869-1878/? E/dubaid: [DpmHandler.cpp] UpdateIpData# Cannot find ip name: IOMCU_ACCESS_STAT\par
2022-08-30 08:50:44.981 869-1878/? E/dubaid: [DpmHandler.cpp] UpdateIpData# Cannot find ip name: MMC1BUS\par
2022-08-30 08:50:44.981 869-1878/? E/dubaid: [DpmHandler.cpp] UpdateIpData# Cannot find ip name: MMC1BUS_AUTODIV\par
2022-08-30 08:50:44.981 869-1878/? E/dubaid: [DpmHandler.cpp] UpdateIpData# Cannot find ip name: AO_AUTODIV_STAT6\par
2022-08-30 08:50:44.981 869-1878/? E/dubaid: [DpmHandler.cpp] UpdateIpData# Cannot find ip name: AO_AUTODIV_STAT7\par
2022-08-30 08:50:44.995 698-1199/? E/DE\~H\~=ACET: countAceError:558: getACE() return 1\par
2022-08-30 08:50:45.026 2746-8194/? E/HiApp.HttpUtil: pool-28-thread-1\{6786\} <<< ERROR >>> checkResponseNew: request Accept: [application/json], response Content-Type: \par
2022-08-30 08:50:45.065 1996-1996/? E/HiddenSpace: update HiddenSpaceData!\par
2022-08-30 08:50:45.065 2746-8194/? E/HiApp.HttpUtil: pool-28-thread-2\{6798\} <<< ERROR >>> checkResponseNew: request Accept: [application/json], response Content-Type: \par
2022-08-30 08:50:45.073 1339-9530/? E/WindowManager: win=Window\{2133939 u0 com.huawei.appmarket/com.huawei.appmarket.MarketActivity\} destroySurfaces: appStopped=true win.mWindowRemovalAllowed=false win.mRemoveOnExit=false\par
2022-08-30 08:50:45.077 1996-1996/? E/LocalCalendar: invalid param calendarId. \par
2022-08-30 08:50:45.077 1996-1996/? E/LocalCalendar: invalid param calendarId. \par
2022-08-30 08:50:45.079 2746-2746/? E/ResMng\~NATIVE_MSG_FILTER: endActivityTransaction: margin state not match\par
2022-08-30 08:50:45.089 718-718/? E/TS_Service: hwTsSetAftConfig\par
2022-08-30 08:50:45.110 1339-1849/? E/WindowManager: win=Window\{b1720cd u0 GestureNavBottom\} destroySurfaces: appStopped=true win.mWindowRemovalAllowed=false win.mRemoveOnExit=false\par
2022-08-30 08:50:45.114 719-719/? E/WifiHAL: enter wifi_get_link_stats\par
2022-08-30 08:50:45.156 1996-1996/? E/LocalCalendar: invalid param calendarId. \par
2022-08-30 08:50:45.157 1996-1996/? E/LocalCalendar: invalid param calendarId. \par
2022-08-30 08:50:45.253 2005-2649/? E/BoosterUtil: convertSubIdToSlotId failed, subId:0, slotId:-1\par
2022-08-30 08:50:45.253 2005-2649/? E/BoosterUtil: getDefaultDataSlotId failed, invalid slotId:-1, subId:0\par
2022-08-30 08:50:45.254 2005-2649/? E/BoosterUtil: convertSubIdToSlotId failed, subId:0, slotId:-1\par
2022-08-30 08:50:45.254 2005-2649/? E/BoosterUtil: getDefaultDataSlotId failed, invalid slotId:-1, subId:0\par
2022-08-30 08:50:45.254 2005-2649/? E/BoosterGameP: inValidCQI:-1\par
2022-08-30 08:50:45.255 2005-2649/? E/BoosterUtil: convertSubIdToSlotId failed, subId:0, slotId:-1\par
2022-08-30 08:50:45.255 2005-2649/? E/BoosterUtil: getDefaultDataSlotId failed, invalid slotId:-1, subId:0\par
2022-08-30 08:50:45.256 2005-2649/? E/BoosterUtil: convertSubIdToSlotId failed, subId:0, slotId:-1\par
2022-08-30 08:50:45.256 2005-2649/? E/BoosterUtil: getDefaultDataSlotId failed, invalid slotId:-1, subId:0\par
2022-08-30 08:50:45.257 2005-2649/? E/BoosterUtil: convertSubIdToSlotId failed, subId:0, slotId:-1\par
2022-08-30 08:50:45.257 2005-2649/? E/BoosterUtil: getDefaultDataSlotId failed, invalid slotId:-1, subId:0\par
2022-08-30 08:50:45.257 2005-2649/? E/BoosterUtil: convertSubIdToSlotId failed, subId:0, slotId:-1\par
2022-08-30 08:50:45.257 2005-2649/? E/BoosterUtil: getDefaultDataSlotId failed, invalid slotId:-1, subId:0\par
2022-08-30 08:50:45.258 2005-2649/? E/BoosterUtil: convertSubIdToSlotId failed, subId:0, slotId:-1\par
2022-08-30 08:50:45.258 2005-2649/? E/BoosterUtil: getDefaultDataSlotId failed, invalid slotId:-1, subId:0\par
2022-08-30 08:50:45.259 2005-2649/? E/BoosterUtil: convertSubIdToSlotId failed, subId:0, slotId:-1\par
2022-08-30 08:50:45.259 2005-2649/? E/BoosterUtil: getDefaultDataSlotId failed, invalid slotId:-1, subId:0\par
2022-08-30 08:50:45.260 2005-2649/? E/BoosterUtil: convertSubIdToSlotId failed, subId:0, slotId:-1\par
2022-08-30 08:50:45.260 2005-2649/? E/BoosterUtil: getDefaultDataSlotId failed, invalid slotId:-1, subId:0\par
2022-08-30 08:50:45.261 2005-2649/? E/BoosterUtil: convertSubIdToSlotId failed, subId:0, slotId:-1\par
2022-08-30 08:50:45.261 2005-2649/? E/BoosterUtil: getDefaultDataSlotId failed, invalid slotId:-1, subId:0\par
2022-08-30 08:50:45.262 2005-2649/? E/BoosterUtil: convertSubIdToSlotId failed, subId:0, slotId:-1\par
2022-08-30 08:50:45.262 2005-2649/? E/BoosterUtil: getDefaultDataSlotId failed, invalid slotId:-1, subId:0\par
2022-08-30 08:50:45.263 2005-2649/? E/BoosterUtil: convertSubIdToSlotId failed, subId:0, slotId:-1\par
2022-08-30 08:50:45.263 2005-2649/? E/BoosterUtil: getDefaultDataSlotId failed, invalid slotId:-1, subId:0\par
2022-08-30 08:50:45.263 2005-2649/? E/BoosterUtil: convertSubIdToSlotId failed, subId:0, slotId:-1\par
2022-08-30 08:50:45.263 2005-2649/? E/BoosterUtil: getDefaultDataSlotId failed, invalid slotId:-1, subId:0\par
2022-08-30 08:50:45.272 2005-2649/? E/BoosterUtil: convertSubIdToSlotId failed, subId:0, slotId:-1\par
2022-08-30 08:50:45.272 2005-2649/? E/BoosterUtil: getDefaultDataSlotId failed, invalid slotId:-1, subId:0\par
2022-08-30 08:50:45.331 1339-1849/? E/WindowManager: win=Window\{40ec7ff u0 GestureNavLeft\} destroySurfaces: appStopped=true win.mWindowRemovalAllowed=false win.mRemoveOnExit=false\par
2022-08-30 08:50:45.340 1339-1849/? E/WindowManager: win=Window\{9cef6b8 u0 GestureNavRight\} destroySurfaces: appStopped=true win.mWindowRemovalAllowed=false win.mRemoveOnExit=false\par
2022-08-30 08:50:45.419 3000-3000/? E/libnfc_nci: [ERROR:NativeNfcManager.cpp(7484)] nfcManager_doSetScreenOrPowerState: Enter\par
2022-08-30 08:50:45.419 3000-3000/? E/com.android.nf: ConfigFile - [getInstance\par
2022-08-30 08:50:45.419 3000-3000/? E/com.android.nf: key=NXP_CORE_SCRN_OFF_AUTONOMOUS_ENABLE1\par
2022-08-30 08:50:45.419 3000-3000/? E/com.android.nf: NfcConfig::getUnsignedNXP_CORE_SCRN_OFF_AUTONOMOUS_ENABLE\par
2022-08-30 08:50:45.419 3000-3000/? E/com.android.nf: ConfigFile - [getInstance\par
2022-08-30 08:50:45.419 3000-3000/? E/libnfc_nci: [ERROR:TransactionController.cpp(210)] transactionAttempt: Transaction attempted actionId enter.\par
2022-08-30 08:50:45.420 3000-3000/? E/libnfc_nci: [ERROR:TransactionController.cpp(217)] transactionAttempt: Transaction attempted : 15 when barrier is: 1\par
2022-08-30 08:50:45.420 3000-3000/? E/libnfc_nci: [ERROR:TransactionController.cpp(245)] transactionAttempt: Transaction granted : 15 \par
2022-08-30 08:50:45.420 3000-3000/? E/libnfc_nci: [ERROR:TransactionController.cpp(250)] transactionAttempt: Transaction granted : 15 and barrier is: 0\par
2022-08-30 08:50:45.420 715-715/? E/: GetInstance:enter\par
2022-08-30 08:50:45.421 715-715/? E/: GetInstance:enter  nxp_config_name /sys/nfc/nxp_config_name \par
2022-08-30 08:50:45.421 715-715/? E/: GetInstance: theInstance.mValidFile = 1\par
2022-08-30 08:50:45.423 3028-4371/? E/TimeReport: CAWARENESS: getTimeController() baseAwareController error\par
2022-08-30 08:50:45.430 715-715/? E/: GetInstance:enter\par
2022-08-30 08:50:45.430 715-715/? E/: GetInstance:enter  nxp_config_name /sys/nfc/nxp_config_name \par
2022-08-30 08:50:45.430 715-715/? E/: GetInstance: theInstance.mValidFile = 1\par
2022-08-30 08:50:45.433 3000-4520/? E/com.android.nf: ConfigFile - [getInstance\par
2022-08-30 08:50:45.433 3000-4520/? E/com.android.nf: key=NXP_FWD_FUNCTIONALITY_ENABLE0\par
2022-08-30 08:50:45.433 3000-4520/? E/com.android.nf: ConfigFile - [getInstance\par
2022-08-30 08:50:45.433 3000-4520/? E/com.android.nf: key=HOST_LISTEN_TECH_MASK1\par
2022-08-30 08:50:45.433 3000-4520/? E/com.android.nf: NfcConfig::getUnsignedHOST_LISTEN_TECH_MASK\par
2022-08-30 08:50:45.433 3000-4520/? E/com.android.nf: ConfigFile - [getInstance\par
2022-08-30 08:50:45.433 3000-4520/? E/com.android.nf: ConfigFile - [getInstance\par
2022-08-30 08:50:45.433 3000-4520/? E/com.android.nf: key=UICC_LISTEN_TECH_MASK1\par
2022-08-30 08:50:45.433 3000-4520/? E/com.android.nf: NfcConfig::getUnsignedUICC_LISTEN_TECH_MASK\par
2022-08-30 08:50:45.433 3000-4520/? E/com.android.nf: ConfigFile - [getInstance\par
2022-08-30 08:50:45.433 3000-4520/? E/com.android.nf: ConfigFile - [getInstance\par
2022-08-30 08:50:45.433 3000-4520/? E/com.android.nf: key=NXP_ESE_LISTEN_TECH_MASK1\par
2022-08-30 08:50:45.433 3000-4520/? E/com.android.nf: NfcConfig::getUnsignedNXP_ESE_LISTEN_TECH_MASK\par
2022-08-30 08:50:45.433 3000-4520/? E/com.android.nf: ConfigFile - [getInstance\par
2022-08-30 08:50:45.433 3000-4520/? E/com.android.nf: ConfigFile - [getInstance\par
2022-08-30 08:50:45.433 3000-4520/? E/com.android.nf: key=P2P_LISTEN_TECH_MASK1\par
2022-08-30 08:50:45.433 3000-4520/? E/com.android.nf: NfcConfig::getUnsignedP2P_LISTEN_TECH_MASK\par
2022-08-30 08:50:45.433 3000-4520/? E/com.android.nf: ConfigFile - [getInstance\par
2022-08-30 08:50:45.433 3000-4520/? E/com.android.nf: ConfigFile - [getInstance\par
2022-08-30 08:50:45.433 3000-4520/? E/com.android.nf: key=HOST_LISTEN_TECH_MASK1\par
2022-08-30 08:50:45.433 3000-4520/? E/com.android.nf: NfcConfig::getUnsignedHOST_LISTEN_TECH_MASK\par
2022-08-30 08:50:45.433 3000-4520/? E/com.android.nf: ConfigFile - [getInstance\par
2022-08-30 08:50:45.434 715-715/? E/: GetInstance:enter\par
2022-08-30 08:50:45.434 715-715/? E/: GetInstance:enter  nxp_config_name /sys/nfc/nxp_config_name \par
2022-08-30 08:50:45.434 715-715/? E/: GetInstance: theInstance.mValidFile = 1\par
2022-08-30 08:50:45.437 715-715/? E/: GetInstance:enter\par
2022-08-30 08:50:45.438 715-715/? E/: GetInstance:enter  nxp_config_name /sys/nfc/nxp_config_name \par
2022-08-30 08:50:45.438 715-715/? E/: GetInstance: theInstance.mValidFile = 1\par
2022-08-30 08:50:45.456 3000-3000/? E/libnfc_nci: [ERROR:TransactionController.cpp(210)] transactionAttempt: Transaction attempted actionId enter.\par
2022-08-30 08:50:45.456 3000-3000/? E/libnfc_nci: [ERROR:TransactionController.cpp(217)] transactionAttempt: Transaction attempted : 9 when barrier is: 1\par
2022-08-30 08:50:45.456 3000-3000/? E/libnfc_nci: [ERROR:TransactionController.cpp(245)] transactionAttempt: Transaction granted : 9 \par
2022-08-30 08:50:45.456 3000-3000/? E/libnfc_nci: [ERROR:TransactionController.cpp(250)] transactionAttempt: Transaction granted : 9 and barrier is: 0\par
2022-08-30 08:50:45.457 715-715/? E/: GetInstance:enter\par
2022-08-30 08:50:45.457 715-715/? E/: GetInstance:enter  nxp_config_name /sys/nfc/nxp_config_name \par
2022-08-30 08:50:45.457 715-715/? E/: GetInstance: theInstance.mValidFile = 1\par
2022-08-30 08:50:45.461 3000-3000/? E/com.android.nf: ConfigFile - [getInstance\par
2022-08-30 08:50:45.461 3000-3000/? E/com.android.nf: key=UICC_LISTEN_TECH_MASK1\par
2022-08-30 08:50:45.461 3000-3000/? E/com.android.nf: NfcConfig::getUnsignedUICC_LISTEN_TECH_MASK\par
2022-08-30 08:50:45.461 3000-3000/? E/com.android.nf: ConfigFile - [getInstance\par
2022-08-30 08:50:45.461 3000-3000/? E/com.android.nf: ConfigFile - [getInstance\par
2022-08-30 08:50:45.461 3000-3000/? E/com.android.nf: key=P2P_LISTEN_TECH_MASK1\par
2022-08-30 08:50:45.461 3000-3000/? E/com.android.nf: NfcConfig::getUnsignedP2P_LISTEN_TECH_MASK\par
2022-08-30 08:50:45.462 3000-3000/? E/com.android.nf: ConfigFile - [getInstance\par
2022-08-30 08:50:45.462 3000-4520/? E/libnfc_nci: [ERROR:NativeNfcManager.cpp(1657)] nfaConnectionCallback: unknown event ????\par
2022-08-30 08:50:45.510 17362-17362/? E/: [ZeroHung]zrhung_get_config: Get config failed for wp[0x0008]\par
2022-08-30 08:50:45.557 13775-17648/? E/: [ZeroHung]zrhung_get_config: Get config failed for wp[0x0008]\par
2022-08-30 08:50:45.699 932-995/? E/FusionD: (FdMsgProcessing:946):Msg Id is invalid!\par
2022-08-30 08:50:45.859 25941-26298/? E/: [ZeroHung]zrhung_get_config: Get config failed for wp[0x0008]\par
2022-08-30 08:50:46.073 1339-31581/? E/AdbDebuggingManager: Caught an exception opening the socket: java.io.IOException: No such file or directory\par
2022-08-30 08:50:46.794 31498-2312/? E/: [ZeroHung]zrhung_get_config: Get config failed for wp[0x0008]\par
2022-08-30 08:50:48.074 1339-31581/? E/AdbDebuggingManager: Caught an exception opening the socket: java.io.IOException: No such file or directory\par
2022-08-30 08:50:49.741 2746-8147/? E/: [ZeroHung]zrhung_get_config: Get config failed for wp[0x0008]\par
2022-08-30 08:50:50.067 900-929/? E/AwareLog: iawared: ChangePropertyContent open /sys/kernel/highload/enable fail errno(2)!\par
2022-08-30 08:50:50.075 1339-31581/? E/AdbDebuggingManager: Caught an exception opening the socket: java.io.IOException: No such file or directory\par
2022-08-30 08:50:50.599 7095-8390/? E/: [ZeroHung]zrhung_get_config: Get config failed for wp[0x0008]\par
2022-08-30 08:50:50.653 1339-1740/? E/HwSecurityService: not find this Resident Plugin\par
2022-08-30 08:50:50.719 881-8378/? E/: Couldn't opendir /data/app/vmdl1747227794.tmp: No such file or directory\par
2022-08-30 08:50:50.719 881-8378/? E/installd: Failed to delete /data/app/vmdl1747227794.tmp: No such file or directory\par
2022-08-30 08:50:50.741 1102-8471/? E/: [ZeroHung]zrhung_get_config: Get config failed for wp[0x0008]\par
2022-08-30 08:50:50.751 2005-2649/? E/BoosterUtil: convertSubIdToSlotId failed, subId:0, slotId:-1\par
2022-08-30 08:50:50.751 2005-2649/? E/BoosterUtil: getDefaultDataSlotId failed, invalid slotId:-1, subId:0\par
2022-08-30 08:50:50.752 2005-2649/? E/BoosterUtil: convertSubIdToSlotId failed, subId:0, slotId:-1\par
2022-08-30 08:50:50.752 2005-2649/? E/BoosterUtil: getDefaultDataSlotId failed, invalid slotId:-1, subId:0\par
2022-08-30 08:50:50.753 2005-2649/? E/BoosterUtil: convertSubIdToSlotId failed, subId:0, slotId:-1\par
2022-08-30 08:50:50.753 2005-2649/? E/BoosterUtil: getDefaultDataSlotId failed, invalid slotId:-1, subId:0\par
2022-08-30 08:50:50.754 2005-2649/? E/BoosterUtil: convertSubIdToSlotId failed, subId:0, slotId:-1\par
2022-08-30 08:50:50.754 2005-2649/? E/BoosterUtil: getDefaultDataSlotId failed, invalid slotId:-1, subId:0\par
2022-08-30 08:50:50.754 2005-2649/? E/BoosterUtil: convertSubIdToSlotId failed, subId:0, slotId:-1\par
2022-08-30 08:50:50.754 2005-2649/? E/BoosterUtil: getDefaultDataSlotId failed, invalid slotId:-1, subId:0\par
2022-08-30 08:50:50.755 2005-2649/? E/BoosterUtil: convertSubIdToSlotId failed, subId:0, slotId:-1\par
2022-08-30 08:50:50.755 2005-2649/? E/BoosterUtil: getDefaultDataSlotId failed, invalid slotId:-1, subId:0\par
2022-08-30 08:50:50.756 2005-2649/? E/BoosterUtil: convertSubIdToSlotId failed, subId:0, slotId:-1\par
2022-08-30 08:50:50.756 2005-2649/? E/BoosterUtil: getDefaultDataSlotId failed, invalid slotId:-1, subId:0\par
2022-08-30 08:50:50.758 2005-2649/? E/BoosterUtil: convertSubIdToSlotId failed, subId:0, slotId:-1\par
2022-08-30 08:50:50.758 2005-2649/? E/BoosterUtil: getDefaultDataSlotId failed, invalid slotId:-1, subId:0\par
2022-08-30 08:50:50.771 2739-7298/? E/: [ZeroHung]zrhung_get_config: Get config failed for wp[0x0008]\par
2022-08-30 08:50:50.830 16367-16367/? E/awei.deviceaut: Not starting debugger since process cannot load the jdwp agent.\par
2022-08-30 08:50:50.912 1339-2166/? E/ProcessInfoCollector: getProcessInfo: failed to find this proc \par
2022-08-30 08:50:50.917 17347-17347/? E/dsdscardmanage: Not starting debugger since process cannot load the jdwp agent.\par
2022-08-30 08:50:50.925 14211-14898/? E/: [ZeroHung]zrhung_get_config: Get config failed for wp[0x0008]\par
2022-08-30 08:50:50.930 13775-20629/? E/fwkit_kpmsCoreBinder: [E/fwkit/fwkit_kpmsCoreBinder 13775:9512 KPmsCoreBinder.java:204] getInstalledPlugin kitInfo is invalid\par
2022-08-30 08:50:50.963 1339-2166/? E/ProcessInfoCollector: getProcessInfo: failed to find this proc \par
2022-08-30 08:50:50.984 2001-2928/? E/HSM_BG: f:xmlRootElement IllegalArgumentException\par
2022-08-30 08:50:50.984 2001-2928/? E/HSM_BG: AutoStartupXmlUtils:XmlParserException\par
2022-08-30 08:50:51.020 17362-17362/? E/HwLauncher: HwAppMarketDownloadModel handleInstallAction op: 2\par
2022-08-30 08:50:51.021 2001-2001/? E/HSM_BG: AppCleanUpService:msg is 1\par
2022-08-30 08:50:51.030 26275-28656/? E/: [ZeroHung]zrhung_get_config: Get config failed for wp[0x0008]\par
2022-08-30 08:50:51.047 16151-16939/? E/: [ZeroHung]zrhung_get_config: Get config failed for wp[0x0008]\par
2022-08-30 08:50:51.052 17354-17354/? E/ndroid.keychai: Not starting debugger since process cannot load the jdwp agent.\par
2022-08-30 08:50:51.067 2224-2224/? E/VvmPkgInstalledRcvr: cannot create TelephonyManager from ComponentInfo\{com.android.phone/com.android.services.telephony.TelephonyConnectionService\}, ***, UserHandle\{0\}\par
2022-08-30 08:50:51.080 2001-2001/? E/HSM_BG: AppCleanUpService:msg is 0\par
2022-08-30 08:50:51.088 1339-2166/? E/ProcessInfoCollector: getProcessInfo: failed to find this proc \par
2022-08-30 08:50:51.089 16151-18559/? E/ActivityThread: Failed to find provider info for com.google.android.gms.chimera\par
2022-08-30 08:50:51.091 16151-18559/? E/DynamiteModule: Failed to load IDynamiteLoader from GmsCore: Application package com.google.android.gms not found\par
2022-08-30 08:50:51.093 16151-18559/? E/DynamiteModule: Failed to load IDynamiteLoader from GmsCore: Application package com.google.android.gms not found\par
2022-08-30 08:50:51.099 1339-2166/? E/ProcessInfoCollector: getProcessInfo: failed to find this proc \par
2022-08-30 08:50:51.113 900-955/? E/AwareLog: iawared: WorkingsetPathCheckInternal Failed to lstat(/data/system/iaware/workingset/com.huawei.intelligent/): 2\par
2022-08-30 08:50:51.113 900-955/? E/AwareLog: iawared: WorkingsetPathCheck Failed to delete directory(/data/system/iaware/workingset/com.huawei.intelligent/): 2\par
2022-08-30 08:50:51.122 16367-16367/? E/HwAssetManager: assetHandleOutInfo opCode: 2, assetHandleReq failed!\par
2022-08-30 08:50:51.125 17358-17358/? E/meassistant:br: Not starting debugger since process cannot load the jdwp agent.\par
2022-08-30 08:50:51.139 2005-2649/? E/BoosterUtil: convertSubIdToSlotId failed, subId:0, slotId:-1\par
2022-08-30 08:50:51.139 2005-2649/? E/BoosterUtil: getDefaultDataSlotId failed, invalid slotId:-1, subId:0\par
2022-08-30 08:50:51.146 2005-2649/? E/BoosterUtil: convertSubIdToSlotId failed, subId:0, slotId:-1\par
2022-08-30 08:50:51.146 2005-2649/? E/BoosterUtil: getDefaultDataSlotId failed, invalid slotId:-1, subId:0\par
2022-08-30 08:50:51.147 2005-2649/? E/BoosterUtil: convertSubIdToSlotId failed, subId:0, slotId:-1\par
2022-08-30 08:50:51.147 2005-2649/? E/BoosterUtil: getDefaultDataSlotId failed, invalid slotId:-1, subId:0\par
2022-08-30 08:50:51.150 2005-2649/? E/BoosterUtil: convertSubIdToSlotId failed, subId:0, slotId:-1\par
2022-08-30 08:50:51.150 2005-2649/? E/BoosterUtil: getDefaultDataSlotId failed, invalid slotId:-1, subId:0\par
2022-08-30 08:50:51.151 2005-2649/? E/BoosterUtil: convertSubIdToSlotId failed, subId:0, slotId:-1\par
2022-08-30 08:50:51.151 2005-2649/? E/BoosterUtil: getDefaultDataSlotId failed, invalid slotId:-1, subId:0\par
2022-08-30 08:50:51.152 2005-2649/? E/BoosterUtil: convertSubIdToSlotId failed, subId:0, slotId:-1\par
2022-08-30 08:50:51.152 2005-2649/? E/BoosterUtil: getDefaultDataSlotId failed, invalid slotId:-1, subId:0\par
2022-08-30 08:50:51.153 2005-2649/? E/BoosterUtil: convertSubIdToSlotId failed, subId:0, slotId:-1\par
2022-08-30 08:50:51.153 2005-2649/? E/BoosterUtil: getDefaultDataSlotId failed, invalid slotId:-1, subId:0\par
2022-08-30 08:50:51.156 2005-2649/? E/BoosterUtil: convertSubIdToSlotId failed, subId:0, slotId:-1\par
2022-08-30 08:50:51.156 2005-2649/? E/BoosterUtil: getDefaultDataSlotId failed, invalid slotId:-1, subId:0\par
2022-08-30 08:50:51.215 13775-17648/? E/: [ZeroHung]zrhung_get_config: Get config failed for wp[0x0008]\par
2022-08-30 08:50:51.221 16151-18613/? E/FirebaseInstanceId: Google Play services missing or without correct permission.\par
2022-08-30 08:50:51.223 3000-3000/? E/NfcNci: NfcUtils error: APP do not have nfc permission\par
2022-08-30 08:50:51.224 3000-3000/? E/NfcNci: NfcUtils error: APP do not have nfc permission\par
2022-08-30 08:50:51.224 3000-3000/? E/NfcNci: NfcUtils error: APP do not have nfc permission\par
2022-08-30 08:50:51.237 3000-3000/? E/NfcNci: NfcUtils error: APP do not have nfc permission\par
2022-08-30 08:50:51.238 3000-3000/? E/NfcNci: NfcUtils error: APP do not have nfc permission\par
2022-08-30 08:50:51.278 17362-17362/? E/HwLauncher: HiBoardClientImpl  isConnected mOverlay is null or mState is not connected. closeOverlay duration = 0 ,mState = 0\par
2022-08-30 08:50:51.279 17362-17362/? E/HwLauncher: HiBoardClientImpl  isConnected mOverlay is null or mState is not connected. windowAttached ,mState = 2\par
2022-08-30 08:50:51.280 17362-17362/? E/HwLauncher: PowerSaveLauncherModel onPackageChanged: not inPowerSaveLauncher \par
2022-08-30 08:50:51.280 17362-17362/? E/HwLauncher: StreetModeLauncherModel onPackageChanged: not inStreetModeLauncher \par
2022-08-30 08:50:51.284 2005-2649/? E/SmartDualCardConfig: getApkConfig fail,end\par
2022-08-30 08:50:51.285 2005-2649/? E/SmartDualCardConfig: onPackageInstallStateUpdate fail\par
2022-08-30 08:50:51.290 1339-2166/? E/ProcessInfoCollector: getProcessInfo: failed to find this proc \par
2022-08-30 08:50:51.298 13775-18258/? E/fwkit_presetUtil: getSystemApp flag error for com.google.android.gms:com.google.android.gms\par
2022-08-30 08:50:51.302 17359-17359/? E/wei.intelligen: Not starting debugger since process cannot load the jdwp agent.\par
2022-08-30 08:50:51.314 13775-18258/? E/fwkit_presetUtil: getSystemApp flag error for com.google.android.gms:com.google.android.gms\par
2022-08-30 08:50:51.318 13775-18146/? E/SignInReq: [E/HwID_APK_log[6.6.0.351|6.6.0.306] [SDK 6.6.0.301]com.huawei.hwid.core/SignInReq 13775:11343 SignInReq.java:162] getSdKVersion JSONException\par
2022-08-30 08:50:51.379 2746-8194/? E/HiApp.HttpUtil: pool-28-thread-1\{6786\} <<< ERROR >>> checkResponseNew: request Accept: [application/json], response Content-Type: \par
2022-08-30 08:50:51.382 16151-16939/? E/: [ZeroHung]zrhung_get_config: Get config failed for wp[0x0008]\par
2022-08-30 08:50:51.483 17359-17359/? E/MLInitializerProvider: MLInitializerProvider Done\par
2022-08-30 08:50:51.520 16151-16939/? E/: [ZeroHung]zrhung_get_config: Get config failed for wp[0x0008]\par
2022-08-30 08:50:51.557 9201-9432/? E/HSM_UI: SecurityBroadcastReceiver:SecurityBroadcastReceiver the rainbow is not enabled!\par
2022-08-30 08:50:51.561 2190-18670/? E/HwNaturalBase: [connectCallback]: clearDataByOwner ignore: Found null values with the given ownerPkgName is[com.huawei.intelligent].\par
2022-08-30 08:50:51.572 13775-18258/? E/fwkit_presetUtil: getSystemApp flag error for com.google.android.gms:com.google.android.gms\par
2022-08-30 08:50:51.582 13775-18258/? E/fwkit_presetUtil: getSystemApp flag error for com.google.android.gms:com.google.android.gms\par
2022-08-30 08:50:51.585 9204-9460/? E/: [ZeroHung]zrhung_get_config: Get config failed for wp[0x0008]\par
2022-08-30 08:50:51.585 13775-18150/? E/SignInReq: [E/HwID_APK_log[6.6.0.351|6.6.0.306] [SDK 6.6.0.301]com.huawei.hwid.core/SignInReq 13775:11347 SignInReq.java:162] getSdKVersion JSONException\par
2022-08-30 08:50:51.592 16151-16151/? E/eddit.frontpag: Invalid ID 0x00000000.\par
2022-08-30 08:51:14.093 1339-31581/? E/AdbDebuggingManager: Caught an exception opening the socket: java.io.IOException: No such file or directory\par
2022-08-30 08:51:15.357 16151-16939/? E/: [ZeroHung]zrhung_get_config: Get config failed for wp[0x0008]\par
2022-08-30 08:51:16.094 1339-31581/? E/AdbDebuggingManager: Caught an exception opening the socket: java.io.IOException: No such file or directory\par
2022-08-30 08:51:18.096 1339-31581/? E/AdbDebuggingManager: Caught an exception opening the socket: java.io.IOException: No such file or directory\par
2022-08-30 08:51:20.098 1339-31581/? E/AdbDebuggingManager: Caught an exception opening the socket: java.io.IOException: No such file or directory\par
2022-08-30 08:51:22.100 1339-31581/? E/AdbDebuggingManager: Caught an exception opening the socket: java.io.IOException: No such file or directory\par
2022-08-30 08:51:24.103 1339-31581/? E/AdbDebuggingManager: Caught an exception opening the socket: java.io.IOException: No such file or directory\par
2022-08-30 08:51:26.105 1339-31581/? E/AdbDebuggingManager: Caught an exception opening the socket: java.io.IOException: No such file or directory\par
2022-08-30 08:51:27.238 19029-19029/? E/: storage_info: IsTimeForUpload path log/storage/ exist\par
2022-08-30 08:51:28.106 1339-31581/? E/AdbDebuggingManager: Caught an exception opening the socket: java.io.IOException: No such file or directory\par
2022-08-30 08:51:30.109 1339-31581/? E/AdbDebuggingManager: Caught an exception opening the socket: java.io.IOException: No such file or directory\par
2022-08-30 08:51:31.699 2190-2521/? E/: [ZeroHung]zrhung_get_config: Get config failed for wp[0x0008]\par
2022-08-30 08:51:32.111 1339-31581/? E/AdbDebuggingManager: Caught an exception opening the socket: java.io.IOException: No such file or directory\par
2022-08-30 08:51:34.113 1339-31581/? E/AdbDebuggingManager: Caught an exception opening the socket: java.io.IOException: No such file or directory\par
2022-08-30 08:51:36.114 1339-31581/? E/AdbDebuggingManager: Caught an exception opening the socket: java.io.IOException: No such file or directory\par
2022-08-30 08:51:38.113 719-719/? E/WifiHAL: enter wifi_get_link_stats\par
2022-08-30 08:51:38.116 1339-31581/? E/AdbDebuggingManager: Caught an exception opening the socket: java.io.IOException: No such file or directory\par
2022-08-30 08:51:39.112 14211-18447/? E/HiAdKit.HwGrsImpl:  Query GRS returns a null or an empty.\par
2022-08-30 08:51:40.118 1339-31581/? E/AdbDebuggingManager: Caught an exception opening the socket: java.io.IOException: No such file or directory\par
2022-08-30 08:51:41.707 13775-17648/? E/: [ZeroHung]zrhung_get_config: Get config failed for wp[0x0008]\par
2022-08-30 08:51:41.721 14211-14898/? E/: [ZeroHung]zrhung_get_config: Get config failed for wp[0x0008]\par
2022-08-30 08:51:41.742 14211-18503/? E/HiAdKit.HwGrsImpl:  Query GRS returns a null or an empty.\par
2022-08-30 08:51:42.095 2005-2649/? E/BoosterUtil: convertSubIdToSlotId failed, subId:0, slotId:-1\par
2022-08-30 08:51:42.095 2005-2649/? E/BoosterUtil: getDefaultDataSlotId failed, invalid slotId:-1, subId:0\par
2022-08-30 08:51:42.122 1339-31581/? E/AdbDebuggingManager: Caught an exception opening the socket: java.io.IOException: No such file or directory\par
2022-08-30 08:51:44.123 1339-31581/? E/AdbDebuggingManager: Caught an exception opening the socket: java.io.IOException: No such file or directory\par
2022-08-30 08:51:44.831 2004-2004/? E/CHR_ChrTelephony: reportChrInfo, telephony moudle\par
2022-08-30 08:51:45.441 2004-2004/? E/CHR_ChrTelephony: reportChrInfo, telephony moudle\par
2022-08-30 08:51:45.647 31366-19051/? E/memtrack: Couldn't load memtrack module\par
2022-08-30 08:51:46.125 1339-31581/? E/AdbDebuggingManager: Caught an exception opening the socket: java.io.IOException: No such file or directory\par
2022-08-30 08:51:48.128 1339-31581/? E/AdbDebuggingManager: Caught an exception opening the socket: java.io.IOException: No such file or directory\par
2022-08-30 08:51:48.171 14882-15017/? E/: [ZeroHung]zrhung_get_config: Get config failed for wp[0x0008]\par
2022-08-30 08:51:50.130 1339-31581/? E/AdbDebuggingManager: Caught an exception opening the socket: java.io.IOException: No such file or directory\par
2022-08-30 08:51:52.120 17359-17359/? E/: [ZeroHung]zrhung_get_config: Get config failed for wp[0x0008]\par
2022-08-30 08:51:52.131 1339-31581/? E/AdbDebuggingManager: Caught an exception opening the socket: java.io.IOException: No such file or directory\par
2022-08-30 08:51:54.133 1339-31581/? E/AdbDebuggingManager: Caught an exception opening the socket: java.io.IOException: No such file or directory\par
2022-08-30 08:51:56.135 1339-31581/? E/AdbDebuggingManager: Caught an exception opening the socket: java.io.IOException: No such file or directory\par
2022-08-30 08:51:58.137 1339-31581/? E/AdbDebuggingManager: Caught an exception opening the socket: java.io.IOException: No such file or directory\par
2022-08-30 08:52:00.139 1339-31581/? E/AdbDebuggingManager: Caught an exception opening the socket: java.io.IOException: No such file or directory\par
2022-08-30 08:52:02.141 1339-31581/? E/AdbDebuggingManager: Caught an exception opening the socket: java.io.IOException: No such file or directory\par
2022-08-30 08:52:04.143 1339-31581/? E/AdbDebuggingManager: Caught an exception opening the socket: java.io.IOException: No such file or directory\par
2022-08-30 08:52:06.145 1339-31581/? E/AdbDebuggingManager: Caught an exception opening the socket: java.io.IOException: No such file or directory\par
2022-08-30 08:52:08.148 1339-31581/? E/AdbDebuggingManager: Caught an exception opening the socket: java.io.IOException: No such file or directory\par
2022-08-30 08:52:10.150 1339-31581/? E/AdbDebuggingManager: Caught an exception opening the socket: java.io.IOException: No such file or directory\par
2022-08-30 08:52:12.152 1339-31581/? E/AdbDebuggingManager: Caught an exception opening the socket: java.io.IOException: No such file or directory\par
2022-08-30 08:52:14.154 1339-31581/? E/AdbDebuggingManager: Caught an exception opening the socket: java.io.IOException: No such file or directory\par
2022-08-30 08:52:16.156 1339-31581/? E/AdbDebuggingManager: Caught an exception opening the socket: java.io.IOException: No such file or directory\par
2022-08-30 08:52:18.157 1339-31581/? E/AdbDebuggingManager: Caught an exception opening the socket: java.io.IOException: No such file or directory\par
2022-08-30 08:52:20.160 1339-31581/? E/AdbDebuggingManager: Caught an exception opening the socket: java.io.IOException: No such file or directory\par
2022-08-30 08:52:22.162 1339-31581/? E/AdbDebuggingManager: Caught an exception opening the socket: java.io.IOException: No such file or directory\par
2022-08-30 08:52:24.164 1339-31581/? E/AdbDebuggingManager: Caught an exception opening the socket: java.io.IOException: No such file or directory\par
2022-08-30 08:52:26.166 1339-31581/? E/AdbDebuggingManager: Caught an exception opening the socket: java.io.IOException: No such file or directory\par
2022-08-30 08:52:26.415 1339-1668/? E/HwAodManager: setPowerState with HwAodManager not exist!\par
2022-08-30 08:52:26.496 1996-1996/? E/DateView: DateView,mCurrentTime: 1661874746496\par
2022-08-30 08:52:26.496 1996-1996/? E/DateView: DateView,mCurrentTime: 1661874746496\par
2022-08-30 08:52:26.512 900-929/? E/AwareLog: iawared: ChangePropertyContent open /sys/kernel/highload/enable fail errno(2)!\par
2022-08-30 08:52:26.518 1996-1996/? E/LocalCalendar: invalid param calendarId. \par
2022-08-30 08:52:26.518 1996-1996/? E/LocalCalendar: invalid param calendarId. \par
2022-08-30 08:52:26.520 719-719/? E/WifiHAL: enter wifi_get_link_stats\par
2022-08-30 08:52:26.542 17362-17362/? E/Log: invalid param calendarId. \par
2022-08-30 08:52:26.565 718-718/? E/TS_Service: hwSetFeatureConfig\par
2022-08-30 08:52:26.566 718-718/? E/TS_HAL: ts_file_operate: open {{\field{\*\fldinst{HYPERLINK file:/sys/touchscreen/power_switch_ctrl }}{\fldrslt{file:/sys/touchscreen/power_switch_ctrl\ul0\cf0}}}}\f0\fs22  fail\par
2022-08-30 08:52:26.566 718-718/? E/TS_HAL: power_switch_ctrl:cmd write fail,ret=-2\par
2022-08-30 08:52:26.637 2224-3631/? E/Mapcon\~\~:\~VoiceManager-5-PrepareState: [serviceStateNotReady]subId is invalid!!!!!!!!!!\par
2022-08-30 08:52:26.637 2224-3631/? E/Mapcon\~\~:\~VoiceManager-5-PrepareState: [serviceStateNotReady]subId is invalid!!!!!!!!!!\par
2022-08-30 08:52:26.641 2224-3631/? E/Mapcon\~\~:\~MapconUtils: [isRoaming]config is null!!!!!!!!!!\par
2022-08-30 08:52:26.647 2005-2649/? E/BoosterUtil: convertSubIdToSlotId failed, subId:0, slotId:-1\par
2022-08-30 08:52:26.647 2005-2649/? E/BoosterUtil: getDefaultDataSlotId failed, invalid slotId:-1, subId:0\par
2022-08-30 08:52:26.660 2005-2649/? E/BoosterUtil: convertSubIdToSlotId failed, subId:0, slotId:-1\par
2022-08-30 08:52:26.660 2005-2649/? E/BoosterUtil: getDefaultDataSlotId failed, invalid slotId:-1, subId:0\par
2022-08-30 08:52:26.661 2005-2649/? E/BoosterUtil: convertSubIdToSlotId failed, subId:0, slotId:-1\par
2022-08-30 08:52:26.661 2005-2649/? E/BoosterUtil: getDefaultDataSlotId failed, invalid slotId:-1, subId:0\par
2022-08-30 08:52:26.661 2005-2649/? E/BoosterGameP: inValidCQI:-1\par
2022-08-30 08:52:26.661 2005-2649/? E/BoosterUtil: convertSubIdToSlotId failed, subId:0, slotId:-1\par
2022-08-30 08:52:26.661 2005-2649/? E/BoosterUtil: getDefaultDataSlotId failed, invalid slotId:-1, subId:0\par
2022-08-30 08:52:26.662 2005-2649/? E/BoosterUtil: convertSubIdToSlotId failed, subId:0, slotId:-1\par
2022-08-30 08:52:26.662 2005-2649/? E/BoosterUtil: getDefaultDataSlotId failed, invalid slotId:-1, subId:0\par
2022-08-30 08:52:26.662 2005-2649/? E/BoosterPlugin: getPSNetworkType failed, invalid slotId=-1\par
2022-08-30 08:52:26.663 2005-2649/? E/BoosterUtil: convertSubIdToSlotId failed, subId:0, slotId:-1\par
2022-08-30 08:52:26.663 2005-2649/? E/BoosterUtil: getDefaultDataSlotId failed, invalid slotId:-1, subId:0\par
2022-08-30 08:52:26.663 2005-2649/? E/BoosterPlugin: getPSNetworkType failed, invalid slotId=-1\par
2022-08-30 08:52:26.664 2005-2649/? E/BoosterUtil: convertSubIdToSlotId failed, subId:0, slotId:-1\par
2022-08-30 08:52:26.664 2005-2649/? E/BoosterUtil: getDefaultDataSlotId failed, invalid slotId:-1, subId:0\par
2022-08-30 08:52:26.664 2005-2649/? E/BoosterPlugin: getPSNetworkType failed, invalid slotId=-1\par
2022-08-30 08:52:26.664 2005-2649/? E/BoosterUtil: convertSubIdToSlotId failed, subId:0, slotId:-1\par
2022-08-30 08:52:26.664 2005-2649/? E/BoosterUtil: getDefaultDataSlotId failed, invalid slotId:-1, subId:0\par
