{\rtf1\ansi\ansicpg1252\deff0\nouicompat\deflang1033{\fonttbl{\f0\fnil\fcharset0 SimSun;}}
{\colortbl ;\red192\green80\blue77;\red0\green0\blue255;\red255\green0\blue0;}
{\*\generator Riched20 10.0.19041}\viewkind4\uc1 
\pard\sa200\sl276\slmult1\f0\fs22\lang2052 20 1339-31581/? E/AdbDebuggingManager: Caught an exception opening the socket: java.io.IOException: No such file or directory\par
2022-08-30 08:26:24.622 1339-31581/? E/AdbDebuggingManager: Caught an exception opening the socket: java.io.IOException: No such file or directory\par
2022-08-30 08:26:25.877 32135-14612/? E/memtrack: Couldn't load memtrack module\par
2022-08-30 08:26:25.892 32133-14613/? E/memtrack: Couldn't load memtrack module\par
2022-08-30 08:26:26.624 1339-31581/? E/AdbDebuggingManager: Caught an exception opening the socket: java.io.IOException: No such file or directory\par
2022-08-30 08:26:28.626 1339-31581/? E/AdbDebuggingManager: Caught an exception opening the socket: java.io.IOException: No such file or directory\par
2022-08-30 08:26:30.628 1339-31581/? E/AdbDebuggingManager: Caught an exception opening the socket: java.io.IOException: No such file or directory\par
2022-08-30 08:26:32.630 1339-31581/? E/AdbDebuggingManager: Caught an exception opening the socket: java.io.IOException: No such file or directory\par
2022-08-30 08:26:34.632 1339-31581/? E/AdbDebuggingManager: Caught an exception opening the socket: java.io.IOException: No such file or directory\par
2022-08-30 08:26:35.376 890-3652/? E/Thermal-daemon:ambient: calc_ambient_temp: median filter output 20083\par
2022-08-30 08:26:35.376 890-3652/? E/Thermal-daemon:ambient: ambient_sample: write temp 20083 to ambient node\par
2022-08-30 08:26:36.633 1339-31581/? E/AdbDebuggingManager: Caught an exception opening the socket: java.io.IOException: No such file or directory\par
2022-08-30 08:26:38.635 1339-31581/? E/AdbDebuggingManager: Caught an exception opening the socket: java.io.IOException: No such file or directory\par
2022-08-30 08:26:40.312 890-890/? E/Thermal-daemon:hw_thermal: [ambient_temp_v2] temp_new :20  temp_old :19\par
2022-08-30 08:26:40.313 890-890/? E/Thermal-daemon:hw_thermal: Report temperature: [ambient_temp_v2] temp :20  report_threshold:1\par
2022-08-30 08:26:40.313 890-890/? E/Thermal-daemon:hw_thermal: [rfboard] temp_new :24  temp_old :23\par
2022-08-30 08:26:40.314 890-890/? E/Thermal-daemon:hw_thermal: Report temperature: [rfboard] temp :24  report_threshold:1\par
2022-08-30 08:26:40.636 1339-31581/? E/AdbDebuggingManager: Caught an exception opening the socket: java.io.IOException: No such file or directory\par
2022-08-30 08:26:42.637 1339-31581/? E/AdbDebuggingManager: Caught an exception opening the socket: java.io.IOException: No such file or directory\par
2022-08-30 08:26:44.639 1339-31581/? E/AdbDebuggingManager: Caught an exception opening the socket: java.io.IOException: No such file or directory\par
2022-08-30 08:26:45.130 31366-14629/? E/memtrack: Couldn't load memtrack module\par
2022-08-30 08:26:46.640 1339-31581/? E/AdbDebuggingManager: Caught an exception opening the socket: java.io.IOException: No such file or directory\par
2022-08-30 08:26:48.641 1339-31581/? E/AdbDebuggingManager: Caught an exception opening the socket: java.io.IOException: No such file or directory\par
2022-08-30 08:26:50.643 1339-31581/? E/AdbDebuggingManager: Caught an exception opening the socket: java.io.IOException: No such file or directory\par
2022-08-30 08:26:52.644 1339-31581/? E/AdbDebuggingManager: Caught an exception opening the socket: java.io.IOException: No such file or directory\par
2022-08-30 08:26:54.645 1339-31581/? E/AdbDebuggingManager: Caught an exception opening the socket: java.io.IOException: No such file or directory\par
2022-08-30 08:26:56.647 1339-31581/? E/AdbDebuggingManager: Caught an exception opening the socket: java.io.IOException: No such file or directory\par
2022-08-30 08:26:58.648 1339-31581/? E/AdbDebuggingManager: Caught an exception opening the socket: java.io.IOException: No such file or directory\par
2022-08-30 08:27:00.650 1339-31581/? E/AdbDebuggingManager: Caught an exception opening the socket: java.io.IOException: No such file or directory\par
2022-08-30 08:27:02.654 1339-31581/? E/AdbDebuggingManager: Caught an exception opening the socket: java.io.IOException: No such file or directory\par
2022-08-30 08:27:04.655 1339-31581/? E/AdbDebuggingManager: Caught an exception opening the socket: java.io.IOException: No such file or directory\par
2022-08-30 08:27:06.657 1339-31581/? E/AdbDebuggingManager: Caught an exception opening the socket: java.io.IOException: No such file or directory\par
2022-08-30 08:27:08.659 1339-31581/? E/AdbDebuggingManager: Caught an exception opening the socket: java.io.IOException: No such file or directory\par
2022-08-30 08:27:10.662 1339-31581/? E/AdbDebuggingManager: Caught an exception opening the socket: java.io.IOException: No such file or directory\par
2022-08-30 08:27:12.663 1339-31581/? E/AdbDebuggingManager: Caught an exception opening the socket: java.io.IOException: No such file or directory\par
2022-08-30 08:27:14.665 1339-31581/? E/AdbDebuggingManager: Caught an exception opening the socket: java.io.IOException: No such file or directory\par
2022-08-30 08:27:16.668 1339-31581/? E/AdbDebuggingManager: Caught an exception opening the socket: java.io.IOException: No such file or directory\par
2022-08-30 08:27:18.669 1339-31581/? E/AdbDebuggingManager: Caught an exception opening the socket: java.io.IOException: No such file or directory\par
2022-08-30 08:27:20.671 1339-31581/? E/AdbDebuggingManager: Caught an exception opening the socket: java.io.IOException: No such file or directory\par
2022-08-30 08:27:22.673 1339-31581/? E/AdbDebuggingManager: Caught an exception opening the socket: java.io.IOException: No such file or directory\par
2022-08-30 08:27:24.675 1339-31581/? E/AdbDebuggingManager: Caught an exception opening the socket: java.io.IOException: No such file or directory\par
2022-08-30 08:27:26.677 1339-31581/? E/AdbDebuggingManager: Caught an exception opening the socket: java.io.IOException: No such file or directory\par
2022-08-30 08:27:28.679 1339-31581/? E/AdbDebuggingManager: Caught an exception opening the socket: java.io.IOException: No such file or directory\par
2022-08-30 08:27:30.681 1339-31581/? E/AdbDebuggingManager: Caught an exception opening the socket: java.io.IOException: No such file or directory\par
2022-08-30 08:27:32.682 1339-31581/? E/AdbDebuggingManager: Caught an exception opening the socket: java.io.IOException: No such file or directory\par
2022-08-30 08:27:34.685 1339-31581/? E/AdbDebuggingManager: Caught an exception opening the socket: java.io.IOException: No such file or directory\par
2022-08-30 08:27:35.430 890-3652/? E/Thermal-daemon:ambient: calc_ambient_temp: median filter output 20183\par
2022-08-30 08:27:35.431 890-3652/? E/Thermal-daemon:ambient: ambient_sample: write temp 20183 to ambient node\par
2022-08-30 08:27:36.687 1339-31581/? E/AdbDebuggingManager: Caught an exception opening the socket: java.io.IOException: No such file or directory\par
2022-08-30 08:27:38.689 1339-31581/? E/AdbDebuggingManager: Caught an exception opening the socket: java.io.IOException: No such file or directory\par
2022-08-30 08:27:40.690 1339-31581/? E/AdbDebuggingManager: Caught an exception opening the socket: java.io.IOException: No such file or directory\par
2022-08-30 08:27:42.692 1339-31581/? E/AdbDebuggingManager: Caught an exception opening the socket: java.io.IOException: No such file or directory\par
2022-08-30 08:27:44.694 1339-31581/? E/AdbDebuggingManager: Caught an exception opening the socket: java.io.IOException: No such file or directory\par
2022-08-30 08:27:46.696 1339-31581/? E/AdbDebuggingManager: Caught an exception opening the socket: java.io.IOException: No such file or directory\par
2022-08-30 08:27:48.698 1339-31581/? E/AdbDebuggingManager: Caught an exception opening the socket: java.io.IOException: No such file or directory\par
2022-08-30 08:27:50.700 1339-31581/? E/AdbDebuggingManager: Caught an exception opening the socket: java.io.IOException: No such file or directory\par
2022-08-30 08:27:52.702 1339-31581/? E/AdbDebuggingManager: Caught an exception opening the socket: java.io.IOException: No such file or directory\par
2022-08-30 08:27:54.704 1339-31581/? E/AdbDebuggingManager: Caught an exception opening the socket: java.io.IOException: No such file or directory\par
2022-08-30 08:27:56.706 1339-31581/? E/AdbDebuggingManager: Caught an exception opening the socket: java.io.IOException: No such file or directory\par
2022-08-30 08:27:58.708 1339-31581/? E/AdbDebuggingManager: Caught an exception opening the socket: java.io.IOException: No such file or directory\par
2022-08-30 08:28:00.710 1339-31581/? E/AdbDebuggingManager: Caught an exception opening the socket: java.io.IOException: No such file or directory\par
2022-08-30 08:28:02.712 1339-31581/? E/AdbDebuggingManager: Caught an exception opening the socket: java.io.IOException: No such file or directory\par
2022-08-30 08:28:04.714 1339-31581/? E/AdbDebuggingManager: Caught an exception opening the socket: java.io.IOException: No such file or directory\par
2022-08-30 08:28:06.716 1339-31581/? E/AdbDebuggingManager: Caught an exception opening the socket: java.io.IOException: No such file or directory\par
2022-08-30 08:28:08.718 1339-31581/? E/AdbDebuggingManager: Caught an exception opening the socket: java.io.IOException: No such file or directory\par
2022-08-30 08:28:10.722 1339-31581/? E/AdbDebuggingManager: Caught an exception opening the socket: java.io.IOException: No such file or directory\par
2022-08-30 08:28:12.724 1339-31581/? E/AdbDebuggingManager: Caught an exception opening the socket: java.io.IOException: No such file or directory\par
2022-08-30 08:28:14.726 1339-31581/? E/AdbDebuggingManager: Caught an exception opening the socket: java.io.IOException: No such file or directory\par
2022-08-30 08:28:15.459 32136-14675/? E/memtrack: Couldn't load memtrack module\par
2022-08-30 08:28:16.728 1339-31581/? E/AdbDebuggingManager: Caught an exception opening the socket: java.io.IOException: No such file or directory\par
2022-08-30 08:28:18.730 1339-31581/? E/AdbDebuggingManager: Caught an exception opening the socket: java.io.IOException: No such file or directory\par
2022-08-30 08:28:20.157 32718-14680/? E/memtrack: Couldn't load memtrack module\par
2022-08-30 08:28:20.732 1339-31581/? E/AdbDebuggingManager: Caught an exception opening the socket: java.io.IOException: No such file or directory\par
2022-08-30 08:28:22.734 1339-31581/? E/AdbDebuggingManager: Caught an exception opening the socket: java.io.IOException: No such file or directory\par
2022-08-30 08:28:24.736 1339-31581/? E/AdbDebuggingManager: Caught an exception opening the socket: java.io.IOException: No such file or directory\par
2022-08-30 08:28:26.738 1339-31581/? E/AdbDebuggingManager: Caught an exception opening the socket: java.io.IOException: No such file or directory\par
2022-08-30 08:28:28.740 1339-31581/? E/AdbDebuggingManager: Caught an exception opening the socket: java.io.IOException: No such file or directory\par
2022-08-30 08:28:30.470 32133-32133/? E/Looper: Thread identity changed from 0x284500007d85 to 0x3e800007d85 while dispatching to o.InvalidKeySpecException$Activity null what=12\par
2022-08-30 08:28:30.490 1996-1996/? E/DateView: DateView,mCurrentTime: 1661873310490\par
2022-08-30 08:28:30.493 1996-1996/? E/LocalCalendar: invalid param calendarId. \par
2022-08-30 08:28:30.493 1996-1996/? E/LocalCalendar: invalid param calendarId. \par
2022-08-30 08:28:30.499 6454-7061/? E/: [ZeroHung]zrhung_get_config: Get config failed for wp[0x0008]\par
2022-08-30 08:28:30.573 6454-6454/? E/HwOUC: [main-1]updateActiveNotification download cursor for running status is null(DownloadNotification.java:381)\par
2022-08-30 08:28:30.584 6454-6454/? E/HwOUC: [main-1]getVersionIds--components is null(ThirdAppCheckedUtils.java:1345)\par
2022-08-30 08:28:30.644 1339-2166/? E/ProcessInfoCollector: getProcessInfo: failed to find this proc \par
2022-08-30 08:28:30.660 13205-13205/? E/r:clean_servic: Not starting debugger since process cannot load the jdwp agent.\par
2022-08-30 08:28:30.742 1339-31581/? E/AdbDebuggingManager: Caught an exception opening the socket: java.io.IOException: No such file or directory\par
2022-08-30 08:28:30.997 13205-14729/? E/HSM_BG: QiHooWeChatTask:QiHooChatAppCleanTask is release for task: QiHooWeChatTask\par
2022-08-30 08:28:31.003 13205-14731/? E/HSM_BG: QiHooWeChatTwinTask:QiHooChatAppCleanTask is release for task: QiHooWeChatTwinTask\par
2022-08-30 08:28:32.652 13205-14700/? E/: [ZeroHung]zrhung_get_config: Get config failed for wp[0x0008]\par
2022-08-30 08:28:32.744 1339-31581/? E/AdbDebuggingManager: Caught an exception opening the socket: java.io.IOException: No such file or directory\par
2022-08-30 08:28:34.746 1339-31581/? E/AdbDebuggingManager: Caught an exception opening the socket: java.io.IOException: No such file or directory\par
2022-08-30 08:28:35.493 890-3652/? E/Thermal-daemon:ambient: calc_ambient_temp: median filter output 20242\par
2022-08-30 08:28:35.494 890-3652/? E/Thermal-daemon:ambient: ambient_sample: write temp 20242 to ambient node\par
2022-08-30 08:28:35.689 13205-14700/? E/: [ZeroHung]zrhung_get_config: Get config failed for wp[0x0008]\par
2022-08-30 08:28:35.986 13205-14728/? E/HSM_BG: NormalTrashViewType:normal trash view type put info, but trash is null.\par
2022-08-30 08:28:36.245 13205-14728/? E/HSM_BG: NormalTrashViewType:normal trash view type put info, but trash is null.\par
2022-08-30 08:28:36.251 13205-14700/? E/: [ZeroHung]zrhung_get_config: Get config failed for wp[0x0008]\par
2022-08-30 08:28:36.252 13205-14728/? E/HSM_BG: NormalTrashViewType:normal trash view type put info, but trash is null.\par
2022-08-30 08:28:36.419 13205-14728/? E/HSM_BG: NormalTrashViewType:normal trash view type put info, but trash is null.\par
2022-08-30 08:28:36.431 13205-14728/? E/HSM_BG: NormalTrashViewType:normal trash view type put info, but trash is null.\par
2022-08-30 08:28:36.442 13205-14728/? E/HSM_BG: NormalTrashViewType:normal trash view type put info, but trash is null.\par
2022-08-30 08:28:36.463 13205-14728/? E/HSM_BG: NormalTrashViewType:normal trash view type put info, but trash is null.\par
2022-08-30 08:28:36.468 13205-14728/? E/HSM_BG: NormalTrashViewType:normal trash view type put info, but trash is null.\par
2022-08-30 08:28:36.474 13205-14728/? E/HSM_BG: NormalTrashViewType:normal trash view type put info, but trash is null.\par
2022-08-30 08:28:36.477 13205-14728/? E/HSM_BG: NormalTrashViewType:normal trash view type put info, but trash is null.\par
2022-08-30 08:28:36.478 13205-14700/? E/: [ZeroHung]zrhung_get_config: Get config failed for wp[0x0008]\par
2022-08-30 08:28:36.482 13205-14728/? E/HSM_BG: NormalTrashViewType:normal trash view type put info, but trash is null.\par
2022-08-30 08:28:36.520 13205-14728/? E/HSM_BG: NormalTrashViewType:normal trash view type put info, but trash is null.\par
2022-08-30 08:28:36.521 13205-14700/? E/: [ZeroHung]zrhung_get_config: Get config failed for wp[0x0008]\par
2022-08-30 08:28:36.523 13205-14728/? E/HSM_BG: NormalTrashViewType:normal trash view type put info, but trash is null.\par
2022-08-30 08:28:36.538 13205-14728/? E/HSM_BG: NormalTrashViewType:normal trash view type put info, but trash is null.\par
2022-08-30 08:28:36.553 13205-14728/? E/HSM_BG: NormalTrashViewType:normal trash view type put info, but trash is null.\par
2022-08-30 08:28:36.696 13205-14728/? E/HSM_BG: NormalTrashViewType:normal trash view type put info, but trash is null.\par
2022-08-30 08:28:36.698 13205-14700/? E/: [ZeroHung]zrhung_get_config: Get config failed for wp[0x0008]\par
2022-08-30 08:28:36.699 13205-14728/? E/HSM_BG: NormalTrashViewType:normal trash view type put info, but trash is null.\par
2022-08-30 08:28:36.737 13205-14728/? E/HSM_BG: NormalTrashViewType:normal trash view type put info, but trash is null.\par
2022-08-30 08:28:36.740 13205-14700/? E/: [ZeroHung]zrhung_get_config: Get config failed for wp[0x0008]\par
2022-08-30 08:28:36.741 13205-14728/? E/HSM_BG: NormalTrashViewType:normal trash view type put info, but trash is null.\par
2022-08-30 08:28:36.749 1339-31581/? E/AdbDebuggingManager: Caught an exception opening the socket: java.io.IOException: No such file or directory\par
2022-08-30 08:28:36.833 13205-14728/? E/HSM_BG: NormalTrashViewType:normal trash view type put info, but trash is null.\par
2022-08-30 08:28:36.836 13205-14700/? E/: [ZeroHung]zrhung_get_config: Get config failed for wp[0x0008]\par
2022-08-30 08:28:36.836 13205-14728/? E/HSM_BG: NormalTrashViewType:normal trash view type put info, but trash is null.\par
2022-08-30 08:28:36.893 13205-14728/? E/HSM_BG: NormalTrashViewType:normal trash view type put info, but trash is null.\par
2022-08-30 08:28:36.895 13205-14700/? E/: [ZeroHung]zrhung_get_config: Get config failed for wp[0x0008]\par
2022-08-30 08:28:36.896 13205-14728/? E/HSM_BG: NormalTrashViewType:normal trash view type put info, but trash is null.\par
2022-08-30 08:28:37.026 13205-14728/? E/HSM_BG: NormalTrashViewType:normal trash view type put info, but trash is null.\par
2022-08-30 08:28:37.085 13205-14728/? E/HSM_BG: NormalTrashViewType:normal trash view type put info, but trash is null.\par
2022-08-30 08:28:37.102 13205-14728/? E/HSM_BG: NormalTrashViewType:normal trash view type put info, but trash is null.\par
2022-08-30 08:28:37.317 13205-14700/? E/: [ZeroHung]zrhung_get_config: Get config failed for wp[0x0008]\par
2022-08-30 08:28:37.586 13205-14700/? E/: [ZeroHung]zrhung_get_config: Get config failed for wp[0x0008]\par
2022-08-30 08:28:38.744 13205-14700/? E/: [ZeroHung]zrhung_get_config: Get config failed for wp[0x0008]\par
2022-08-30 08:28:38.751 1339-31581/? E/AdbDebuggingManager: Caught an exception opening the socket: java.io.IOException: No such file or directory\par
2022-08-30 08:28:38.852 13205-14700/? E/: [ZeroHung]zrhung_get_config: Get config failed for wp[0x0008]\par
2022-08-30 08:28:38.909 13205-14700/? E/: [ZeroHung]zrhung_get_config: Get config failed for wp[0x0008]\par
2022-08-30 08:28:38.927 13205-14721/? E/HSM_BG: QiHooWeChatTask:QiHooChatAppCleanTask is release for task: QiHooWeChatTask\par
2022-08-30 08:28:38.927 13205-14740/? E/HSM_BG: QiHooWeChatTwinTask:QiHooChatAppCleanTask is release for task: QiHooWeChatTwinTask\par
2022-08-30 08:28:38.927 13205-14721/? E/HSM_BG: QiHooQqTask:QiHooChatAppCleanTask is release for task: QiHooQqTask\par
2022-08-30 08:28:38.927 13205-14740/? E/HSM_BG: QiHooQqTwinTask:QiHooChatAppCleanTask is release for task: QiHooQqTwinTask\par
2022-08-30 08:28:38.938 13205-14740/? E/HSM_BG: QiHooAiTrashGroup:AiClearCategory is null or empty\par
2022-08-30 08:28:39.026 13205-14700/? E/: [ZeroHung]zrhung_get_config: Get config failed for wp[0x0008]\par
2022-08-30 08:28:39.274 13205-14700/? E/: [ZeroHung]zrhung_get_config: Get config failed for wp[0x0008]\par
2022-08-30 08:28:39.415 13205-14700/? E/: [ZeroHung]zrhung_get_config: Get config failed for wp[0x0008]\par
2022-08-30 08:28:39.490 13205-14700/? E/: [ZeroHung]zrhung_get_config: Get config failed for wp[0x0008]\par
2022-08-30 08:28:39.873 13205-14700/? E/: [ZeroHung]zrhung_get_config: Get config failed for wp[0x0008]\par
2022-08-30 08:28:39.921 13205-14728/? E/HSM_BG: NormalTrashViewType:normal trash view type put info, but trash is null.\par
2022-08-30 08:28:39.938 13205-14728/? E/HSM_BG: NormalTrashViewType:normal trash view type put info, but trash is null.\par
2022-08-30 08:28:39.938 13205-14728/? E/HSM_BG: NormalTrashViewType:normal trash view type put info, but trash is null.\par
2022-08-30 08:28:39.948 13205-14728/? E/HSM_BG: NormalTrashViewType:normal trash view type put info, but trash is null.\par
2022-08-30 08:28:39.948 13205-14700/? E/: [ZeroHung]zrhung_get_config: Get config failed for wp[0x0008]\par
2022-08-30 08:28:39.948 13205-14728/? E/HSM_BG: NormalTrashViewType:normal trash view type put info, but trash is null.\par
2022-08-30 08:28:40.001 13205-14728/? E/HSM_BG: NormalTrashViewType:normal trash view type put info, but trash is null.\par
2022-08-30 08:28:40.001 13205-14728/? E/HSM_BG: NormalTrashViewType:normal trash view type put info, but trash is null.\par
2022-08-30 08:28:40.001 13205-14728/? E/HSM_BG: NormalTrashViewType:normal trash view type put info, but trash is null.\par
2022-08-30 08:28:40.002 13205-14728/? E/HSM_BG: NormalTrashViewType:normal trash view type put info, but trash is null.\par
2022-08-30 08:28:40.002 13205-14728/? E/HSM_BG: NormalTrashViewType:normal trash view type put info, but trash is null.\par
2022-08-30 08:28:40.003 13205-14728/? E/HSM_BG: NormalTrashViewType:normal trash view type put info, but trash is null.\par
2022-08-30 08:28:40.005 13205-14728/? E/HSM_BG: NormalTrashViewType:normal trash view type put info, but trash is null.\par
2022-08-30 08:28:40.005 13205-14728/? E/HSM_BG: NormalTrashViewType:normal trash view type put info, but trash is null.\par
2022-08-30 08:28:40.014 13205-14728/? E/HSM_BG: NormalTrashViewType:normal trash view type put info, but trash is null.\par
2022-08-30 08:28:40.014 13205-14728/? E/HSM_BG: NormalTrashViewType:normal trash view type put info, but trash is null.\par
2022-08-30 08:28:40.023 13205-14728/? E/HSM_BG: NormalTrashViewType:normal trash view type put info, but trash is null.\par
2022-08-30 08:28:40.024 13205-14728/? E/HSM_BG: NormalTrashViewType:normal trash view type put info, but trash is null.\par
2022-08-30 08:28:40.040 13205-14728/? E/HSM_BG: NormalTrashViewType:normal trash view type put info, but trash is null.\par
2022-08-30 08:28:40.041 13205-14728/? E/HSM_BG: DeepViewType:Wechat trash is null\par
2022-08-30 08:28:40.041 13205-14728/? E/HSM_BG: DeepViewType:QQ trash is null\par
2022-08-30 08:28:40.041 13205-14728/? E/HSM_BG: DeepViewType:AbroadChat trash is null, or already preparedjp.naver.line.android\par
2022-08-30 08:28:40.041 13205-14728/? E/HSM_BG: DeepViewType:AbroadChat trash is null, or already preparedcom.facebook.orca\par
2022-08-30 08:28:40.042 13205-14728/? E/HSM_BG: DeepViewType:AbroadChat trash is null, or already preparedcom.whatsapp\par
2022-08-30 08:28:40.042 13205-14728/? E/HSM_BG: DeepViewType:AbroadChat trash is null, or already preparedcom.kakao.talk\par
2022-08-30 08:28:40.042 13205-14728/? E/HSM_BG: NormalTrashViewType:normal trash view type put info, but trash is null.\par
2022-08-30 08:28:40.042 13205-14728/? E/HSM_BG: NormalTrashViewType:normal trash view type put info, but trash is null.\par
2022-08-30 08:28:40.044 13205-14728/? E/HSM_BG: DeepViewType:Wechat trash is null\par
2022-08-30 08:28:40.044 13205-14728/? E/HSM_BG: DeepViewType:QQ trash is null\par
2022-08-30 08:28:40.044 13205-14728/? E/HSM_BG: DeepViewType:AbroadChat trash is null, or already preparedjp.naver.line.android\par
2022-08-30 08:28:40.044 13205-14728/? E/HSM_BG: DeepViewType:AbroadChat trash is null, or already preparedcom.facebook.orca\par
2022-08-30 08:28:40.044 13205-14728/? E/HSM_BG: DeepViewType:AbroadChat trash is null, or already preparedcom.whatsapp\par
2022-08-30 08:28:40.044 13205-14728/? E/HSM_BG: DeepViewType:AbroadChat trash is null, or already preparedcom.kakao.talk\par
2022-08-30 08:28:40.045 13205-14728/? E/HSM_BG: NormalTrashViewType:normal trash view type put info, but trash is null.\par
2022-08-30 08:28:40.047 13205-14728/? E/HSM_BG: NormalTrashViewType:normal trash view type put info, but trash is null.\par
2022-08-30 08:28:40.048 13205-14728/? E/HSM_BG: DeepViewType:Wechat trash is null\par
2022-08-30 08:28:40.048 13205-14728/? E/HSM_BG: DeepViewType:QQ trash is null\par
2022-08-30 08:28:40.048 13205-14728/? E/HSM_BG: DeepViewType:AbroadChat trash is null, or already preparedjp.naver.line.android\par
2022-08-30 08:28:40.048 13205-14728/? E/HSM_BG: DeepViewType:AbroadChat trash is null, or already preparedcom.facebook.orca\par
2022-08-30 08:28:40.048 13205-14728/? E/HSM_BG: DeepViewType:AbroadChat trash is null, or already preparedcom.whatsapp\par
2022-08-30 08:28:40.048 13205-14728/? E/HSM_BG: DeepViewType:AbroadChat trash is null, or already preparedcom.kakao.talk\par
2022-08-30 08:28:40.049 13205-14728/? E/HSM_BG: NormalTrashViewType:normal trash view type put info, but trash is null.\par
2022-08-30 08:28:40.049 13205-14728/? E/HSM_BG: DeepViewType:Wechat trash is null\par
2022-08-30 08:28:40.049 13205-14728/? E/HSM_BG: DeepViewType:QQ trash is null\par
2022-08-30 08:28:40.049 13205-14728/? E/HSM_BG: DeepViewType:AbroadChat trash is null, or already preparedjp.naver.line.android\par
2022-08-30 08:28:40.049 13205-14728/? E/HSM_BG: DeepViewType:AbroadChat trash is null, or already preparedcom.facebook.orca\par
2022-08-30 08:28:40.049 13205-14728/? E/HSM_BG: DeepViewType:AbroadChat trash is null, or already preparedcom.whatsapp\par
2022-08-30 08:28:40.050 13205-14728/? E/HSM_BG: DeepViewType:AbroadChat trash is null, or already preparedcom.kakao.talk\par
2022-08-30 08:28:40.052 13205-14728/? E/HSM_BG: DeepViewType:Wechat trash is null\par
2022-08-30 08:28:40.052 13205-14728/? E/HSM_BG: DeepViewType:QQ trash is null\par
2022-08-30 08:28:40.052 13205-14728/? E/HSM_BG: DeepViewType:AbroadChat trash is null, or already preparedjp.naver.line.android\par
2022-08-30 08:28:40.052 13205-14728/? E/HSM_BG: DeepViewType:AbroadChat trash is null, or already preparedcom.facebook.orca\par
2022-08-30 08:28:40.052 13205-14728/? E/HSM_BG: DeepViewType:AbroadChat trash is null, or already preparedcom.whatsapp\par
2022-08-30 08:28:40.052 13205-14728/? E/HSM_BG: DeepViewType:AbroadChat trash is null, or already preparedcom.kakao.talk\par
2022-08-30 08:28:40.053 13205-14728/? E/HSM_BG: NormalTrashViewType:normal trash view type put info, but trash is null.\par
2022-08-30 08:28:40.054 13205-14728/? E/HSM_BG: NormalTrashViewType:normal trash view type put info, but trash is null.\par
2022-08-30 08:28:40.054 13205-14728/? E/HSM_BG: DeepViewType:Wechat trash is null\par
2022-08-30 08:28:40.054 13205-14728/? E/HSM_BG: DeepViewType:QQ trash is null\par
2022-08-30 08:28:40.054 13205-14728/? E/HSM_BG: DeepViewType:AbroadChat trash is null, or already preparedjp.naver.line.android\par
2022-08-30 08:28:40.054 13205-14728/? E/HSM_BG: DeepViewType:AbroadChat trash is null, or already preparedcom.facebook.orca\par
2022-08-30 08:28:40.054 13205-14728/? E/HSM_BG: DeepViewType:AbroadChat trash is null, or already preparedcom.whatsapp\par
2022-08-30 08:28:40.054 13205-14728/? E/HSM_BG: DeepViewType:AbroadChat trash is null, or already preparedcom.kakao.talk\par
2022-08-30 08:28:40.321 13205-14700/? E/: [ZeroHung]zrhung_get_config: Get config failed for wp[0x0008]\par
2022-08-30 08:28:40.753 1339-31581/? E/AdbDebuggingManager: Caught an exception opening the socket: java.io.IOException: No such file or directory\par
2022-08-30 08:28:41.110 13205-14728/? E/HSM_BG: NormalTrashViewType:normal trash view type put info, but trash is null.\par
2022-08-30 08:28:41.113 13205-14728/? E/HSM_BG: NormalTrashViewType:normal trash view type put info, but trash is null.\par
2022-08-30 08:28:41.114 13205-14728/? E/HSM_BG: RootFolderTrashGroup:getRootFolderName failed! separatorIndex < 0\par
2022-08-30 08:28:41.114 13205-14728/? E/HSM_BG: RootFolderTrashGroup:getRootFolderName failed! separatorIndex < 0\par
2022-08-30 08:28:41.123 13205-14728/? E/HSM_BG: DeepViewType:Wechat trash is null\par
2022-08-30 08:28:41.123 13205-14728/? E/HSM_BG: DeepViewType:QQ trash is null\par
2022-08-30 08:28:41.123 13205-14728/? E/HSM_BG: DeepViewType:AbroadChat trash is null, or already preparedjp.naver.line.android\par
2022-08-30 08:28:41.123 13205-14728/? E/HSM_BG: DeepViewType:AbroadChat trash is null, or already preparedcom.facebook.orca\par
2022-08-30 08:28:41.123 13205-14728/? E/HSM_BG: DeepViewType:AbroadChat trash is null, or already preparedcom.whatsapp\par
2022-08-30 08:28:41.123 13205-14728/? E/HSM_BG: DeepViewType:AbroadChat trash is null, or already preparedcom.kakao.talk\par
2022-08-30 08:28:41.476 13205-14728/? E/HSM_BG: NormalTrashViewType:normal trash view type put info, but trash is null.\par
2022-08-30 08:28:41.478 13205-14728/? E/HSM_BG: NormalTrashViewType:normal trash view type put info, but trash is null.\par
2022-08-30 08:28:41.478 13205-14728/? E/HSM_BG: DeepViewType:Wechat trash is null\par
2022-08-30 08:28:41.478 13205-14728/? E/HSM_BG: DeepViewType:QQ trash is null\par
2022-08-30 08:28:41.478 13205-14728/? E/HSM_BG: DeepViewType:AbroadChat trash is null, or already preparedjp.naver.line.android\par
2022-08-30 08:28:41.478 13205-14728/? E/HSM_BG: DeepViewType:AbroadChat trash is null, or already preparedcom.facebook.orca\par
2022-08-30 08:28:41.478 13205-14728/? E/HSM_BG: DeepViewType:AbroadChat trash is null, or already preparedcom.whatsapp\par
2022-08-30 08:28:41.478 13205-14728/? E/HSM_BG: DeepViewType:AbroadChat trash is null, or already preparedcom.kakao.talk\par
2022-08-30 08:28:41.484 13205-14728/? E/HSM_BG: AiDeepItem:mTrashList is null!\par
2022-08-30 08:28:41.484 13205-14728/? E/HSM_BG: AbroadDeepItem:mTrashList is null!\par
2022-08-30 08:28:41.484 13205-14728/? E/HSM_BG: AbroadDeepItem:mTrashList is null!\par
2022-08-30 08:28:41.634 13205-14728/? E/HSM_BG: AiDeepItem:mTrashList is null!\par
2022-08-30 08:28:41.635 13205-14728/? E/HSM_BG: AbroadDeepItem:mTrashList is null!\par
2022-08-30 08:28:41.635 13205-14728/? E/HSM_BG: AbroadDeepItem:mTrashList is null!\par
2022-08-30 08:28:42.755 1339-31581/? E/AdbDebuggingManager: Caught an exception opening the socket: java.io.IOException: No such file or directory\par
2022-08-30 08:28:44.757 1339-31581/? E/AdbDebuggingManager: Caught an exception opening the socket: java.io.IOException: No such file or directory\par
2022-08-30 08:28:46.760 1339-31581/? E/AdbDebuggingManager: Caught an exception opening the socket: java.io.IOException: No such file or directory\par
2022-08-30 08:28:49.294 1512-1584/? E/HPGNSS: RecordEphReq: record eph request\par
2022-08-30 08:28:50.764 1339-31581/? E/AdbDebuggingManager: Caught an exception opening the socket: java.io.IOException: No such file or directory\par
2022-08-30 08:28:52.766 1339-31581/? E/AdbDebuggingManager: Caught an exception opening the socket: java.io.IOException: No such file or directory\par
2022-08-30 08:28:56.770 1339-31581/? E/AdbDebuggingManager: Caught an exception opening the socket: java.io.IOException: No such file or directory\par
2022-08-30 08:28:58.772 1339-31581/? E/AdbDebuggingManager: Caught an exception opening the socket: java.io.IOException: No such file or directory\par
2022-08-30 08:29:02.776 1339-31581/? E/AdbDebuggingManager: Caught an exception opening the socket: java.io.IOException: No such file or directory\par
2022-08-30 08:29:04.778 1339-31581/? E/AdbDebuggingManager: Caught an exception opening the socket: java.io.IOException: No such file or directory\par
2022-08-30 08:29:06.780 1339-31581/? E/AdbDebuggingManager: Caught an exception opening the socket: java.io.IOException: No such file or directory\par
2022-08-30 08:29:08.781 1339-31581/? E/AdbDebuggingManager: Caught an exception opening the socket: java.io.IOException: No such file or directory\par
2022-08-30 08:29:10.783 1339-31581/? E/AdbDebuggingManager: Caught an exception opening the socket: java.io.IOException: No such file or directory\par
2022-08-30 08:29:14.787 1339-31581/? E/AdbDebuggingManager: Caught an exception opening the socket: java.io.IOException: No such file or directory\par
2022-08-30 08:29:16.789 1339-31581/? E/AdbDebuggingManager: Caught an exception opening the socket: java.io.IOException: No such file or directory\par
2022-08-30 08:29:18.791 1339-31581/? E/AdbDebuggingManager: Caught an exception opening the socket: java.io.IOException: No such file or directory\par
2022-08-30 08:29:20.793 1339-31581/? E/AdbDebuggingManager: Caught an exception opening the socket: java.io.IOException: No such file or directory\par
2022-08-30 08:29:22.795 1339-31581/? E/AdbDebuggingManager: Caught an exception opening the socket: java.io.IOException: No such file or directory\par
2022-08-30 08:29:26.799 1339-31581/? E/AdbDebuggingManager: Caught an exception opening the socket: java.io.IOException: No such file or directory\par
2022-08-30 08:29:28.801 1339-31581/? E/AdbDebuggingManager: Caught an exception opening the socket: java.io.IOException: No such file or directory\par
2022-08-30 08:29:32.805 1339-31581/? E/AdbDebuggingManager: Caught an exception opening the socket: java.io.IOException: No such file or directory\par
2022-08-30 08:29:34.807 1339-31581/? E/AdbDebuggingManager: Caught an exception opening the socket: java.io.IOException: No such file or directory\par
2022-08-30 08:29:35.554 890-3652/? E/Thermal-daemon:ambient: calc_ambient_temp: median filter output 20530\par
2022-08-30 08:29:35.554 890-3652/? E/Thermal-daemon:ambient: ambient_sample: write temp 20530 to ambient node\par
2022-08-30 08:29:36.809 1339-31581/? E/AdbDebuggingManager: Caught an exception opening the socket: java.io.IOException: No such file or directory\par
2022-08-30 08:29:38.811 1339-31581/? E/AdbDebuggingManager: Caught an exception opening the socket: java.io.IOException: No such file or directory\par
2022-08-30 08:29:40.813 1339-31581/? E/AdbDebuggingManager: Caught an exception opening the socket: java.io.IOException: No such file or directory\par
2022-08-30 08:29:42.815 1339-31581/? E/AdbDebuggingManager: Caught an exception opening the socket: java.io.IOException: No such file or directory\par
2022-08-30 08:29:44.817 1339-31581/? E/AdbDebuggingManager: Caught an exception opening the socket: java.io.IOException: No such file or directory\par
2022-08-30 08:29:45.418 890-890/? E/Thermal-daemon:hw_thermal: [accurate_usb] temp_new :24  temp_old :23\par
2022-08-30 08:29:45.420 890-890/? E/Thermal-daemon:hw_thermal: Report temperature: [accurate_usb] temp :24  report_threshold:1\par
2022-08-30 08:29:46.819 1339-31581/? E/AdbDebuggingManager: Caught an exception opening the socket: java.io.IOException: No such file or directory\par
2022-08-30 08:29:48.386 22154-24108/? E/: [ZeroHung]zrhung_get_config: Get config failed for wp[0x0008]\par
2022-08-30 08:29:50.424 890-890/? E/Thermal-daemon:hw_thermal: [accurate_usb] temp_new :23  temp_old :24\par
2022-08-30 08:29:50.425 890-890/? E/Thermal-daemon:hw_thermal: Report temperature: [accurate_usb] temp :23  report_threshold:1\par
2022-08-30 08:29:50.823 1339-31581/? E/AdbDebuggingManager: Caught an exception opening the socket: java.io.IOException: No such file or directory\par
2022-08-30 08:29:52.825 1339-31581/? E/AdbDebuggingManager: Caught an exception opening the socket: java.io.IOException: No such file or directory\par
2022-08-30 08:29:55.429 890-890/? E/Thermal-daemon:hw_thermal: [accurate_usb] temp_new :24  temp_old :23\par
2022-08-30 08:29:55.431 890-890/? E/Thermal-daemon:hw_thermal: Report temperature: [accurate_usb] temp :24  report_threshold:1\par
2022-08-30 08:29:56.829 1339-31581/? E/AdbDebuggingManager: Caught an exception opening the socket: java.io.IOException: No such file or directory\par
2022-08-30 08:29:58.831 1339-31581/? E/AdbDebuggingManager: Caught an exception opening the socket: java.io.IOException: No such file or directory\par
2022-08-30 08:30:02.835 1339-31581/? E/AdbDebuggingManager: Caught an exception opening the socket: java.io.IOException: No such file or directory\par
2022-08-30 08:30:04.837 1339-31581/? E/AdbDebuggingManager: Caught an exception opening the socket: java.io.IOException: No such file or directory\par
2022-08-30 08:30:05.824 31360-14888/? E/memtrack: Couldn't load memtrack module\par
2022-08-30 08:30:08.840 1339-31581/? E/AdbDebuggingManager: Caught an exception opening the socket: java.io.IOException: No such file or directory\par
2022-08-30 08:30:10.842 1339-31581/? E/AdbDebuggingManager: Caught an exception opening the socket: java.io.IOException: No such file or directory\par
2022-08-30 08:30:12.844 1339-31581/? E/AdbDebuggingManager: Caught an exception opening the socket: java.io.IOException: No such file or directory\par
2022-08-30 08:30:14.846 1339-31581/? E/AdbDebuggingManager: Caught an exception opening the socket: java.io.IOException: No such file or directory\par
2022-08-30 08:30:16.848 1339-31581/? E/AdbDebuggingManager: Caught an exception opening the socket: java.io.IOException: No such file or directory\par
2022-08-30 08:30:18.850 1339-31581/? E/AdbDebuggingManager: Caught an exception opening the socket: java.io.IOException: No such file or directory\par
2022-08-30 08:30:20.852 1339-31581/? E/AdbDebuggingManager: Caught an exception opening the socket: java.io.IOException: No such file or directory\par
2022-08-30 08:30:22.854 1339-31581/? E/AdbDebuggingManager: Caught an exception opening the socket: java.io.IOException: No such file or directory\par
2022-08-30 08:30:26.858 1339-31581/? E/AdbDebuggingManager: Caught an exception opening the socket: java.io.IOException: No such file or directory\par
2022-08-30 08:30:28.860 1339-31581/? E/AdbDebuggingManager: Caught an exception opening the socket: java.io.IOException: No such file or directory\par
2022-08-30 08:30:30.201 1996-1996/? E/DateView: DateView,mCurrentTime: 1661873430201\par
2022-08-30 08:30:30.205 1996-1996/? E/LocalCalendar: invalid param calendarId. \par
2022-08-30 08:30:30.205 1996-1996/? E/LocalCalendar: invalid param calendarId. \par
2022-08-30 08:30:30.390 32136-32136/? E/ZeroPartyBinder: Incorrect caller's signature\par
2022-08-30 08:30:30.864 1339-31581/? E/AdbDebuggingManager: Caught an exception opening the socket: java.io.IOException: No such file or directory\par
2022-08-30 08:30:32.865 1339-31581/? E/AdbDebuggingManager: Caught an exception opening the socket: java.io.IOException: No such file or directory\par
2022-08-30 08:30:34.867 1339-31581/? E/AdbDebuggingManager: Caught an exception opening the socket: java.io.IOException: No such file or directory\par
2022-08-30 08:30:35.620 890-3652/? E/Thermal-daemon:ambient: calc_ambient_temp: median filter output 20555\par
2022-08-30 08:30:35.620 890-3652/? E/Thermal-daemon:ambient: ambient_sample: write temp 20555 to ambient node\par
2022-08-30 08:30:38.871 1339-31581/? E/AdbDebuggingManager: Caught an exception opening the socket: java.io.IOException: No such file or directory\par
2022-08-30 08:30:40.874 1339-31581/? E/AdbDebuggingManager: Caught an exception opening the socket: java.io.IOException: No such file or directory\par
2022-08-30 08:30:42.875 1339-31581/? E/AdbDebuggingManager: Caught an exception opening the socket: java.io.IOException: No such file or directory\par
2022-08-30 08:30:44.879 1339-31581/? E/AdbDebuggingManager: Caught an exception opening the socket: java.io.IOException: No such file or directory\par
2022-08-30 08:30:46.881 1339-31581/? E/AdbDebuggingManager: Caught an exception opening the socket: java.io.IOException: No such file or directory\par
2022-08-30 08:30:48.883 1339-31581/? E/AdbDebuggingManager: Caught an exception opening the socket: java.io.IOException: No such file or directory\par
2022-08-30 08:30:50.885 1339-31581/? E/AdbDebuggingManager: Caught an exception opening the socket: java.io.IOException: No such file or directory\par
2022-08-30 08:30:52.888 1339-31581/? E/AdbDebuggingManager: Caught an exception opening the socket: java.io.IOException: No such file or directory\par
2022-08-30 08:30:54.890 1339-31581/? E/AdbDebuggingManager: Caught an exception opening the socket: java.io.IOException: No such file or directory\par
2022-08-30 08:30:56.892 1339-31581/? E/AdbDebuggingManager: Caught an exception opening the socket: java.io.IOException: No such file or directory\par
2022-08-30 08:30:58.894 1339-31581/? E/AdbDebuggingManager: Caught an exception opening the socket: java.io.IOException: No such file or directory\par
2022-08-30 08:31:00.896 1339-31581/? E/AdbDebuggingManager: Caught an exception opening the socket: java.io.IOException: No such file or directory\par
2022-08-30 08:31:02.897 1339-31581/? E/AdbDebuggingManager: Caught an exception opening the socket: java.io.IOException: No such file or directory\par
2022-08-30 08:31:04.900 1339-31581/? E/AdbDebuggingManager: Caught an exception opening the socket: java.io.IOException: No such file or directory\par
2022-08-30 08:31:06.902 1339-31581/? E/AdbDebuggingManager: Caught an exception opening the socket: java.io.IOException: No such file or directory\par
2022-08-30 08:31:08.904 1339-31581/? E/AdbDebuggingManager: Caught an exception opening the socket: java.io.IOException: No such file or directory\par
2022-08-30 08:31:10.906 1339-31581/? E/AdbDebuggingManager: Caught an exception opening the socket: java.io.IOException: No such file or directory\par
2022-08-30 08:31:12.908 1339-31581/? E/AdbDebuggingManager: Caught an exception opening the socket: java.io.IOException: No such file or directory\par
2022-08-30 08:31:14.909 1339-31581/? E/AdbDebuggingManager: Caught an exception opening the socket: java.io.IOException: No such file or directory\par
2022-08-30 08:31:16.911 1339-31581/? E/AdbDebuggingManager: Caught an exception opening the socket: java.io.IOException: No such file or directory\par
2022-08-30 08:31:18.913 1339-31581/? E/AdbDebuggingManager: Caught an exception opening the socket: java.io.IOException: No such file or directory\par
2022-08-30 08:31:20.916 1339-31581/? E/AdbDebuggingManager: Caught an exception opening the socket: java.io.IOException: No such file or directory\par
2022-08-30 08:31:22.917 1339-31581/? E/AdbDebuggingManager: Caught an exception opening the socket: java.io.IOException: No such file or directory\par
2022-08-30 08:31:24.920 1339-31581/? E/AdbDebuggingManager: Caught an exception opening the socket: java.io.IOException: No such file or directory\par
2022-08-30 08:31:25.995 32135-14947/? E/memtrack: Couldn't load memtrack module\par
2022-08-30 08:31:26.007 32133-14948/? E/memtrack: Couldn't load memtrack module\par
2022-08-30 08:31:26.922 1339-31581/? E/AdbDebuggingManager: Caught an exception opening the socket: java.io.IOException: No such file or directory\par
2022-08-30 08:31:27.223 14949-14949/? E/: storage_info: IsTimeForUpload path log/storage/ exist\par
2022-08-30 08:31:28.746 1118-13392/? E/: [ZeroHung]zrhung_get_config: Get config failed for wp[0x0008]\par
2022-08-30 08:31:28.762 1118-13470/? E/ActivityThread: Failed to find provider info for com.google.settings\par
2022-08-30 08:31:28.923 1339-31581/? E/AdbDebuggingManager: Caught an exception opening the socket: java.io.IOException: No such file or directory\par
2022-08-30 08:31:29.259 1118-13392/? E/: [ZeroHung]zrhung_get_config: Get config failed for wp[0x0008]\par
2022-08-30 08:31:30.711 1996-1996/? E/DateView: DateView,mCurrentTime: 1661873490711\par
2022-08-30 08:31:30.715 1996-1996/? E/LocalCalendar: invalid param calendarId. \par
2022-08-30 08:31:30.716 1996-1996/? E/LocalCalendar: invalid param calendarId. \par
2022-08-30 08:31:30.926 1339-31581/? E/AdbDebuggingManager: Caught an exception opening the socket: java.io.IOException: No such file or directory\par
2022-08-30 08:31:32.929 1339-31581/? E/AdbDebuggingManager: Caught an exception opening the socket: java.io.IOException: No such file or directory\par
2022-08-30 08:31:34.930 1339-31581/? E/AdbDebuggingManager: Caught an exception opening the socket: java.io.IOException: No such file or directory\par
2022-08-30 08:31:35.681 890-3652/? E/Thermal-daemon:ambient: calc_ambient_temp: median filter output 20626\par
2022-08-30 08:31:35.681 890-3652/? E/Thermal-daemon:ambient: ambient_sample: write temp 20626 to ambient node\par
2022-08-30 08:31:36.932 1339-31581/? E/AdbDebuggingManager: Caught an exception opening the socket: java.io.IOException: No such file or directory\par
2022-08-30 08:31:38.934 1339-31581/? E/AdbDebuggingManager: Caught an exception opening the socket: java.io.IOException: No such file or directory\par
2022-08-30 08:31:40.938 1339-31581/? E/AdbDebuggingManager: Caught an exception opening the socket: java.io.IOException: No such file or directory\par
2022-08-30 08:31:42.940 1339-31581/? E/AdbDebuggingManager: Caught an exception opening the socket: java.io.IOException: No such file or directory\par
2022-08-30 08:31:44.942 1339-31581/? E/AdbDebuggingManager: Caught an exception opening the socket: java.io.IOException: No such file or directory\par
2022-08-30 08:31:45.252 31366-14982/? E/memtrack: Couldn't load memtrack module\par
2022-08-30 08:31:46.945 1339-31581/? E/AdbDebuggingManager: Caught an exception opening the socket: java.io.IOException: No such file or directory\par
2022-08-30 08:31:48.947 1339-31581/? E/AdbDebuggingManager: Caught an exception opening the socket: java.io.IOException: No such file or directory\par
2022-08-30 08:31:50.729 2746-8147/? E/: [ZeroHung]zrhung_get_config: Get config failed for wp[0x0008]\par
2022-08-30 08:31:50.951 1339-31581/? E/AdbDebuggingManager: Caught an exception opening the socket: java.io.IOException: No such file or directory\par
2022-08-30 08:31:52.953 1339-31581/? E/AdbDebuggingManager: Caught an exception opening the socket: java.io.IOException: No such file or directory\par
2022-08-30 08:31:54.956 1339-31581/? E/AdbDebuggingManager: Caught an exception opening the socket: java.io.IOException: No such file or directory\par
2022-08-30 08:31:56.958 1339-31581/? E/AdbDebuggingManager: Caught an exception opening the socket: java.io.IOException: No such file or directory\par
2022-08-30 08:31:58.960 1339-31581/? E/AdbDebuggingManager: Caught an exception opening the socket: java.io.IOException: No such file or directory\par
2022-08-30 08:32:02.966 1339-31581/? E/AdbDebuggingManager: Caught an exception opening the socket: java.io.IOException: No such file or directory\par
2022-08-30 08:32:04.968 1339-31581/? E/AdbDebuggingManager: Caught an exception opening the socket: java.io.IOException: No such file or directory\par
2022-08-30 08:32:08.972 1339-31581/? E/AdbDebuggingManager: Caught an exception opening the socket: java.io.IOException: No such file or directory\par
2022-08-30 08:32:10.975 1339-31581/? E/AdbDebuggingManager: Caught an exception opening the socket: java.io.IOException: No such file or directory\par
2022-08-30 08:32:12.977 1339-31581/? E/AdbDebuggingManager: Caught an exception opening the socket: java.io.IOException: No such file or directory\par
2022-08-30 08:32:14.979 1339-31581/? E/AdbDebuggingManager: Caught an exception opening the socket: java.io.IOException: No such file or directory\par
2022-08-30 08:32:16.981 1339-31581/? E/AdbDebuggingManager: Caught an exception opening the socket: java.io.IOException: No such file or directory\par
2022-08-30 08:32:18.984 1339-31581/? E/AdbDebuggingManager: Caught an exception opening the socket: java.io.IOException: No such file or directory\par
2022-08-30 08:32:20.987 1339-31581/? E/AdbDebuggingManager: Caught an exception opening the socket: java.io.IOException: No such file or directory\par
2022-08-30 08:32:22.989 1339-31581/? E/AdbDebuggingManager: Caught an exception opening the socket: java.io.IOException: No such file or directory\par
2022-08-30 08:32:26.993 1339-31581/? E/AdbDebuggingManager: Caught an exception opening the socket: java.io.IOException: No such file or directory\par
2022-08-30 08:32:28.995 1339-31581/? E/AdbDebuggingManager: Caught an exception opening the socket: java.io.IOException: No such file or directory\par
2022-08-30 08:32:30.999 1339-31581/? E/AdbDebuggingManager: Caught an exception opening the socket: java.io.IOException: No such file or directory\par
2022-08-30 08:32:33.001 1339-31581/? E/AdbDebuggingManager: Caught an exception opening the socket: java.io.IOException: No such file or directory\par
2022-08-30 08:32:35.003 1339-31581/? E/AdbDebuggingManager: Caught an exception opening the socket: java.io.IOException: No such file or directory\par
2022-08-30 08:32:35.746 890-3652/? E/Thermal-daemon:ambient: calc_ambient_temp: median filter output 20666\par
2022-08-30 08:32:35.746 890-3652/? E/Thermal-daemon:ambient: ambient_sample: write temp 20666 to ambient node\par
2022-08-30 08:32:37.005 1339-31581/? E/AdbDebuggingManager: Caught an exception opening the socket: java.io.IOException: No such file or directory\par
2022-08-30 08:32:39.007 1339-31581/? E/AdbDebuggingManager: Caught an exception opening the socket: java.io.IOException: No such file or directory\par
2022-08-30 08:32:41.011 1339-31581/? E/AdbDebuggingManager: Caught an exception opening the socket: java.io.IOException: No such file or directory\par
2022-08-30 08:32:41.060 1996-1996/? E/DateView: DateView,mCurrentTime: 1661873561060\par
2022-08-30 08:32:41.063 1996-1996/? E/LocalCalendar: invalid param calendarId. \par
2022-08-30 08:32:41.064 1996-1996/? E/LocalCalendar: invalid param calendarId. \par
2022-08-30 08:32:41.095 31360-14272/? E/WakeLock: GCM_HB_ALARM release without a matched acquire!\par
2022-08-30 08:32:41.504 32133-14567/? E/WakeLock: GCM_HB_ALARM release without a matched acquire!\par
2022-08-30 08:32:43.013 1339-31581/? E/AdbDebuggingManager: Caught an exception opening the socket: java.io.IOException: No such file or directory\par
2022-08-30 08:32:45.014 1339-31581/? E/AdbDebuggingManager: Caught an exception opening the socket: java.io.IOException: No such file or directory\par
2022-08-30 08:32:47.016 1339-31581/? E/AdbDebuggingManager: Caught an exception opening the socket: java.io.IOException: No such file or directory\par
2022-08-30 08:32:49.294 1512-1584/? E/HPGNSS: RecordEphReq: record eph request\par
2022-08-30 08:32:51.022 1339-31581/? E/AdbDebuggingManager: Caught an exception opening the socket: java.io.IOException: No such file or directory\par
2022-08-30 08:32:53.024 1339-31581/? E/AdbDebuggingManager: Caught an exception opening the socket: java.io.IOException: No such file or directory\par
