2022-08-30 08:45:39.188 2005-2649/? E/SmartDualCardConfig: isAppInBlackList false,items==null\par
2022-08-30 08:45:39.196 3028-25901/? E/AppLifeChangeSensor: CAWARENESS: activityPaused mAppLifeChangeCallback is null \par
2022-08-30 08:45:39.198 17362-17362/? E/HwLauncher: NegativeScreenClientCallBack onServiceStateChanged overlayAttached = true mServiceState = 0\par
2022-08-30 08:45:39.252 2005-2649/? E/DollieAdapterService: notifyActivityState pkg:com.huawei.appmarket/com.huawei.appgallery.search.ui.BaseSearchActivity state:16 fg:false mUid:10026\par
2022-08-30 08:45:39.253 1339-1937/? E/WindowManager: win=Window\{16ebc3b u0 com.huawei.appmarket/com.huawei.appgallery.search.ui.BaseSearchActivity\} destroySurfaces: appStopped=true win.mWindowRemovalAllowed=false win.mRemoveOnExit=false\par
2022-08-30 08:45:39.254 2005-2649/? E/SmartDualCardConfig: isAppInBlackList false,items==null\par
2022-08-30 08:45:39.281 2746-8147/? E/: [ZeroHung]zrhung_get_config: Get config failed for wp[0x0008]\par
2022-08-30 08:45:39.296 2005-3892/? E/HsmCoreServiceImpl: onTransact in code is: 103\par
2022-08-30 08:45:39.471 2223-4427/? E/AwareLog: SPKVolumeSchedFeature: Uid has been sent, ignore.\par
2022-08-30 08:45:39.476 3028-25901/? E/AppLifeChangeSensor: CAWARENESS: activityPaused mAppLifeChangeCallback is null \par
2022-08-30 08:45:39.477 1339-1497/? E/WindowManager: icon is null!!\par
2022-08-30 08:45:39.478 1339-1497/? E/WindowManager: icon is null!!\par
2022-08-30 08:45:39.478 1339-1497/? E/WindowManager: mWindowSurfaceController is null!!\par
2022-08-30 08:45:39.479 2746-8194/? E/HiApp.HttpUtil: pool-28-thread-1\{6786\} <<< ERROR >>> checkResponseNew: request Accept: [application/json], response Content-Type: \par
2022-08-30 08:45:39.488 2746-8194/? E/HiApp.HttpUtil: pool-28-thread-2\{6798\} <<< ERROR >>> checkResponseNew: request Accept: [application/json], response Content-Type: \par
2022-08-30 08:45:39.505 2005-2649/? E/DollieAdapterService: notifyActivityState pkg:com.huawei.appmarket/com.huawei.appgallery.search.ui.BaseSearchActivity state:2 fg:true mUid:10026\par
2022-08-30 08:45:39.506 3028-25901/? E/AppLifeChangeSensor: CAWARENESS: activityResumed mAppLifeChangeCallback is null \par
2022-08-30 08:45:39.508 2005-2649/? E/BoosterUtil: convertSubIdToSlotId failed, subId:0, slotId:-1\par
2022-08-30 08:45:39.508 2005-2649/? E/BoosterUtil: getDefaultDataSlotId failed, invalid slotId:-1, subId:0\par
2022-08-30 08:45:39.510 2005-2649/? E/SmartDualCardConfig: isAppInBlackList false,items==null\par
2022-08-30 08:45:39.576 2005-11065/? E/HsmCoreServiceImpl: onTransact in code is: 103\par
2022-08-30 08:45:39.632 1339-1497/? E/WindowManager: win=Window\{9aad167 u0 SnapshotStartingWindow for taskId=1639 EXITING\} destroySurfaces: appStopped=false win.mWindowRemovalAllowed=true win.mRemoveOnExit=true\par
2022-08-30 08:45:39.689 2005-2649/? E/DollieAdapterService: notifyActivityState pkg:com.huawei.android.launcher/com.huawei.android.launcher.unihome.UniHomeLauncher state:6 fg:false mUid:10072\par
2022-08-30 08:45:39.690 2005-2649/? E/SmartDualCardConfig: isAppInBlackList false,items==null\par
2022-08-30 08:45:39.710 2746-8194/? E/HiApp.HttpUtil: pool-28-thread-1\{6786\} <<< ERROR >>> checkResponseNew: request Accept: [application/json], response Content-Type: \par
2022-08-30 08:45:39.719 1339-2510/? E/WindowManager: win=Window\{3832501 u0 com.huawei.android.launcher/com.huawei.android.launcher.unihome.UniHomeLauncher\} destroySurfaces: appStopped=true win.mWindowRemovalAllowed=false win.mRemoveOnExit=false\par
2022-08-30 08:45:39.808 1339-31581/? E/AdbDebuggingManager: Caught an exception opening the socket: java.io.IOException: No such file or directory\par
2022-08-30 08:45:40.483 3028-25901/? E/AppLifeChangeSensor: CAWARENESS: activityPaused mAppLifeChangeCallback is null \par
2022-08-30 08:45:40.502 3028-25901/? E/AppLifeChangeSensor: CAWARENESS: activityResumed mAppLifeChangeCallback is null \par
2022-08-30 08:45:40.502 2005-2649/? E/DollieAdapterService: notifyActivityState pkg:com.huawei.appmarket/com.huawei.appmarket.MarketActivity state:2 fg:true mUid:10026\par
2022-08-30 08:45:40.585 1339-1497/? E/WindowManager: icon is null!!\par
2022-08-30 08:45:40.587 1339-1497/? E/WindowManager: icon is null!!\par
2022-08-30 08:45:40.594 2005-6711/? E/HsmCoreServiceImpl: onTransact in code is: 103\par
2022-08-30 08:45:40.705 17362-17362/? E/Log: invalid param calendarId. \par
2022-08-30 08:45:40.706 17362-17362/? E/Log: invalid param calendarId. \par
2022-08-30 08:45:40.817 719-719/? E/WifiHAL: enter wifi_get_link_stats\par
2022-08-30 08:45:41.530 2746-8194/? E/HiApp.SerializedObject: pool-29-thread-2\{6851\} <<< ERROR >>> read file FileNotFoundException\par
2022-08-30 08:45:41.549 2746-2746/? E/HwReflectUtil: ClassNotFoundException in reflect call getBoolean\par
2022-08-30 08:45:41.550 2746-2746/? E/HwReflectUtil: ClassNotFoundException in reflect call getBoolean\par
2022-08-30 08:45:41.550 2746-2746/? E/HwDisplaySizeUtil: getDisplaySideSafeInsets: method not found\par
2022-08-30 08:45:41.551 2746-2746/? E/HwDisplaySizeUtil: getDisplaySideSafeInsets: method not found\par
2022-08-30 08:45:41.552 2746-2746/? E/ThemeUtils: View class androidx.appcompat.widget.AppCompatImageView is an AppCompat widget that can only be used with a Theme.AppCompat theme (or descendant).\par
2022-08-30 08:45:41.552 2746-2746/? E/HwReflectUtil: ClassNotFoundException in reflect call getBoolean\par
2022-08-30 08:45:41.559 2746-2746/? E/HwDisplaySizeUtil: getDisplaySideSafeInsets: method not found\par
2022-08-30 08:45:41.568 2746-8147/? E/: [ZeroHung]zrhung_get_config: Get config failed for wp[0x0008]\par
2022-08-30 08:45:41.646 2746-8194/? E/HiApp.SnsAgent: main\{1\} <<< ERROR >>> list is empty\par
2022-08-30 08:45:41.729 2746-8194/? E/HiApp.HttpUtil: pool-28-thread-2\{6798\} <<< ERROR >>> checkResponseNew: request Accept: [application/json], response Content-Type: \par
2022-08-30 08:45:41.809 1339-31581/? E/AdbDebuggingManager: Caught an exception opening the socket: java.io.IOException: No such file or directory\par
2022-08-30 08:45:41.817 2746-8194/? E/HiApp.HttpUtil: pool-29-thread-2\{6851\} <<< ERROR >>> checkResponseNew: request Accept: [application/json], response Content-Type: \par
2022-08-30 08:45:41.856 2746-2746/? E/ThemeUtils: View class com.huawei.appmarket.framework.widget.NoAdaptRenderImageView is an AppCompat widget that can only be used with a Theme.AppCompat theme (or descendant).\par
2022-08-30 08:45:41.863 2746-2746/? E/ThemeUtils: View class com.huawei.appmarket.framework.widget.NoAdaptRenderImageView is an AppCompat widget that can only be used with a Theme.AppCompat theme (or descendant).\par
2022-08-30 08:45:42.713 28853-28853/? E/HiBoard_22.0.6.303_LauncherOverlayService: onUnbind\par
2022-08-30 08:45:42.715 28853-28853/? E/HiBoard_22.0.6.303_IntelligentConfigManager: restartProcessWhenUnbind, restartProcessWhenUnbind is empty.\par
2022-08-30 08:45:42.999 2746-2746/? E/HwReflectUtil: In get object, No field in reflect mScroller\par
2022-08-30 08:45:42.999 2746-2746/? E/HwReflectUtil: In get object, No field in reflect mOverScroller\par
2022-08-30 08:45:43.811 1339-31581/? E/AdbDebuggingManager: Caught an exception opening the socket: java.io.IOException: No such file or directory\par
2022-08-30 08:45:43.824 719-719/? E/WifiHAL: enter wifi_get_link_stats\par
2022-08-30 08:45:43.832 2746-8194/? E/HiApp.SnsAgent: main\{1\} <<< ERROR >>> queryUserUnreadMsgCount failed, status:\{statusCode: 907135005, statusMessage: null, pendingIntent: null, intent: null,\}\par
2022-08-30 08:45:44.630 13218-15283/? E/: [ZeroHung]zrhung_get_config: Get config failed for wp[0x0008]\par
2022-08-30 08:45:44.846 3028-25901/? E/AppLifeChangeSensor: CAWARENESS: activityPaused mAppLifeChangeCallback is null \par
2022-08-30 08:45:44.866 2746-2746/? E/HwReflectUtil: ClassNotFoundException in reflect call getBoolean\par
2022-08-30 08:45:44.898 1339-1367/? E/ClipboardService: Denying clipboard access to com.huawei.appmarket, application is not in focus neither is a system service for user 0\par
2022-08-30 08:45:44.899 2005-2649/? E/DollieAdapterService: notifyActivityState pkg:com.huawei.appmarket/com.huawei.appmarket.service.settings.view.activity.SettingsActivity state:2 fg:true mUid:10026\par
2022-08-30 08:45:44.899 3028-25901/? E/AppLifeChangeSensor: CAWARENESS: activityResumed mAppLifeChangeCallback is null \par
2022-08-30 08:45:44.948 1339-1497/? E/WindowManager: icon is null!!\par
2022-08-30 08:45:44.949 2005-9700/? E/HsmCoreServiceImpl: onTransact in code is: 103\par
2022-08-30 08:45:44.950 1339-1497/? E/WindowManager: icon is null!!\par
2022-08-30 08:45:45.035 2746-8194/? E/HiApp.HttpUtil: pool-28-thread-1\{6786\} <<< ERROR >>> checkResponseNew: request Accept: [application/json], response Content-Type: \par
2022-08-30 08:45:45.319 1339-1367/? E/WindowManager: win=Window\{52434d0 u0 com.huawei.appmarket/com.huawei.appmarket.MarketActivity\} destroySurfaces: appStopped=true win.mWindowRemovalAllowed=false win.mRemoveOnExit=false\par
2022-08-30 08:45:45.814 1339-31581/? E/AdbDebuggingManager: Caught an exception opening the socket: java.io.IOException: No such file or directory\par
2022-08-30 08:45:46.337 2746-2746/? E/parseXml: setXmlSecurityFeature occur ParserConfigurationException: set {{\field{\*\fldinst{HYPERLINK http://apache.org/xml/features/disallow-doctype-decl }}{\fldrslt{http://apache.org/xml/features/disallow-doctype-decl\ul0\cf0}}}}\f0\fs22  to true failed.\par
2022-08-30 08:45:46.337 2746-2746/? E/parseXml: setXmlSecurityFeature occur ParserConfigurationException: set {{\field{\*\fldinst{HYPERLINK http://xml.org/sax/features/external-general-entities }}{\fldrslt{http://xml.org/sax/features/external-general-entities\ul0\cf0}}}}\f0\fs22  to false failed.\par
2022-08-30 08:45:46.337 2746-2746/? E/parseXml: setXmlSecurityFeature occur ParserConfigurationException: set {{\field{\*\fldinst{HYPERLINK http://xml.org/sax/features/external-parameter-entities }}{\fldrslt{http://xml.org/sax/features/external-parameter-entities\ul0\cf0}}}}\f0\fs22  to false failed.\par
2022-08-30 08:45:46.337 2746-2746/? E/parseXml: setXmlSecurityFeature occur ParserConfigurationException: set {{\field{\*\fldinst{HYPERLINK http://javax.xml.XMLConstants/feature/secure-processing }}{\fldrslt{http://javax.xml.XMLConstants/feature/secure-processing\ul0\cf0}}}}\f0\fs22  to true failed.\par
2022-08-30 08:45:46.396 2746-2746/? E/HwReflectUtil: In get object, No field in reflect mScroller\par
2022-08-30 08:45:46.397 2746-2746/? E/HwReflectUtil: In get object, No field in reflect mOverScroller\par
2022-08-30 08:45:46.840 719-719/? E/WifiHAL: enter wifi_get_link_stats\par
2022-08-30 08:45:47.714 28853-30787/? E/: [ZeroHung]zrhung_get_config: Get config failed for wp[0x0008]\par
2022-08-30 08:45:47.751 3028-25901/? E/AppLifeChangeSensor: CAWARENESS: activityPaused mAppLifeChangeCallback is null \par
2022-08-30 08:45:47.779 2005-2649/? E/DollieAdapterService: notifyActivityState pkg:com.huawei.appmarket/com.huawei.appgallery.account.base.impl.bridge.BridgeActivity state:2 fg:true mUid:10026\par
2022-08-30 08:45:47.780 3028-25901/? E/AppLifeChangeSensor: CAWARENESS: activityResumed mAppLifeChangeCallback is null \par
2022-08-30 08:45:47.787 3028-25901/? E/AppLifeChangeSensor: CAWARENESS: activityPaused mAppLifeChangeCallback is null \par
2022-08-30 08:45:47.816 1339-31581/? E/AdbDebuggingManager: Caught an exception opening the socket: java.io.IOException: No such file or directory\par
2022-08-30 08:45:47.887 2005-9700/? E/HsmCoreServiceImpl: onTransact in code is: 103\par
2022-08-30 08:45:48.205 1339-2166/? E/ProcessInfoCollector: getProcessInfo: failed to find this proc \par
2022-08-30 08:45:48.220 17245-17245/? E/ocessService0:: Not starting debugger since process cannot load the jdwp agent.\par
2022-08-30 08:45:48.482 3028-25901/? E/AppLifeChangeSensor: CAWARENESS: activityResumed mAppLifeChangeCallback is null \par
2022-08-30 08:45:48.483 2005-2649/? E/DollieAdapterService: notifyActivityState pkg:com.huawei.hwid/com.huawei.hwid20.unifyexport.UnifyExportActivity state:2 fg:true mUid:10067\par
2022-08-30 08:45:48.486 2005-2649/? E/BoosterUtil: convertSubIdToSlotId failed, subId:0, slotId:-1\par
2022-08-30 08:45:48.486 2005-2649/? E/BoosterUtil: getDefaultDataSlotId failed, invalid slotId:-1, subId:0\par
2022-08-30 08:45:48.488 2005-2649/? E/SmartDualCardConfig: isAppInBlackList false,items==null\par
2022-08-30 08:45:48.516 1339-1497/? E/WindowManager: icon is null!!\par
2022-08-30 08:45:48.517 1339-1497/? E/WindowManager: icon is null!!\par
2022-08-30 08:45:48.530 2005-9700/? E/HsmCoreServiceImpl: onTransact in code is: 102\par
2022-08-30 08:45:48.531 2223-4561/? E/AwareLog: Stub: processProcessDied has not been overridden!\par
2022-08-30 08:45:48.596 1339-2166/? E/ProcessInfoCollector: getProcessInfo: failed to find this proc \par
2022-08-30 08:45:48.599 16152-16152/? E/huawei.mycente: Not starting debugger since process cannot load the jdwp agent.\par
2022-08-30 08:45:48.697 16152-17372/? E/AwareLog: AtomicFileUtils: readFileLines file not exist: android.util.AtomicFile@1b946e9\par
2022-08-30 08:45:48.742 16152-17373/? E/huawei.mycente: Invalid ID 0x00000000.\par
2022-08-30 08:45:48.745 16152-17378/? E/HwID_SDK_log[2.7.0.300]ResourceLoader: !!!! ResourceLoader: reflect resource Exception\par
2022-08-30 08:45:48.746 16152-17378/? E/huawei.mycente: Invalid ID 0x00000000.\par
2022-08-30 08:45:48.746 16152-17378/? E/HwID_SDK_log[2.7.0.300]BaseUtil: Exception\par
2022-08-30 08:45:48.746 16152-17373/? E/HwID_SDK_log[2.7.0.300]ResourceLoader: !!!! ResourceLoader: reflect resource Exception\par
2022-08-30 08:45:48.746 16152-17373/? E/huawei.mycente: Invalid ID 0x00000000.\par
2022-08-30 08:45:48.747 16152-17373/? E/HwID_SDK_log[2.7.0.300]AppInfoUtil: initAppInfos error\par
2022-08-30 08:45:48.756 16152-16152/? E/SecurityResourcesReader: Exception when reading the 'K&I' for 'Config'.\par
2022-08-30 08:45:48.769 16152-17375/? E/HMSSDK_Util: In isAvailableLibExist, Failed to read meta data for the availableLoaded.\par
2022-08-30 08:45:48.781 16152-16152/? E/MCenter_MyHmsMessageService: onNewToken\par
2022-08-30 08:45:48.841 1339-2166/? E/ProcessInfoCollector: getProcessInfo: failed to find this proc \par
2022-08-30 08:45:48.847 16152-17350/? E/HwID_SDK_log[2.7.0.300]ResourceLoader: !!!! ResourceLoader: reflect resource Exception\par
2022-08-30 08:45:48.847 16152-17350/? E/huawei.mycente: Invalid ID 0x00000000.\par
2022-08-30 08:45:48.848 16152-17350/? E/HwID_SDK_log[2.7.0.300]BaseUtil: Exception\par
2022-08-30 08:45:48.881 16152-17414/? E/MCenter_ServiceCountryManager: getRealNameInfo() -> onError(), errorCode=12\par
2022-08-30 08:45:48.881 16152-17414/? E/MCenter_ServiceCountryManager: getRealNameInfo() -> onError(): hasVerfiyMobile = true\par
2022-08-30 08:45:49.300 1339-2166/? E/ProcessInfoCollector: getProcessInfo: failed to find this proc \par
2022-08-30 08:45:49.313 16364-16364/? E/ei.behavioraut: Not starting debugger since process cannot load the jdwp agent.\par
2022-08-30 08:45:49.506 1339-8565/? E/HwNetworkManagementService: onWebStatInfoReport\par
2022-08-30 08:45:49.822 1339-31581/? E/AdbDebuggingManager: Caught an exception opening the socket: java.io.IOException: No such file or directory\par
2022-08-30 08:45:49.826 3028-25901/? E/AppLifeChangeSensor: CAWARENESS: activityPaused mAppLifeChangeCallback is null \par
2022-08-30 08:45:49.856 719-719/? E/WifiHAL: enter wifi_get_link_stats\par
2022-08-30 08:45:49.928 2005-6711/? E/HsmCoreServiceImpl: onTransact in code is: 103\par
2022-08-30 08:45:49.930 3028-25901/? E/AppLifeChangeSensor: CAWARENESS: activityResumed mAppLifeChangeCallback is null \par
2022-08-30 08:45:49.930 2005-2649/? E/DollieAdapterService: notifyActivityState pkg:com.huawei.hwid/com.huawei.hms.runtimekit.stub.HMSKitStandardC2NEStubActivity1 state:2 fg:true mUid:10067\par
2022-08-30 08:45:50.029 1339-1497/? E/WindowManager: icon is null!!\par
2022-08-30 08:45:50.031 1339-1497/? E/WindowManager: icon is null!!\par
2022-08-30 08:45:50.032 1339-1497/? E/WindowManager: icon is null!!\par
2022-08-30 08:45:50.034 1339-1497/? E/WindowManager: icon is null!!\par
2022-08-30 08:45:50.376 2005-2649/? E/DollieAdapterService: notifyActivityState pkg:com.huawei.appmarket/com.huawei.appgallery.account.base.impl.bridge.BridgeActivity state:16 fg:false mUid:10026\par
2022-08-30 08:45:50.379 2005-2649/? E/SmartDualCardConfig: isAppInBlackList false,items==null\par
2022-08-30 08:45:50.397 1339-8565/? E/WindowManager: win=Window\{dcc80a1 u0 com.huawei.hwid/com.huawei.hwid20.unifyexport.UnifyExportActivity\} destroySurfaces: appStopped=true win.mWindowRemovalAllowed=false win.mRemoveOnExit=false\par
2022-08-30 08:45:50.412 2746-8147/? E/: [ZeroHung]zrhung_get_config: Get config failed for wp[0x0008]\par
2022-08-30 08:45:50.438 1339-8565/? E/WindowManager: win=Window\{2a2670b u0 com.huawei.appmarket/com.huawei.appmarket.service.settings.view.activity.SettingsActivity\} destroySurfaces: appStopped=true win.mWindowRemovalAllowed=false win.mRemoveOnExit=false\par
2022-08-30 08:45:50.439 1339-8565/? E/WindowManager: win=Window\{a07d65 u0 com.huawei.appmarket/com.huawei.appgallery.account.base.impl.bridge.BridgeActivity\} destroySurfaces: appStopped=true win.mWindowRemovalAllowed=false win.mRemoveOnExit=false\par
2022-08-30 08:45:50.594 16152-17343/? E/: [ZeroHung]zrhung_get_config: Get config failed for wp[0x0008]\par
2022-08-30 08:45:50.655 2746-8194/? E/HiApp.HttpUtil: pool-28-thread-1\{6786\} <<< ERROR >>> checkResponseNew: request Accept: [application/json], response Content-Type: \par
2022-08-30 08:45:50.715 2746-8194/? E/HiApp.HttpUtil: pool-28-thread-2\{6798\} <<< ERROR >>> checkResponseNew: request Accept: [application/json], response Content-Type: \par
2022-08-30 08:45:51.043 890-890/? E/Thermal-daemon:hw_thermal: [rfboard] temp_new :26  temp_old :25\par
2022-08-30 08:45:51.044 890-890/? E/Thermal-daemon:hw_thermal: Report temperature: [rfboard] temp :26  report_threshold:1\par
2022-08-30 08:45:51.045 890-890/? E/Thermal-daemon:hw_thermal: [ap] temp_new :30  temp_old :29\par
2022-08-30 08:45:51.046 890-890/? E/Thermal-daemon:hw_thermal: Report temperature: [ap] temp :30  report_threshold:1\par
2022-08-30 08:45:51.302 16364-17507/? E/: [ZeroHung]zrhung_get_config: Get config failed for wp[0x0008]\par
2022-08-30 08:45:51.823 1339-31581/? E/AdbDebuggingManager: Caught an exception opening the socket: java.io.IOException: No such file or directory\par
2022-08-30 08:45:52.393 1339-1497/? E/WindowManager: win=Window\{88c801b u0 com.huawei.hwid/com.huawei.hms.runtimekit.stub.HMSKitStandardC2NEStubActivity1 EXITING\} destroySurfaces: appStopped=false win.mWindowRemovalAllowed=true win.mRemoveOnExit=true\par
2022-08-30 08:45:52.864 719-719/? E/WifiHAL: enter wifi_get_link_stats\par
2022-08-30 08:45:53.205 3028-25901/? E/AppLifeChangeSensor: CAWARENESS: activityPaused mAppLifeChangeCallback is null \par
2022-08-30 08:45:53.264 2005-2649/? E/DollieAdapterService: notifyActivityState pkg:com.huawei.hwid/com.huawei.hms.runtimekit.stub.HMSKitStandardC2NEStubActivity1 state:2 fg:true mUid:10067\par
2022-08-30 08:45:53.265 3028-25901/? E/AppLifeChangeSensor: CAWARENESS: activityResumed mAppLifeChangeCallback is null \par
2022-08-30 08:45:53.302 1339-1497/? E/WindowManager: icon is null!!\par
2022-08-30 08:45:53.304 1339-1497/? E/WindowManager: icon is null!!\par
2022-08-30 08:45:53.317 2005-9700/? E/HsmCoreServiceImpl: onTransact in code is: 103\par
2022-08-30 08:45:53.359 1339-1497/? E/WindowManager: win=Window\{b353ce8 u0 com.huawei.hwid/com.huawei.hms.runtimekit.stub.HMSKitStandardC2NEStubActivity1 EXITING\} destroySurfaces: appStopped=false win.mWindowRemovalAllowed=true win.mRemoveOnExit=true\par
2022-08-30 08:45:53.659 1339-1937/? E/WindowManager: win=Window\{2b36aed u0 com.huawei.hwid/com.huawei.hms.runtimekit.stub.HMSKitStandardC2NEStubActivity1\} destroySurfaces: appStopped=true win.mWindowRemovalAllowed=false win.mRemoveOnExit=false\par
2022-08-30 08:45:53.824 1339-31581/? E/AdbDebuggingManager: Caught an exception opening the socket: java.io.IOException: No such file or directory\par
2022-08-30 08:45:54.671 3028-25901/? E/AppLifeChangeSensor: CAWARENESS: activityPaused mAppLifeChangeCallback is null \par
2022-08-30 08:45:54.711 16152-17343/? E/: [ZeroHung]zrhung_get_config: Get config failed for wp[0x0008]\par
2022-08-30 08:45:54.772 2005-9700/? E/HsmCoreServiceImpl: onTransact in code is: 103\par
2022-08-30 08:45:54.820 2005-2649/? E/DollieAdapterService: notifyActivityState pkg:com.huawei.hwid/com.huawei.hms.runtimekit.stub.HMSKitStandardC2NEStubActivity1 state:2 fg:true mUid:10067\par
2022-08-30 08:45:54.820 3028-25901/? E/AppLifeChangeSensor: CAWARENESS: activityResumed mAppLifeChangeCallback is null \par
2022-08-30 08:45:54.879 1339-1497/? E/WindowManager: icon is null!!\par
2022-08-30 08:45:54.881 1339-1497/? E/WindowManager: icon is null!!\par
2022-08-30 08:45:55.076 1339-2166/? E/ProcessInfoCollector: getProcessInfo: failed to find this proc \par
2022-08-30 08:45:55.244 1339-2435/? E/WindowManager: win=Window\{dc2b53a u0 com.huawei.hwid/com.huawei.hms.runtimekit.stub.HMSKitStandardC2NEStubActivity1\} destroySurfaces: appStopped=true win.mWindowRemovalAllowed=false win.mRemoveOnExit=false\par
2022-08-30 08:45:55.370 2746-8147/? E/: [ZeroHung]zrhung_get_config: Get config failed for wp[0x0008]\par
2022-08-30 08:45:55.656 921-1122/? E/ScreemCommon: unknow fps mode\par
2022-08-30 08:45:55.656 921-1122/? E/ScreemCommon: failed to recording jank bigdata of different frame rates\par
2022-08-30 08:45:55.825 1339-31581/? E/AdbDebuggingManager: Caught an exception opening the socket: java.io.IOException: No such file or directory\par
2022-08-30 08:45:55.877 719-719/? E/WifiHAL: enter wifi_get_link_stats\par
2022-08-30 08:45:56.046 890-890/? E/Thermal-daemon:hw_thermal: [accurate_usb] temp_new :26  temp_old :25\par
2022-08-30 08:45:56.048 890-890/? E/Thermal-daemon:hw_thermal: Report temperature: [accurate_usb] temp :26  report_threshold:1\par
2022-08-30 08:45:56.048 890-890/? E/Thermal-daemon:hw_thermal: [shell_frame] temp_new :26  temp_old :25\par
2022-08-30 08:45:56.049 890-890/? E/Thermal-daemon:hw_thermal: Report temperature: [shell_frame] temp :26  report_threshold:1\par
2022-08-30 08:45:56.049 890-890/? E/Thermal-daemon:hw_thermal: [charger_ic] temp_new :29  temp_old :28\par
2022-08-30 08:45:56.050 890-890/? E/Thermal-daemon:hw_thermal: Report temperature: [charger_ic] temp :29  report_threshold:1\par
2022-08-30 08:45:56.715 4748-4748/? E/ThemeUtils: View class ro5 is an AppCompat widget that can only be used with a Theme.AppCompat theme (or descendant).\par
2022-08-30 08:45:56.720 1339-2166/? E/ProcessInfoCollector: getProcessInfo: failed to find this proc \par
2022-08-30 08:45:56.730 16366-16366/? E/wei.securitymg: Not starting debugger since process cannot load the jdwp agent.\par
2022-08-30 08:45:56.806 16366-16366/? E/HwKeychain: HwAutofillService:fillRequest or fillCallback is null\par
2022-08-30 08:45:57.826 1339-31581/? E/AdbDebuggingManager: Caught an exception opening the socket: java.io.IOException: No such file or directory\par
2022-08-30 08:45:58.722 16366-17689/? E/: [ZeroHung]zrhung_get_config: Get config failed for wp[0x0008]\par
2022-08-30 08:45:58.896 719-719/? E/WifiHAL: enter wifi_get_link_stats\par
2022-08-30 08:45:59.828 1339-31581/? E/AdbDebuggingManager: Caught an exception opening the socket: java.io.IOException: No such file or directory\par
2022-08-30 08:46:00.017 1996-1996/? E/DateView: DateView,mCurrentTime: 1661874360017\par
2022-08-30 08:46:00.018 1996-1996/? E/LocalCalendar: invalid param calendarId. \par
2022-08-30 08:46:00.018 1996-1996/? E/LocalCalendar: invalid param calendarId. \par
2022-08-30 08:46:00.054 17362-17362/? E/Log: invalid param calendarId. \par
2022-08-30 08:46:00.832 2223-2605/? E/: [ZeroHung]zrhung_get_config: Get config failed for wp[0x0008]\par
2022-08-30 08:46:01.051 890-890/? E/Thermal-daemon:hw_thermal: [shell_frame] temp_new :25  temp_old :26\par
2022-08-30 08:46:01.053 890-890/? E/Thermal-daemon:hw_thermal: Report temperature: [shell_frame] temp :25  report_threshold:1\par
2022-08-30 08:46:01.054 890-890/? E/Thermal-daemon:hw_thermal: [pa_0] temp_new :29  temp_old :28\par
2022-08-30 08:46:01.054 890-890/? E/Thermal-daemon:hw_thermal: Report temperature: [pa_0] temp :29  report_threshold:1\par
2022-08-30 08:46:01.808 16366-17689/? E/: [ZeroHung]zrhung_get_config: Get config failed for wp[0x0008]\par
2022-08-30 08:46:01.829 1339-31581/? E/AdbDebuggingManager: Caught an exception opening the socket: java.io.IOException: No such file or directory\par
2022-08-30 08:46:01.904 719-719/? E/WifiHAL: enter wifi_get_link_stats\par
2022-08-30 08:46:03.830 1339-31581/? E/AdbDebuggingManager: Caught an exception opening the socket: java.io.IOException: No such file or directory\par
2022-08-30 08:46:19.841 1339-31581/? E/AdbDebuggingManager: Caught an exception opening the socket: java.io.IOException: No such file or directory\par
2022-08-30 08:46:19.965 719-719/? E/WifiHAL: enter wifi_get_link_stats\par
2022-08-30 08:46:21.323 31360-4156/? E/WakeLock: GCM_HB_ALARM release without a matched acquire!\par
2022-08-30 08:46:21.371 31360-32172/? E/: [ZeroHung]zrhung_get_config: Get config failed for wp[0x0008]\par
2022-08-30 08:46:21.515 32136-32136/? E/ZeroPartyBinder: Incorrect caller's signature\par
2022-08-30 08:46:21.842 1339-31581/? E/AdbDebuggingManager: Caught an exception opening the socket: java.io.IOException: No such file or directory\par
2022-08-30 08:46:22.972 719-719/? E/WifiHAL: enter wifi_get_link_stats\par
2022-08-30 08:46:23.843 1339-31581/? E/AdbDebuggingManager: Caught an exception opening the socket: java.io.IOException: No such file or directory\par
2022-08-30 08:46:25.845 1339-31581/? E/AdbDebuggingManager: Caught an exception opening the socket: java.io.IOException: No such file or directory\par
2022-08-30 08:46:25.980 719-719/? E/WifiHAL: enter wifi_get_link_stats\par
2022-08-30 08:46:26.064 890-890/? E/Thermal-daemon:hw_thermal: [shell_back] temp_new :27  temp_old :26\par
2022-08-30 08:46:26.065 890-890/? E/Thermal-daemon:hw_thermal: Report temperature: [shell_back] temp :27  report_threshold:1\par
2022-08-30 08:46:26.065 890-890/? E/Thermal-daemon:hw_thermal: [shell_frame] temp_new :26  temp_old :25\par
2022-08-30 08:46:26.065 890-890/? E/Thermal-daemon:hw_thermal: Report temperature: [shell_frame] temp :26  report_threshold:1\par
2022-08-30 08:46:27.846 1339-31581/? E/AdbDebuggingManager: Caught an exception opening the socket: java.io.IOException: No such file or directory\par
2022-08-30 08:46:28.988 719-719/? E/WifiHAL: enter wifi_get_link_stats\par
2022-08-30 08:46:29.847 1339-31581/? E/AdbDebuggingManager: Caught an exception opening the socket: java.io.IOException: No such file or directory\par
2022-08-30 08:46:31.848 1339-31581/? E/AdbDebuggingManager: Caught an exception opening the socket: java.io.IOException: No such file or directory\par
2022-08-30 08:46:31.996 719-719/? E/WifiHAL: enter wifi_get_link_stats\par
2022-08-30 08:46:33.849 1339-31581/? E/AdbDebuggingManager: Caught an exception opening the socket: java.io.IOException: No such file or directory\par
2022-08-30 08:46:35.005 719-719/? E/WifiHAL: enter wifi_get_link_stats\par
2022-08-30 08:46:51.075 890-890/? E/Thermal-daemon:hw_thermal: [shell_frame] temp_new :25  temp_old :26\par
2022-08-30 08:46:51.076 890-890/? E/Thermal-daemon:hw_thermal: Report temperature: [shell_frame] temp :25  report_threshold:1\par
2022-08-30 08:46:51.078 890-890/? E/Thermal-daemon:hw_thermal: [ap] temp_new :29  temp_old :30\par
2022-08-30 08:46:51.079 890-890/? E/Thermal-daemon:hw_thermal: Report temperature: [ap] temp :29  report_threshold:1\par
2022-08-30 08:46:51.861 1339-31581/? E/AdbDebuggingManager: Caught an exception opening the socket: java.io.IOException: No such file or directory\par
2022-08-30 08:47:06.083 890-890/? E/Thermal-daemon:hw_thermal: [shell_back] temp_new :26  temp_old :27\par
2022-08-30 08:47:06.084 890-890/? E/Thermal-daemon:hw_thermal: Report temperature: [shell_back] temp :26  report_threshold:1\par
2022-08-30 08:47:06.658 2223-4429/? E/: [ZeroHung]zrhung_get_config: Get config failed for wp[0x0008]\par
2022-08-30 08:47:11.086 890-890/? E/Thermal-daemon:hw_thermal: [shell_back] temp_new :27  temp_old :26\par
2022-08-30 08:47:11.087 890-890/? E/Thermal-daemon:hw_thermal: Report temperature: [shell_back] temp :27  report_threshold:1\par
2022-08-30 08:47:11.088 890-890/? E/Thermal-daemon:hw_thermal: [charger_ic] temp_new :28  temp_old :29\par
2022-08-30 08:47:11.088 890-890/? E/Thermal-daemon:hw_thermal: Report temperature: [charger_ic] temp :28  report_threshold:1\par
2022-08-30 08:47:11.089 890-890/? E/Thermal-daemon:hw_thermal: [pa_0] temp_new :28  temp_old :29\par
2022-08-30 08:47:11.089 890-890/? E/Thermal-daemon:hw_thermal: Report temperature: [pa_0] temp :28  report_threshold:1\par
2022-08-30 08:47:39.576 470-470/? E/SELinux: avc:  denied  \{ find \} for interface=android.hardware.memtrack::IMemtrack sid=u:r:untrusted_app_27:s0:c53,c257,c512,c768 pid=15293 scontext=u:r:untrusted_app_27:s0:c53,c257,c512,c768 tcontext=u:object_r:hal_memtrack_hwservice:s0 tclass=hwservice_manager permissive=0\par
2022-08-30 08:47:39.577 15293-17833/? E/memtrack: Couldn't load memtrack module\par
2022-08-30 08:47:39.579 470-470/? E/SELinux: avc:  denied  \{ find \} for interface=android.hardware.memtrack::IMemtrack sid=u:r:untrusted_app_27:s0:c53,c257,c512,c768 pid=16145 scontext=u:r:untrusted_app_27:s0:c53,c257,c512,c768 tcontext=u:object_r:hal_memtrack_hwservice:s0 tclass=hwservice_manager permissive=0\par
2022-08-30 08:47:39.579 16145-17834/? E/memtrack: Couldn't load memtrack module\par
2022-08-30 08:47:39.894 1339-31581/? E/AdbDebuggingManager: Caught an exception opening the socket: java.io.IOException: No such file or directory\par
2022-08-30 08:47:41.104 890-890/? E/Thermal-daemon:hw_thermal: [ambient_temp_v2] temp_new :21  temp_old :23\par
2022-08-30 08:47:41.105 890-890/? E/Thermal-daemon:hw_thermal: Report temperature: [ambient_temp_v2] temp :21  report_threshold:1\par
2022-08-30 08:47:41.896 1339-31581/? E/AdbDebuggingManager: Caught an exception opening the socket: java.io.IOException: No such file or directory\par
2022-08-30 08:47:43.898 1339-31581/? E/AdbDebuggingManager: Caught an exception opening the socket: java.io.IOException: No such file or directory\par
2022-08-30 08:47:45.900 1339-31581/? E/AdbDebuggingManager: Caught an exception opening the socket: java.io.IOException: No such file or directory\par
2022-08-30 08:47:46.108 890-890/? E/Thermal-daemon:hw_thermal: [accurate_usb] temp_new :25  temp_old :26\par
2022-08-30 08:47:46.109 890-890/? E/Thermal-daemon:hw_thermal: Report temperature: [accurate_usb] temp :25  report_threshold:1\par
2022-08-30 08:47:46.111 890-890/? E/Thermal-daemon:hw_thermal: [ap] temp_new :28  temp_old :29\par
2022-08-30 08:47:46.112 890-890/? E/Thermal-daemon:hw_thermal: Report temperature: [ap] temp :28  report_threshold:1\par
2022-08-30 08:47:47.902 1339-31581/? E/AdbDebuggingManager: Caught an exception opening the socket: java.io.IOException: No such file or directory\par
2022-08-30 08:47:49.904 1339-31581/? E/AdbDebuggingManager: Caught an exception opening the socket: java.io.IOException: No such file or directory\par
2022-08-30 08:47:51.113 890-890/? E/Thermal-daemon:hw_thermal: [accurate_usb] temp_new :26  temp_old :25\par
2022-08-30 08:47:51.114 890-890/? E/Thermal-daemon:hw_thermal: Report temperature: [accurate_usb] temp :26  report_threshold:1\par
2022-08-30 08:47:51.907 1339-31581/? E/AdbDebuggingManager: Caught an exception opening the socket: java.io.IOException: No such file or directory\par
2022-08-30 08:47:53.909 1339-31581/? E/AdbDebuggingManager: Caught an exception opening the socket: java.io.IOException: No such file or directory\par
2022-08-30 08:47:55.911 1339-31581/? E/AdbDebuggingManager: Caught an exception opening the socket: java.io.IOException: No such file or directory\par
2022-08-30 08:47:57.913 1339-31581/? E/AdbDebuggingManager: Caught an exception opening the socket: java.io.IOException: No such file or directory\par
2022-08-30 08:47:59.915 1339-31581/? E/AdbDebuggingManager: Caught an exception opening the socket: java.io.IOException: No such file or directory\par
2022-08-30 08:48:01.917 1339-31581/? E/AdbDebuggingManager: Caught an exception opening the socket: java.io.IOException: No such file or directory\par
2022-08-30 08:48:03.919 1339-31581/? E/AdbDebuggingManager: Caught an exception opening the socket: java.io.IOException: No such file or directory\par
2022-08-30 08:48:05.921 1339-31581/? E/AdbDebuggingManager: Caught an exception opening the socket: java.io.IOException: No such file or directory\par
2022-08-30 08:48:07.923 1339-31581/? E/AdbDebuggingManager: Caught an exception opening the socket: java.io.IOException: No such file or directory\par
2022-08-30 08:48:09.925 1339-31581/? E/AdbDebuggingManager: Caught an exception opening the socket: java.io.IOException: No such file or directory\par
2022-08-30 08:48:11.126 890-890/? E/Thermal-daemon:hw_thermal: [accurate_usb] temp_new :25  temp_old :26\par
2022-08-30 08:48:11.128 890-890/? E/Thermal-daemon:hw_thermal: Report temperature: [accurate_usb] temp :25  report_threshold:1\par
2022-08-30 08:48:11.927 1339-31581/? E/AdbDebuggingManager: Caught an exception opening the socket: java.io.IOException: No such file or directory\par
2022-08-30 08:48:13.929 1339-31581/? E/AdbDebuggingManager: Caught an exception opening the socket: java.io.IOException: No such file or directory\par
2022-08-30 08:48:15.849 32136-17858/? E/memtrack: Couldn't load memtrack module\par
2022-08-30 08:48:15.931 1339-31581/? E/AdbDebuggingManager: Caught an exception opening the socket: java.io.IOException: No such file or directory\par
2022-08-30 08:48:16.131 890-890/? E/Thermal-daemon:hw_thermal: [accurate_usb] temp_new :26  temp_old :25\par
2022-08-30 08:48:16.132 890-890/? E/Thermal-daemon:hw_thermal: Report temperature: [accurate_usb] temp :26  report_threshold:1\par
2022-08-30 08:48:17.933 1339-31581/? E/AdbDebuggingManager: Caught an exception opening the socket: java.io.IOException: No such file or directory\par
2022-08-30 08:48:19.936 1339-31581/? E/AdbDebuggingManager: Caught an exception opening the socket: java.io.IOException: No such file or directory\par
2022-08-30 08:48:20.916 698-1199/? E/DE\~H\~=ACET: countAceError:558: getACE() return 1\par
2022-08-30 08:48:21.136 890-890/? E/Thermal-daemon:hw_thermal: [accurate_usb] temp_new :25  temp_old :26\par
2022-08-30 08:48:21.137 890-890/? E/Thermal-daemon:hw_thermal: Report temperature: [accurate_usb] temp :25  report_threshold:1\par
2022-08-30 08:48:21.938 1339-31581/? E/AdbDebuggingManager: Caught an exception opening the socket: java.io.IOException: No such file or directory\par
2022-08-30 08:48:23.940 1339-31581/? E/AdbDebuggingManager: Caught an exception opening the socket: java.io.IOException: No such file or directory\par
2022-08-30 08:48:25.942 1339-31581/? E/AdbDebuggingManager: Caught an exception opening the socket: java.io.IOException: No such file or directory\par
2022-08-30 08:48:27.944 1339-31581/? E/AdbDebuggingManager: Caught an exception opening the socket: java.io.IOException: No such file or directory\par
2022-08-30 08:48:29.945 1339-31581/? E/AdbDebuggingManager: Caught an exception opening the socket: java.io.IOException: No such file or directory\par
2022-08-30 08:48:31.948 1339-31581/? E/AdbDebuggingManager: Caught an exception opening the socket: java.io.IOException: No such file or directory\par
2022-08-30 08:48:33.950 1339-31581/? E/AdbDebuggingManager: Caught an exception opening the socket: java.io.IOException: No such file or directory\par
2022-08-30 08:48:35.952 1339-31581/? E/AdbDebuggingManager: Caught an exception opening the socket: java.io.IOException: No such file or directory\par
2022-08-30 08:48:36.628 890-3652/? E/Thermal-daemon:ambient: calc_ambient_temp: median filter output 21126\par
2022-08-30 08:48:36.629 890-3652/? E/Thermal-daemon:ambient: ambient_sample: write temp 21126 to ambient node\par
2022-08-30 08:48:37.954 1339-31581/? E/AdbDebuggingManager: Caught an exception opening the socket: java.io.IOException: No such file or directory\par
2022-08-30 08:48:39.956 1339-31581/? E/AdbDebuggingManager: Caught an exception opening the socket: java.io.IOException: No such file or directory\par
2022-08-30 08:48:41.958 1339-31581/? E/AdbDebuggingManager: Caught an exception opening the socket: java.io.IOException: No such file or directory\par
2022-08-30 08:48:43.960 1339-31581/? E/AdbDebuggingManager: Caught an exception opening the socket: java.io.IOException: No such file or directory\par
2022-08-30 08:48:45.962 1339-31581/? E/AdbDebuggingManager: Caught an exception opening the socket: java.io.IOException: No such file or directory\par
2022-08-30 08:48:46.490 2223-2329/? E/: [ZeroHung]zrhung_get_config: Get config failed for wp[0x0008]\par
2022-08-30 08:48:47.964 1339-31581/? E/AdbDebuggingManager: Caught an exception opening the socket: java.io.IOException: No such file or directory\par
2022-08-30 08:48:49.295 1512-1584/? E/HPGNSS: RecordEphReq: record eph request\par
2022-08-30 08:48:49.966 1339-31581/? E/AdbDebuggingManager: Caught an exception opening the socket: java.io.IOException: No such file or directory\par
2022-08-30 08:48:51.968 1339-31581/? E/AdbDebuggingManager: Caught an exception opening the socket: java.io.IOException: No such file or directory\par
2022-08-30 08:48:53.970 1339-31581/? E/AdbDebuggingManager: Caught an exception opening the socket: java.io.IOException: No such file or directory\par
2022-08-30 08:48:55.972 1339-31581/? E/AdbDebuggingManager: Caught an exception opening the socket: java.io.IOException: No such file or directory\par
2022-08-30 08:48:57.974 1339-31581/? E/AdbDebuggingManager: Caught an exception opening the socket: java.io.IOException: No such file or directory\par
2022-08-30 08:48:59.976 1339-31581/? E/AdbDebuggingManager: Caught an exception opening the socket: java.io.IOException: No such file or directory\par
2022-08-30 08:49:01.978 1339-31581/? E/AdbDebuggingManager: Caught an exception opening the socket: java.io.IOException: No such file or directory\par
2022-08-30 08:49:03.980 1339-31581/? E/AdbDebuggingManager: Caught an exception opening the socket: java.io.IOException: No such file or directory\par
2022-08-30 08:49:05.982 1339-31581/? E/AdbDebuggingManager: Caught an exception opening the socket: java.io.IOException: No such file or directory\par
2022-08-30 08:49:07.984 1339-31581/? E/AdbDebuggingManager: Caught an exception opening the socket: java.io.IOException: No such file or directory\par
2022-08-30 08:49:09.986 1339-31581/? E/AdbDebuggingManager: Caught an exception opening the socket: java.io.IOException: No such file or directory\par
2022-08-30 08:49:11.988 1339-31581/? E/AdbDebuggingManager: Caught an exception opening the socket: java.io.IOException: No such file or directory\par
2022-08-30 08:49:13.990 1339-31581/? E/AdbDebuggingManager: Caught an exception opening the socket: java.io.IOException: No such file or directory\par
2022-08-30 08:49:15.992 1339-31581/? E/AdbDebuggingManager: Caught an exception opening the socket: java.io.IOException: No such file or directory\par
2022-08-30 08:49:17.994 1339-31581/? E/AdbDebuggingManager: Caught an exception opening the socket: java.io.IOException: No such file or directory\par
2022-08-30 08:49:19.996 1339-31581/? E/AdbDebuggingManager: Caught an exception opening the socket: java.io.IOException: No such file or directory\par
2022-08-30 08:49:20.830 1339-1668/? E/HwAodManager: setPowerState with HwAodManager not exist!\par
2022-08-30 08:49:20.902 1996-1996/? E/DateView: DateView,mCurrentTime: 1661874560902\par
2022-08-30 08:49:20.903 1996-1996/? E/DateView: DateView,mCurrentTime: 1661874560903\par
2022-08-30 08:49:20.920 900-929/? E/AwareLog: iawared: ChangePropertyContent open /sys/kernel/highload/enable fail errno(2)!\par
2022-08-30 08:49:20.939 719-719/? E/WifiHAL: enter wifi_get_link_stats\par
2022-08-30 08:49:20.942 1996-1996/? E/LocalCalendar: invalid param calendarId. \par
2022-08-30 08:49:20.942 1996-1996/? E/LocalCalendar: invalid param calendarId. \par
2022-08-30 08:49:20.952 17362-17362/? E/Log: invalid param calendarId. \par
2022-08-30 08:49:20.999 718-718/? E/TS_Service: hwSetFeatureConfig\par
2022-08-30 08:49:20.999 718-718/? E/TS_HAL: ts_file_operate: open {{\field{\*\fldinst{HYPERLINK file:/sys/touchscreen/power_switch_ctrl }}{\fldrslt{file:/sys/touchscreen/power_switch_ctrl\ul0\cf0}}}}\f0\fs22  fail\par
2022-08-30 08:49:20.999 718-718/? E/TS_HAL: power_switch_ctrl:cmd write fail,ret=-2\par
2022-08-30 08:49:21.008 25941-26298/? E/: [ZeroHung]zrhung_get_config: Get config failed for wp[0x0008]\par
2022-08-30 08:49:21.077 2005-2649/? E/BoosterUtil: convertSubIdToSlotId failed, subId:0, slotId:-1\par
2022-08-30 08:49:21.077 2005-2649/? E/BoosterUtil: getDefaultDataSlotId failed, invalid slotId:-1, subId:0\par
2022-08-30 08:49:21.086 2224-3631/? E/Mapcon\~\~:\~VoiceManager-5-PrepareState: [serviceStateNotReady]subId is invalid!!!!!!!!!!\par
2022-08-30 08:49:21.086 2224-3631/? E/Mapcon\~\~:\~VoiceManager-5-PrepareState: [serviceStateNotReady]subId is invalid!!!!!!!!!!\par
2022-08-30 08:49:21.089 2224-3631/? E/Mapcon\~\~:\~MapconUtils: [isRoaming]config is null!!!!!!!!!!\par
2022-08-30 08:49:21.098 2005-2649/? E/BoosterUtil: convertSubIdToSlotId failed, subId:0, slotId:-1\par
2022-08-30 08:49:21.098 2005-2649/? E/BoosterUtil: getDefaultDataSlotId failed, invalid slotId:-1, subId:0\par
2022-08-30 08:49:21.098 2005-2649/? E/BoosterUtil: convertSubIdToSlotId failed, subId:0, slotId:-1\par
2022-08-30 08:49:21.099 2005-2649/? E/BoosterUtil: getDefaultDataSlotId failed, invalid slotId:-1, subId:0\par
2022-08-30 08:49:21.099 2005-2649/? E/BoosterGameP: inValidCQI:-1\par
2022-08-30 08:49:21.099 2005-2649/? E/BoosterUtil: convertSubIdToSlotId failed, subId:0, slotId:-1\par
2022-08-30 08:49:21.099 2005-2649/? E/BoosterUtil: getDefaultDataSlotId failed, invalid slotId:-1, subId:0\par
2022-08-30 08:49:21.100 2005-2649/? E/BoosterUtil: convertSubIdToSlotId failed, subId:0, slotId:-1\par
2022-08-30 08:49:21.100 2005-2649/? E/BoosterUtil: getDefaultDataSlotId failed, invalid slotId:-1, subId:0\par
2022-08-30 08:49:21.100 2005-2649/? E/BoosterPlugin: getPSNetworkType failed, invalid slotId=-1\par
2022-08-30 08:49:21.101 2005-2649/? E/BoosterUtil: convertSubIdToSlotId failed, subId:0, slotId:-1\par
2022-08-30 08:49:21.101 2005-2649/? E/BoosterUtil: getDefaultDataSlotId failed, invalid slotId:-1, subId:0\par
2022-08-30 08:49:21.101 2005-2649/? E/BoosterPlugin: getPSNetworkType failed, invalid slotId=-1\par
2022-08-30 08:49:21.102 2005-2649/? E/BoosterUtil: convertSubIdToSlotId failed, subId:0, slotId:-1\par
2022-08-30 08:49:21.102 2005-2649/? E/BoosterUtil: getDefaultDataSlotId failed, invalid slotId:-1, subId:0\par
2022-08-30 08:49:21.102 2005-2649/? E/BoosterPlugin: getPSNetworkType failed, invalid slotId=-1\par
2022-08-30 08:49:21.106 2005-2649/? E/BoosterUtil: convertSubIdToSlotId failed, subId:0, slotId:-1\par
2022-08-30 08:49:21.106 2005-2649/? E/BoosterUtil: getDefaultDataSlotId failed, invalid slotId:-1, subId:0\par
2022-08-30 08:49:21.107 2005-2649/? E/BoosterUtil: convertSubIdToSlotId failed, subId:0, slotId:-1\par
2022-08-30 08:49:21.107 2005-2649/? E/BoosterUtil: getDefaultDataSlotId failed, invalid slotId:-1, subId:0\par
2022-08-30 08:49:21.108 2005-2649/? E/BoosterUtil: convertSubIdToSlotId failed, subId:0, slotId:-1\par
2022-08-30 08:49:21.108 2005-2649/? E/BoosterUtil: getDefaultDataSlotId failed, invalid slotId:-1, subId:0\par
2022-08-30 08:49:21.108 2005-2649/? E/BoosterPlugin: getPSNetworkType failed, invalid slotId=-1\par
2022-08-30 08:49:21.109 2005-2649/? E/BoosterUtil: convertSubIdToSlotId failed, subId:0, slotId:-1\par
2022-08-30 08:49:21.109 2005-2649/? E/BoosterUtil: getDefaultDataSlotId failed, invalid slotId:-1, subId:0\par
2022-08-30 08:49:21.110 2005-2005/? E/BoosterUtil: convertSubIdToSlotId failed, subId:0, slotId:-1\par
2022-08-30 08:49:21.110 2005-2005/? E/BoosterUtil: getDefaultDataSlotId failed, invalid slotId:-1, subId:0\par
2022-08-30 08:49:21.110 2005-2649/? E/BoosterUtil: convertSubIdToSlotId failed, subId:0, slotId:-1\par
2022-08-30 08:49:21.110 2005-2649/? E/BoosterUtil: getDefaultDataSlotId failed, invalid slotId:-1, subId:0\par
2022-08-30 08:49:21.111 2005-2649/? E/BoosterUtil: convertSubIdToSlotId failed, subId:0, slotId:-1\par
2022-08-30 08:49:21.111 2005-2649/? E/BoosterUtil: getDefaultDataSlotId failed, invalid slotId:-1, subId:0\par
2022-08-30 08:49:21.113 2005-2649/? E/BoosterUtil: convertSubIdToSlotId failed, subId:0, slotId:-1\par
2022-08-30 08:49:21.113 2005-2649/? E/BoosterUtil: getDefaultDataSlotId failed, invalid slotId:-1, subId:0\par
2022-08-30 08:49:21.113 2005-2005/? E/DeepNoDisturbSM: isNetworkTypeSuitDeepNoDisturbMode, invalid subId:-1\par
2022-08-30 08:49:21.113 2005-2649/? E/BoosterUtil: convertSubIdToSlotId failed, subId:0, slotId:-1\par
2022-08-30 08:49:21.113 2005-2649/? E/BoosterUtil: getDefaultDataSlotId failed, invalid slotId:-1, subId:0\par
2022-08-30 08:49:21.132 869-1878/? E/dubaid: [DpmHandler.cpp] UpdateIpData# Cannot find ip name: NPU_LM_BUSY0\par
2022-08-30 08:49:21.132 869-1878/? E/dubaid: [DpmHandler.cpp] UpdateIpData# Cannot find ip name: NPU_LM_BUSY1\par
2022-08-30 08:49:21.132 869-1878/? E/dubaid: [DpmHandler.cpp] UpdateIpData# Cannot find ip name: NPU_LM_BUSY2\par
2022-08-30 08:49:21.132 869-1878/? E/dubaid: [DpmHandler.cpp] UpdateIpData# Cannot find ip name: NPU_LM_BUSY3\par
2022-08-30 08:49:21.133 869-1878/? E/dubaid: [DpmHandler.cpp] UpdateIpData# Cannot find ip name: NPU_LM_BUSY4\par
2022-08-30 08:49:21.133 869-1878/? E/dubaid: [DpmHandler.cpp] UpdateIpData# Cannot find ip name: DMSS_BUSY\par
2022-08-30 08:49:21.133 869-1878/? E/dubaid: [DpmHandler.cpp] UpdateIpData# Cannot find ip name: MODEM_BUSY1\par
2022-08-30 08:49:21.133 869-1878/? E/dubaid: [DpmHandler.cpp] UpdateIpData# Cannot find ip name: [MODEM_GLBUS]\par
2022-08-30 08:49:21.133 869-1878/? E/dubaid: [DpmHandler.cpp] UpdateIpData# Cannot find ip name: PERI_AUTODIV_STAT11\par
2022-08-30 08:49:21.133 869-1878/? E/dubaid: [DpmHandler.cpp] UpdateIpData# Cannot find ip name: IVP_AUTODIV\par
2022-08-30 08:49:21.133 869-1878/? E/dubaid: [DpmHandler.cpp] UpdateIpData# Cannot find ip name: AI_CPU_IDLE\par
2022-08-30 08:49:21.133 869-1878/? E/dubaid: [DpmHandler.cpp] UpdateIpData# Cannot find ip name: AI_CPU_AUTODIV\par
2022-08-30 08:49:21.133 869-1878/? E/dubaid: [DpmHandler.cpp] UpdateIpData# Cannot find ip name: CC712_STAT\par
2022-08-30 08:49:21.133 869-1878/? E/dubaid: [DpmHandler.cpp] UpdateIpData# Cannot find ip name: PERI_AUTODIV_STAT19\par
2022-08-30 08:49:21.133 869-1878/? E/dubaid: [DpmHandler.cpp] UpdateIpData# Cannot find ip name: TSCPU_AUTODIV\par
2022-08-30 08:49:21.133 869-1878/? E/dubaid: [DpmHandler.cpp] UpdateIpData# Cannot find ip name: PERI_AUTODIV_STAT21\par
2022-08-30 08:49:21.133 869-1878/? E/dubaid: [DpmHandler.cpp] UpdateIpData# Cannot find ip name: PERI_AUTODIV_STAT22\par
2022-08-30 08:49:21.133 869-1878/? E/dubaid: [DpmHandler.cpp] UpdateIpData# Cannot find ip name: PERI_AUTODIV_STAT23\par
2022-08-30 08:49:21.133 869-1878/? E/dubaid: [DpmHandler.cpp] UpdateIpData# Cannot find ip name: PERI_AUTODIV_STAT24\par
2022-08-30 08:49:21.133 869-1878/? E/dubaid: [DpmHandler.cpp] UpdateIpData# Cannot find ip name: PERI_AUTODIV_STAT25\par
2022-08-30 08:49:21.133 869-1878/? E/dubaid: [DpmHandler.cpp] UpdateIpData# Cannot find ip name: LPMCU_AUTODIV\par
2022-08-30 08:49:21.133 869-1878/? E/dubaid: [DpmHandler.cpp] UpdateIpData# Cannot find ip name: NPUBUS_CFG_AUTODIV\par
2022-08-30 08:49:21.133 869-1878/? E/dubaid: [DpmHandler.cpp] UpdateIpData# Cannot find ip name: NPUBUS_AUTODIV\par
2022-08-30 08:49:21.133 869-1878/? E/dubaid: [DpmHandler.cpp] UpdateIpData# Cannot find ip name: ISP_LM_BUSY0\par
2022-08-30 08:49:21.133 869-1878/? E/dubaid: [DpmHandler.cpp] UpdateIpData# Cannot find ip name: ISP_LM_BUSY1\par
2022-08-30 08:49:21.133 869-1878/? E/dubaid: [DpmHandler.cpp] UpdateIpData# Cannot find ip name: ISP_LM_BUSY2\par
2022-08-30 08:49:21.133 869-1878/? E/dubaid: [DpmHandler.cpp] UpdateIpData# Cannot find ip name: ISP_LM_BUSY3\par
2022-08-30 08:49:21.133 869-1878/? E/dubaid: [DpmHandler.cpp] UpdateIpData# Cannot find ip name: IVP_AXI_BUS_BUSY\par
2022-08-30 08:49:21.133 869-1878/? E/dubaid: [DpmHandler.cpp] UpdateIpData# Cannot find ip name: IVP_DSP_BUSY\par
2022-08-30 08:49:21.133 869-1878/? E/dubaid: [DpmHandler.cpp] UpdateIpData# Cannot find ip name: VENC_LM_BUSY0\par
2022-08-30 08:49:21.133 869-1878/? E/dubaid: [DpmHandler.cpp] UpdateIpData# Cannot find ip name: VENC_LM_BUSY1\par
2022-08-30 08:49:21.133 869-1878/? E/dubaid: [DpmHandler.cpp] UpdateIpData# Cannot find ip name: VENC_LM_BUSY2\par
2022-08-30 08:49:21.133 869-1878/? E/dubaid: [DpmHandler.cpp] UpdateIpData# Cannot find ip name: VENC_LM_BUSY3\par
2022-08-30 08:49:21.133 869-1878/? E/dubaid: [DpmHandler.cpp] UpdateIpData# Cannot find ip name: VENC_LM_BUSY4\par
2022-08-30 08:49:21.133 869-1878/? E/dubaid: [DpmHandler.cpp] UpdateIpData# Cannot find ip name: VENC_LM_BUSY5\par
2022-08-30 08:49:21.133 869-1878/? E/dubaid: [DpmHandler.cpp] UpdateIpData# Cannot find ip name: VENC_LM_BUSY6\par
2022-08-30 08:49:21.134 869-1878/? E/dubaid: [DpmHandler.cpp] UpdateIpData# Cannot find ip name: VENC_LM_BUSY7\par
2022-08-30 08:49:21.134 869-1878/? E/dubaid: [DpmHandler.cpp] UpdateIpData# Cannot find ip name: VENC_LM_BUSY8\par
2022-08-30 08:49:21.134 869-1878/? E/dubaid: [DpmHandler.cpp] UpdateIpData# Cannot find ip name: VDEC_LM_BUSY0\par
2022-08-30 08:49:21.134 869-1878/? E/dubaid: [DpmHandler.cpp] UpdateIpData# Cannot find ip name: VDEC_LM_BUSY1\par
