2022-08-30 08:32:57.028 1339-31581/? E/AdbDebuggingManager: Caught an exception opening the socket: java.io.IOException: No such file or directory\par
2022-08-30 08:32:59.030 1339-31581/? E/AdbDebuggingManager: Caught an exception opening the socket: java.io.IOException: No such file or directory\par
2022-08-30 08:33:03.035 1339-31581/? E/AdbDebuggingManager: Caught an exception opening the socket: java.io.IOException: No such file or directory\par
2022-08-30 08:33:05.037 1339-31581/? E/AdbDebuggingManager: Caught an exception opening the socket: java.io.IOException: No such file or directory\par
2022-08-30 08:33:09.041 1339-31581/? E/AdbDebuggingManager: Caught an exception opening the socket: java.io.IOException: No such file or directory\par
2022-08-30 08:33:11.044 1339-31581/? E/AdbDebuggingManager: Caught an exception opening the socket: java.io.IOException: No such file or directory\par
2022-08-30 08:33:13.046 1339-31581/? E/AdbDebuggingManager: Caught an exception opening the socket: java.io.IOException: No such file or directory\par
2022-08-30 08:33:15.048 1339-31581/? E/AdbDebuggingManager: Caught an exception opening the socket: java.io.IOException: No such file or directory\par
2022-08-30 08:33:15.530 32136-15048/? E/memtrack: Couldn't load memtrack module\par
2022-08-30 08:33:17.050 1339-31581/? E/AdbDebuggingManager: Caught an exception opening the socket: java.io.IOException: No such file or directory\par
2022-08-30 08:33:19.052 1339-31581/? E/AdbDebuggingManager: Caught an exception opening the socket: java.io.IOException: No such file or directory\par
2022-08-30 08:33:21.056 1339-31581/? E/AdbDebuggingManager: Caught an exception opening the socket: java.io.IOException: No such file or directory\par
2022-08-30 08:33:23.058 1339-31581/? E/AdbDebuggingManager: Caught an exception opening the socket: java.io.IOException: No such file or directory\par
2022-08-30 08:33:25.060 1339-31581/? E/AdbDebuggingManager: Caught an exception opening the socket: java.io.IOException: No such file or directory\par
2022-08-30 08:33:27.062 1339-31581/? E/AdbDebuggingManager: Caught an exception opening the socket: java.io.IOException: No such file or directory\par
2022-08-30 08:33:29.064 1339-31581/? E/AdbDebuggingManager: Caught an exception opening the socket: java.io.IOException: No such file or directory\par
2022-08-30 08:33:30.556 1996-1996/? E/DateView: DateView,mCurrentTime: 1661873610556\par
2022-08-30 08:33:30.585 1996-1996/? E/LocalCalendar: invalid param calendarId. \par
2022-08-30 08:33:30.586 1996-1996/? E/LocalCalendar: invalid param calendarId. \par
2022-08-30 08:33:30.645 6454-6454/? E/HwOUC: [main-1]updateActiveNotification download cursor for running status is null(DownloadNotification.java:381)\par
2022-08-30 08:33:30.653 6454-6454/? E/HwOUC: [main-1]getVersionIds--components is null(ThirdAppCheckedUtils.java:1345)\par
2022-08-30 08:33:31.067 1339-31581/? E/AdbDebuggingManager: Caught an exception opening the socket: java.io.IOException: No such file or directory\par
2022-08-30 08:33:33.068 1339-31581/? E/AdbDebuggingManager: Caught an exception opening the socket: java.io.IOException: No such file or directory\par
2022-08-30 08:33:35.069 1339-31581/? E/AdbDebuggingManager: Caught an exception opening the socket: java.io.IOException: No such file or directory\par
2022-08-30 08:33:35.803 890-3652/? E/Thermal-daemon:ambient: calc_ambient_temp: median filter output 20701\par
2022-08-30 08:33:35.803 890-3652/? E/Thermal-daemon:ambient: ambient_sample: write temp 20701 to ambient node\par
2022-08-30 08:33:37.071 1339-31581/? E/AdbDebuggingManager: Caught an exception opening the socket: java.io.IOException: No such file or directory\par
2022-08-30 08:33:39.073 1339-31581/? E/AdbDebuggingManager: Caught an exception opening the socket: java.io.IOException: No such file or directory\par
2022-08-30 08:33:41.076 1339-31581/? E/AdbDebuggingManager: Caught an exception opening the socket: java.io.IOException: No such file or directory\par
2022-08-30 08:33:43.078 1339-31581/? E/AdbDebuggingManager: Caught an exception opening the socket: java.io.IOException: No such file or directory\par
2022-08-30 08:33:45.080 1339-31581/? E/AdbDebuggingManager: Caught an exception opening the socket: java.io.IOException: No such file or directory\par
2022-08-30 08:33:47.081 1339-31581/? E/AdbDebuggingManager: Caught an exception opening the socket: java.io.IOException: No such file or directory\par
2022-08-30 08:33:49.083 1339-31581/? E/AdbDebuggingManager: Caught an exception opening the socket: java.io.IOException: No such file or directory\par
2022-08-30 08:33:51.087 1339-31581/? E/AdbDebuggingManager: Caught an exception opening the socket: java.io.IOException: No such file or directory\par
2022-08-30 08:33:53.088 1339-31581/? E/AdbDebuggingManager: Caught an exception opening the socket: java.io.IOException: No such file or directory\par
2022-08-30 08:33:55.090 1339-31581/? E/AdbDebuggingManager: Caught an exception opening the socket: java.io.IOException: No such file or directory\par
2022-08-30 08:33:57.093 1339-31581/? E/AdbDebuggingManager: Caught an exception opening the socket: java.io.IOException: No such file or directory\par
2022-08-30 08:33:59.095 1339-31581/? E/AdbDebuggingManager: Caught an exception opening the socket: java.io.IOException: No such file or directory\par
2022-08-30 08:34:01.098 1339-31581/? E/AdbDebuggingManager: Caught an exception opening the socket: java.io.IOException: No such file or directory\par
2022-08-30 08:34:03.100 1339-31581/? E/AdbDebuggingManager: Caught an exception opening the socket: java.io.IOException: No such file or directory\par
2022-08-30 08:34:05.101 1339-31581/? E/AdbDebuggingManager: Caught an exception opening the socket: java.io.IOException: No such file or directory\par
2022-08-30 08:34:07.103 1339-31581/? E/AdbDebuggingManager: Caught an exception opening the socket: java.io.IOException: No such file or directory\par
2022-08-30 08:34:09.105 1339-31581/? E/AdbDebuggingManager: Caught an exception opening the socket: java.io.IOException: No such file or directory\par
2022-08-30 08:34:11.107 1339-31581/? E/AdbDebuggingManager: Caught an exception opening the socket: java.io.IOException: No such file or directory\par
2022-08-30 08:34:13.109 1339-31581/? E/AdbDebuggingManager: Caught an exception opening the socket: java.io.IOException: No such file or directory\par
2022-08-30 08:34:15.111 1339-31581/? E/AdbDebuggingManager: Caught an exception opening the socket: java.io.IOException: No such file or directory\par
2022-08-30 08:34:17.113 1339-31581/? E/AdbDebuggingManager: Caught an exception opening the socket: java.io.IOException: No such file or directory\par
2022-08-30 08:34:19.115 1339-31581/? E/AdbDebuggingManager: Caught an exception opening the socket: java.io.IOException: No such file or directory\par
2022-08-30 08:34:21.117 1339-31581/? E/AdbDebuggingManager: Caught an exception opening the socket: java.io.IOException: No such file or directory\par
2022-08-30 08:34:23.119 1339-31581/? E/AdbDebuggingManager: Caught an exception opening the socket: java.io.IOException: No such file or directory\par
2022-08-30 08:34:25.121 1339-31581/? E/AdbDebuggingManager: Caught an exception opening the socket: java.io.IOException: No such file or directory\par
2022-08-30 08:34:27.124 1339-31581/? E/AdbDebuggingManager: Caught an exception opening the socket: java.io.IOException: No such file or directory\par
2022-08-30 08:34:29.125 1339-31581/? E/AdbDebuggingManager: Caught an exception opening the socket: java.io.IOException: No such file or directory\par
2022-08-30 08:34:30.956 1996-1996/? E/DateView: DateView,mCurrentTime: 1661873670956\par
2022-08-30 08:34:30.960 1996-1996/? E/LocalCalendar: invalid param calendarId. \par
2022-08-30 08:34:30.961 1996-1996/? E/LocalCalendar: invalid param calendarId. \par
2022-08-30 08:34:31.065 11118-12693/? E/ActivityThread: Failed to find provider info for com.gspace.android.addon.arm32.authority32_prefix.virtual.service.32bitplugin_helper\par
2022-08-30 08:34:31.128 1339-31581/? E/AdbDebuggingManager: Caught an exception opening the socket: java.io.IOException: No such file or directory\par
2022-08-30 08:34:33.130 1339-31581/? E/AdbDebuggingManager: Caught an exception opening the socket: java.io.IOException: No such file or directory\par
2022-08-30 08:34:35.132 1339-31581/? E/AdbDebuggingManager: Caught an exception opening the socket: java.io.IOException: No such file or directory\par
2022-08-30 08:34:35.864 890-3652/? E/Thermal-daemon:ambient: calc_ambient_temp: median filter output 20710\par
2022-08-30 08:34:35.864 890-3652/? E/Thermal-daemon:ambient: ambient_sample: write temp 20710 to ambient node\par
2022-08-30 08:34:37.133 1339-31581/? E/AdbDebuggingManager: Caught an exception opening the socket: java.io.IOException: No such file or directory\par
2022-08-30 08:34:39.136 1339-31581/? E/AdbDebuggingManager: Caught an exception opening the socket: java.io.IOException: No such file or directory\par
2022-08-30 08:34:41.138 1339-31581/? E/AdbDebuggingManager: Caught an exception opening the socket: java.io.IOException: No such file or directory\par
2022-08-30 08:34:43.139 1339-31581/? E/AdbDebuggingManager: Caught an exception opening the socket: java.io.IOException: No such file or directory\par
2022-08-30 08:34:45.141 1339-31581/? E/AdbDebuggingManager: Caught an exception opening the socket: java.io.IOException: No such file or directory\par
2022-08-30 08:34:47.143 1339-31581/? E/AdbDebuggingManager: Caught an exception opening the socket: java.io.IOException: No such file or directory\par
2022-08-30 08:34:49.145 1339-31581/? E/AdbDebuggingManager: Caught an exception opening the socket: java.io.IOException: No such file or directory\par
2022-08-30 08:34:51.148 1339-31581/? E/AdbDebuggingManager: Caught an exception opening the socket: java.io.IOException: No such file or directory\par
2022-08-30 08:34:53.150 1339-31581/? E/AdbDebuggingManager: Caught an exception opening the socket: java.io.IOException: No such file or directory\par
2022-08-30 08:34:55.152 1339-31581/? E/AdbDebuggingManager: Caught an exception opening the socket: java.io.IOException: No such file or directory\par
2022-08-30 08:34:57.154 1339-31581/? E/AdbDebuggingManager: Caught an exception opening the socket: java.io.IOException: No such file or directory\par
2022-08-30 08:34:59.156 1339-31581/? E/AdbDebuggingManager: Caught an exception opening the socket: java.io.IOException: No such file or directory\par
2022-08-30 08:35:01.160 1339-31581/? E/AdbDebuggingManager: Caught an exception opening the socket: java.io.IOException: No such file or directory\par
2022-08-30 08:35:03.162 1339-31581/? E/AdbDebuggingManager: Caught an exception opening the socket: java.io.IOException: No such file or directory\par
2022-08-30 08:35:05.164 1339-31581/? E/AdbDebuggingManager: Caught an exception opening the socket: java.io.IOException: No such file or directory\par
2022-08-30 08:35:05.918 31360-15124/? E/memtrack: Couldn't load memtrack module\par
2022-08-30 08:35:07.166 1339-31581/? E/AdbDebuggingManager: Caught an exception opening the socket: java.io.IOException: No such file or directory\par
2022-08-30 08:35:09.168 1339-31581/? E/AdbDebuggingManager: Caught an exception opening the socket: java.io.IOException: No such file or directory\par
2022-08-30 08:35:11.170 1339-31581/? E/AdbDebuggingManager: Caught an exception opening the socket: java.io.IOException: No such file or directory\par
2022-08-30 08:35:13.172 1339-31581/? E/AdbDebuggingManager: Caught an exception opening the socket: java.io.IOException: No such file or directory\par
2022-08-30 08:35:15.174 1339-31581/? E/AdbDebuggingManager: Caught an exception opening the socket: java.io.IOException: No such file or directory\par
2022-08-30 08:35:17.176 1339-31581/? E/AdbDebuggingManager: Caught an exception opening the socket: java.io.IOException: No such file or directory\par
2022-08-30 08:35:19.177 1339-31581/? E/AdbDebuggingManager: Caught an exception opening the socket: java.io.IOException: No such file or directory\par
2022-08-30 08:35:21.180 1339-31581/? E/AdbDebuggingManager: Caught an exception opening the socket: java.io.IOException: No such file or directory\par
2022-08-30 08:35:23.182 1339-31581/? E/AdbDebuggingManager: Caught an exception opening the socket: java.io.IOException: No such file or directory\par
2022-08-30 08:35:25.184 1339-31581/? E/AdbDebuggingManager: Caught an exception opening the socket: java.io.IOException: No such file or directory\par
2022-08-30 08:35:25.589 1339-2166/? E/ProcessInfoCollector: getProcessInfo: failed to find this proc \par
2022-08-30 08:35:25.612 13214-13214/? E/pace.android:p: Not starting debugger since process cannot load the jdwp agent.\par
2022-08-30 08:35:25.648 13214-15154/? E/BehaviorCollectManager: Fail to acquire dataAnalyzerService...\par
2022-08-30 08:35:25.807 469-469/? E/SELinux: avc:  denied  \{ find \} for service=persistent_data_block pid=13214 uid=10307 scontext=u:r:untrusted_app:s0:c51,c257,c512,c768 tcontext=u:object_r:persistent_data_block_service:s0 tclass=service_manager permissive=0\par
2022-08-30 08:35:25.857 469-469/? E/SELinux: avc:  denied  \{ find \} for service=wifiscanner pid=13214 uid=10307 scontext=u:r:untrusted_app:s0:c51,c257,c512,c768 tcontext=u:object_r:wifiscanner_service:s0 tclass=service_manager permissive=0\par
2022-08-30 08:35:25.857 469-469/? E/SELinux: avc:  denied  \{ find \} for service=lock_settings pid=13214 uid=10307 scontext=u:r:untrusted_app:s0:c51,c257,c512,c768 tcontext=u:object_r:lock_settings_service:s0 tclass=service_manager permissive=0\par
2022-08-30 08:35:25.858 469-469/? E/SELinux: avc:  denied  \{ find \} for service=system_update pid=13214 uid=10307 scontext=u:r:untrusted_app:s0:c51,c257,c512,c768 tcontext=u:object_r:system_update_service:s0 tclass=service_manager permissive=0\par
2022-08-30 08:35:25.859 469-469/? E/SELinux: avc:  denied  \{ find \} for service=network_score pid=13214 uid=10307 scontext=u:r:untrusted_app:s0:c51,c257,c512,c768 tcontext=u:object_r:network_score_service:s0 tclass=service_manager permissive=0\par
2022-08-30 08:35:26.075 15164-15164/? E/pace.android:p: Failed to execve(/system/bin/dex2oat --instruction-set=arm64 --instruction-set-features=runtime --runtime-arg -Xrelocate --boot-image=/system/framework/boot.art --runtime-arg -Xms64m --runtime-arg -Xmx512m -j4 --instruction-set-variant=generic --instruction-set-features=default --generate-mini-debug-info --generate-mini-debug-info --dex-file=/data/data/com.gspace.android/virtual/data/app/com.trailblazer.spindrift/base.apk --output-vdex-fd=73 --oat-fd=74 --oat-location=/data/data/com.gspace.android/virtual/data/app/com.trailblazer.spindrift/oat/arm64/base.odex --compiler-filter=quicken --class-loader-context=& --compilation-reason=dynamic-load): Permission denied\par
2022-08-30 08:35:26.306 15170-15170/? E/pace.android:p: Failed to execve(/system/bin/dex2oat --instruction-set=arm64 --instruction-set-features=runtime --runtime-arg -Xrelocate --boot-image=/system/framework/boot.art --runtime-arg -Xms64m --runtime-arg -Xmx512m -j4 --instruction-set-variant=generic --instruction-set-features=default --generate-mini-debug-info --generate-mini-debug-info --dex-file=/data/data/com.gspace.android/virtual/data/user_de/0/com.google.android.gms/app_chimera/m/0000000a/DynamiteLoader.apk --output-vdex-fd=74 --oat-fd=75 --oat-location=/data/data/com.gspace.android/virtual/data/user_de/0/com.google.android.gms/app_chimera/m/0000000a/oat/arm64/DynamiteLoader.odex --compiler-filter=quicken --class-loader-context=& --compilation-reason=dynamic-load): Permission denied\par
2022-08-30 08:35:26.345 470-470/? E/SELinux: avc:  denied  \{ find \} for interface=vendor.huawei.hardware.sensors::ISensors sid=u:r:untrusted_app:s0:c51,c257,c512,c768 pid=13214 scontext=u:r:untrusted_app:s0:c51,c257,c512,c768 tcontext=u:object_r:default_hisi_hwservice:s0 tclass=hwservice_manager permissive=0\par
2022-08-30 08:35:26.392 15174-15174/? E/pace.android:p: Failed to execve(/system/bin/dex2oat --instruction-set=arm64 --instruction-set-features=runtime --runtime-arg -Xrelocate --boot-image=/system/framework/boot.art --runtime-arg -Xms64m --runtime-arg -Xmx512m -j4 --instruction-set-variant=generic --instruction-set-features=default --generate-mini-debug-info --generate-mini-debug-info --dex-file=/data/data/com.gspace.android/virtual/data/app/com.google.android.gms/base.apk --output-vdex-fd=79 --oat-fd=80 --oat-location=/data/data/com.gspace.android/virtual/data/app/com.google.android.gms/oat/arm64/base.odex --compiler-filter=quicken --class-loader-context=& --compilation-reason=dynamic-load): Permission denied\par
2022-08-30 08:35:26.413 13214-15167/? E/FBAudienceNetwork: You are using custom Application class and don't call AudienceNetworkAds.isInAdsProcess(). Multi-process support will be disabled. Please call AudienceNetworkAds.isInAdsProcess() if you want to support multi-process mode.\par
2022-08-30 08:35:27.185 1339-31581/? E/AdbDebuggingManager: Caught an exception opening the socket: java.io.IOException: No such file or directory\par
2022-08-30 08:35:27.605 13214-15147/? E/: [ZeroHung]zrhung_get_config: Get config failed for wp[0x0008]\par
2022-08-30 08:35:29.172 1339-2166/? E/ProcessInfoCollector: getProcessInfo: failed to find this proc \par
2022-08-30 08:35:29.183 15189-15189/? E/ocessService0:: Not starting debugger since process cannot load the jdwp agent.\par
2022-08-30 08:35:29.187 15208-15208/? E/pace.android:p: Failed to execve(/system/bin/dex2oat --instruction-set=arm64 --instruction-set-features=runtime --runtime-arg -Xrelocate --boot-image=/system/framework/boot.art --runtime-arg -Xms64m --runtime-arg -Xmx512m -j4 --instruction-set-variant=generic --instruction-set-features=default --generate-mini-debug-info --generate-mini-debug-info --dex-file=/data/data/com.gspace.android/virtual/data/user_de/0/com.google.android.gms/app_chimera/m/00000008/AdsDynamite.apk --output-vdex-fd=105 --oat-fd=107 --oat-location=/data/data/com.gspace.android/virtual/data/user_de/0/com.google.android.gms/app_chimera/m/00000008/oat/arm64/AdsDynamite.odex --compiler-filter=quicken --class-loader-context=& --compilation-reason=dynamic-load): Permission denied\par
2022-08-30 08:35:29.188 1339-31581/? E/AdbDebuggingManager: Caught an exception opening the socket: java.io.IOException: No such file or directory\par
2022-08-30 08:35:29.219 15189-15213/? E/BehaviorCollectManager: Fail to acquire dataAnalyzerService...\par
2022-08-30 08:35:30.205 1996-1996/? E/LocalCalendar: invalid param calendarId. \par
2022-08-30 08:35:30.206 1996-1996/? E/LocalCalendar: invalid param calendarId. \par
2022-08-30 08:35:30.227 1996-1996/? E/DateView: DateView,mCurrentTime: 1661873730227\par
2022-08-30 08:35:30.645 13214-15147/? E/: [ZeroHung]zrhung_get_config: Get config failed for wp[0x0008]\par
2022-08-30 08:35:31.177 15189-15204/? E/: [ZeroHung]zrhung_get_config: Get config failed for wp[0x0008]\par
2022-08-30 08:35:31.190 1339-31581/? E/AdbDebuggingManager: Caught an exception opening the socket: java.io.IOException: No such file or directory\par
2022-08-30 08:35:33.192 1339-31581/? E/AdbDebuggingManager: Caught an exception opening the socket: java.io.IOException: No such file or directory\par
2022-08-30 08:35:34.212 15189-15204/? E/: [ZeroHung]zrhung_get_config: Get config failed for wp[0x0008]\par
2022-08-30 08:35:35.194 1339-31581/? E/AdbDebuggingManager: Caught an exception opening the socket: java.io.IOException: No such file or directory\par
2022-08-30 08:35:35.921 890-3652/? E/Thermal-daemon:ambient: calc_ambient_temp: median filter output 20904\par
2022-08-30 08:35:35.922 890-3652/? E/Thermal-daemon:ambient: ambient_sample: write temp 20904 to ambient node\par
2022-08-30 08:35:37.196 1339-31581/? E/AdbDebuggingManager: Caught an exception opening the socket: java.io.IOException: No such file or directory\par
2022-08-30 08:35:39.198 1339-31581/? E/AdbDebuggingManager: Caught an exception opening the socket: java.io.IOException: No such file or directory\par
2022-08-30 08:35:41.200 1339-31581/? E/AdbDebuggingManager: Caught an exception opening the socket: java.io.IOException: No such file or directory\par
2022-08-30 08:35:43.202 1339-31581/? E/AdbDebuggingManager: Caught an exception opening the socket: java.io.IOException: No such file or directory\par
2022-08-30 08:35:45.204 1339-31581/? E/AdbDebuggingManager: Caught an exception opening the socket: java.io.IOException: No such file or directory\par
2022-08-30 08:35:47.206 1339-31581/? E/AdbDebuggingManager: Caught an exception opening the socket: java.io.IOException: No such file or directory\par
2022-08-30 08:35:49.056 869-1878/? E/dubaid: [DpmHandler.cpp] UpdateIpData# Cannot find ip name: NPU_LM_BUSY0\par
2022-08-30 08:35:49.056 869-1878/? E/dubaid: [DpmHandler.cpp] UpdateIpData# Cannot find ip name: NPU_LM_BUSY1\par
2022-08-30 08:35:49.056 869-1878/? E/dubaid: [DpmHandler.cpp] UpdateIpData# Cannot find ip name: NPU_LM_BUSY2\par
2022-08-30 08:35:49.057 869-1878/? E/dubaid: [DpmHandler.cpp] UpdateIpData# Cannot find ip name: NPU_LM_BUSY3\par
2022-08-30 08:35:49.057 869-1878/? E/dubaid: [DpmHandler.cpp] UpdateIpData# Cannot find ip name: NPU_LM_BUSY4\par
2022-08-30 08:35:49.057 869-1878/? E/dubaid: [DpmHandler.cpp] UpdateIpData# Cannot find ip name: DMSS_BUSY\par
2022-08-30 08:35:49.057 869-1878/? E/dubaid: [DpmHandler.cpp] UpdateIpData# Cannot find ip name: MODEM_BUSY1\par
2022-08-30 08:35:49.057 869-1878/? E/dubaid: [DpmHandler.cpp] UpdateIpData# Cannot find ip name: [MODEM_GLBUS]\par
2022-08-30 08:35:49.057 869-1878/? E/dubaid: [DpmHandler.cpp] UpdateIpData# Cannot find ip name: PERI_AUTODIV_STAT11\par
2022-08-30 08:35:49.057 869-1878/? E/dubaid: [DpmHandler.cpp] UpdateIpData# Cannot find ip name: IVP_AUTODIV\par
2022-08-30 08:35:49.057 869-1878/? E/dubaid: [DpmHandler.cpp] UpdateIpData# Cannot find ip name: AI_CPU_IDLE\par
2022-08-30 08:35:49.057 869-1878/? E/dubaid: [DpmHandler.cpp] UpdateIpData# Cannot find ip name: AI_CPU_AUTODIV\par
2022-08-30 08:35:49.057 869-1878/? E/dubaid: [DpmHandler.cpp] UpdateIpData# Cannot find ip name: CC712_STAT\par
2022-08-30 08:35:49.057 869-1878/? E/dubaid: [DpmHandler.cpp] UpdateIpData# Cannot find ip name: PERI_AUTODIV_STAT19\par
2022-08-30 08:35:49.057 869-1878/? E/dubaid: [DpmHandler.cpp] UpdateIpData# Cannot find ip name: TSCPU_AUTODIV\par
2022-08-30 08:35:49.057 869-1878/? E/dubaid: [DpmHandler.cpp] UpdateIpData# Cannot find ip name: PERI_AUTODIV_STAT21\par
2022-08-30 08:35:49.057 869-1878/? E/dubaid: [DpmHandler.cpp] UpdateIpData# Cannot find ip name: PERI_AUTODIV_STAT22\par
2022-08-30 08:35:49.057 869-1878/? E/dubaid: [DpmHandler.cpp] UpdateIpData# Cannot find ip name: PERI_AUTODIV_STAT23\par
2022-08-30 08:35:49.058 869-1878/? E/dubaid: [DpmHandler.cpp] UpdateIpData# Cannot find ip name: PERI_AUTODIV_STAT24\par
2022-08-30 08:35:49.058 869-1878/? E/dubaid: [DpmHandler.cpp] UpdateIpData# Cannot find ip name: PERI_AUTODIV_STAT25\par
2022-08-30 08:35:49.058 869-1878/? E/dubaid: [DpmHandler.cpp] UpdateIpData# Cannot find ip name: LPMCU_AUTODIV\par
2022-08-30 08:35:49.058 869-1878/? E/dubaid: [DpmHandler.cpp] UpdateIpData# Cannot find ip name: NPUBUS_CFG_AUTODIV\par
2022-08-30 08:35:49.058 869-1878/? E/dubaid: [DpmHandler.cpp] UpdateIpData# Cannot find ip name: NPUBUS_AUTODIV\par
2022-08-30 08:35:49.058 869-1878/? E/dubaid: [DpmHandler.cpp] UpdateIpData# Cannot find ip name: ISP_LM_BUSY0\par
2022-08-30 08:35:49.058 869-1878/? E/dubaid: [DpmHandler.cpp] UpdateIpData# Cannot find ip name: ISP_LM_BUSY1\par
2022-08-30 08:35:49.058 869-1878/? E/dubaid: [DpmHandler.cpp] UpdateIpData# Cannot find ip name: ISP_LM_BUSY2\par
2022-08-30 08:35:49.058 869-1878/? E/dubaid: [DpmHandler.cpp] UpdateIpData# Cannot find ip name: ISP_LM_BUSY3\par
2022-08-30 08:35:49.058 869-1878/? E/dubaid: [DpmHandler.cpp] UpdateIpData# Cannot find ip name: IVP_AXI_BUS_BUSY\par
2022-08-30 08:35:49.058 869-1878/? E/dubaid: [DpmHandler.cpp] UpdateIpData# Cannot find ip name: IVP_DSP_BUSY\par
2022-08-30 08:35:49.058 869-1878/? E/dubaid: [DpmHandler.cpp] UpdateIpData# Cannot find ip name: VENC_LM_BUSY0\par
2022-08-30 08:35:49.058 869-1878/? E/dubaid: [DpmHandler.cpp] UpdateIpData# Cannot find ip name: VENC_LM_BUSY1\par
2022-08-30 08:35:49.058 869-1878/? E/dubaid: [DpmHandler.cpp] UpdateIpData# Cannot find ip name: VENC_LM_BUSY2\par
2022-08-30 08:35:49.058 869-1878/? E/dubaid: [DpmHandler.cpp] UpdateIpData# Cannot find ip name: VENC_LM_BUSY3\par
2022-08-30 08:35:49.059 869-1878/? E/dubaid: [DpmHandler.cpp] UpdateIpData# Cannot find ip name: VENC_LM_BUSY4\par
2022-08-30 08:35:49.059 869-1878/? E/dubaid: [DpmHandler.cpp] UpdateIpData# Cannot find ip name: VENC_LM_BUSY5\par
2022-08-30 08:35:49.059 869-1878/? E/dubaid: [DpmHandler.cpp] UpdateIpData# Cannot find ip name: VENC_LM_BUSY6\par
2022-08-30 08:35:49.059 869-1878/? E/dubaid: [DpmHandler.cpp] UpdateIpData# Cannot find ip name: VENC_LM_BUSY7\par
2022-08-30 08:35:49.059 869-1878/? E/dubaid: [DpmHandler.cpp] UpdateIpData# Cannot find ip name: VENC_LM_BUSY8\par
2022-08-30 08:35:49.059 869-1878/? E/dubaid: [DpmHandler.cpp] UpdateIpData# Cannot find ip name: VDEC_LM_BUSY0\par
2022-08-30 08:35:49.059 869-1878/? E/dubaid: [DpmHandler.cpp] UpdateIpData# Cannot find ip name: VDEC_LM_BUSY1\par
2022-08-30 08:35:49.059 869-1878/? E/dubaid: [DpmHandler.cpp] UpdateIpData# Cannot find ip name: VDEC_LM_BUSY2\par
2022-08-30 08:35:49.059 869-1878/? E/dubaid: [DpmHandler.cpp] UpdateIpData# Cannot find ip name: VDEC_LM_BUSY3\par
2022-08-30 08:35:49.059 869-1878/? E/dubaid: [DpmHandler.cpp] UpdateIpData# Cannot find ip name: VDEC_LM_BUSY4\par
2022-08-30 08:35:49.061 869-1878/? E/dubaid: [DpmHandler.cpp] UpdateIpData# Cannot find ip name: VDEC_LM_BUSY5\par
2022-08-30 08:35:49.061 869-1878/? E/dubaid: [DpmHandler.cpp] UpdateIpData# Cannot find ip name: VDEC_LM_BUSY6\par
2022-08-30 08:35:49.061 869-1878/? E/dubaid: [DpmHandler.cpp] UpdateIpData# Cannot find ip name: VDEC_LM_BUSY7\par
2022-08-30 08:35:49.061 869-1878/? E/dubaid: [DpmHandler.cpp] UpdateIpData# Cannot find ip name: IOMCU_ACCESS_STAT\par
2022-08-30 08:35:49.061 869-1878/? E/dubaid: [DpmHandler.cpp] UpdateIpData# Cannot find ip name: MMC1BUS\par
2022-08-30 08:35:49.062 869-1878/? E/dubaid: [DpmHandler.cpp] UpdateIpData# Cannot find ip name: MMC1BUS_AUTODIV\par
2022-08-30 08:35:49.062 869-1878/? E/dubaid: [DpmHandler.cpp] UpdateIpData# Cannot find ip name: AO_AUTODIV_STAT6\par
2022-08-30 08:35:49.062 869-1878/? E/dubaid: [DpmHandler.cpp] UpdateIpData# Cannot find ip name: AO_AUTODIV_STAT7\par
2022-08-30 08:35:49.131 869-1882/? E/dubaid: [LtePhyData.cpp] CheckData# param is error volte(0) connect(0)\par
2022-08-30 08:35:49.171 869-1887/? E/dubaid: [AnomalyHeavyLoad.cpp] CheckCpuBgHeavyLoadAnomaly# Invalid cpu time, last: 950282905, now: 951212895, check last: 1661873149053, check now: 1661873749053\par
2022-08-30 08:35:49.210 1339-31581/? E/AdbDebuggingManager: Caught an exception opening the socket: java.io.IOException: No such file or directory\par
2022-08-30 08:35:51.212 1339-31581/? E/AdbDebuggingManager: Caught an exception opening the socket: java.io.IOException: No such file or directory\par
2022-08-30 08:35:53.213 1339-31581/? E/AdbDebuggingManager: Caught an exception opening the socket: java.io.IOException: No such file or directory\par
2022-08-30 08:35:55.216 1339-31581/? E/AdbDebuggingManager: Caught an exception opening the socket: java.io.IOException: No such file or directory\par
2022-08-30 08:35:57.217 1339-31581/? E/AdbDebuggingManager: Caught an exception opening the socket: java.io.IOException: No such file or directory\par
2022-08-30 08:35:59.219 1339-31581/? E/AdbDebuggingManager: Caught an exception opening the socket: java.io.IOException: No such file or directory\par
2022-08-30 08:36:01.221 1339-31581/? E/AdbDebuggingManager: Caught an exception opening the socket: java.io.IOException: No such file or directory\par
2022-08-30 08:36:03.223 1339-31581/? E/AdbDebuggingManager: Caught an exception opening the socket: java.io.IOException: No such file or directory\par
2022-08-30 08:36:05.225 1339-31581/? E/AdbDebuggingManager: Caught an exception opening the socket: java.io.IOException: No such file or directory\par
2022-08-30 08:36:07.227 1339-31581/? E/AdbDebuggingManager: Caught an exception opening the socket: java.io.IOException: No such file or directory\par
2022-08-30 08:36:09.229 1339-31581/? E/AdbDebuggingManager: Caught an exception opening the socket: java.io.IOException: No such file or directory\par
2022-08-30 08:36:09.730 22154-24108/? E/: [ZeroHung]zrhung_get_config: Get config failed for wp[0x0008]\par
2022-08-30 08:36:11.231 1339-31581/? E/AdbDebuggingManager: Caught an exception opening the socket: java.io.IOException: No such file or directory\par
2022-08-30 08:36:13.233 1339-31581/? E/AdbDebuggingManager: Caught an exception opening the socket: java.io.IOException: No such file or directory\par
2022-08-30 08:36:15.235 1339-31581/? E/AdbDebuggingManager: Caught an exception opening the socket: java.io.IOException: No such file or directory\par
2022-08-30 08:36:17.237 1339-31581/? E/AdbDebuggingManager: Caught an exception opening the socket: java.io.IOException: No such file or directory\par
2022-08-30 08:36:19.239 1339-31581/? E/AdbDebuggingManager: Caught an exception opening the socket: java.io.IOException: No such file or directory\par
2022-08-30 08:36:21.241 1339-31581/? E/AdbDebuggingManager: Caught an exception opening the socket: java.io.IOException: No such file or directory\par
2022-08-30 08:36:23.243 1339-31581/? E/AdbDebuggingManager: Caught an exception opening the socket: java.io.IOException: No such file or directory\par
2022-08-30 08:36:25.245 1339-31581/? E/AdbDebuggingManager: Caught an exception opening the socket: java.io.IOException: No such file or directory\par
2022-08-30 08:36:26.096 32135-15268/? E/memtrack: Couldn't load memtrack module\par
2022-08-30 08:36:26.107 32133-15269/? E/memtrack: Couldn't load memtrack module\par
2022-08-30 08:36:27.247 1339-31581/? E/AdbDebuggingManager: Caught an exception opening the socket: java.io.IOException: No such file or directory\par
2022-08-30 08:36:29.249 1339-31581/? E/AdbDebuggingManager: Caught an exception opening the socket: java.io.IOException: No such file or directory\par
2022-08-30 08:36:31.251 1339-31581/? E/AdbDebuggingManager: Caught an exception opening the socket: java.io.IOException: No such file or directory\par
2022-08-30 08:36:33.253 1339-31581/? E/AdbDebuggingManager: Caught an exception opening the socket: java.io.IOException: No such file or directory\par
2022-08-30 08:36:35.255 1339-31581/? E/AdbDebuggingManager: Caught an exception opening the socket: java.io.IOException: No such file or directory\par
2022-08-30 08:36:35.979 890-3652/? E/Thermal-daemon:ambient: calc_ambient_temp: median filter output 20936\par
2022-08-30 08:36:35.980 890-3652/? E/Thermal-daemon:ambient: ambient_sample: write temp 20936 to ambient node\par
2022-08-30 08:36:37.257 1339-31581/? E/AdbDebuggingManager: Caught an exception opening the socket: java.io.IOException: No such file or directory\par
2022-08-30 08:36:38.240 2004-2554/? E/HwCHRWifiHorizontalCounter: parserValue NumberFormatException\par
2022-08-30 08:36:38.276 1339-2166/? E/ProcessInfoCollector: getProcessInfo: failed to find this proc \par
2022-08-30 08:36:38.297 13218-13218/? E/droid.bluetoot: Not starting debugger since process cannot load the jdwp agent.\par
2022-08-30 08:36:38.458 2004-2554/? E/WifiUtils: cannot get the NetworkInfo or the state not connected\par
2022-08-30 08:36:38.460 2004-2273/? E/: [ZeroHung]zrhung_get_config: Get config failed for wp[0x0008]\par
2022-08-30 08:36:38.471 2004-2547/? E/WifiNcChipNative: chr_createWifiChrObj, eventId:909002025\par
2022-08-30 08:36:38.474 2004-2547/? E/NcDftImpl: NcChipDftEvent igonred:NcChipDftEvent\{Id=909002025, Length=20, Flag=1\}\par
2022-08-30 08:36:38.474 2004-2547/? E/WifiNcChipNative: chr_createWifiChrObj, eventId:909002025\par
2022-08-30 08:36:38.474 2004-2547/? E/NcDftImpl: NcChipDftEvent igonred:NcChipDftEvent\{Id=909002025, Length=24, Flag=32768\}\par
2022-08-30 08:36:38.474 2004-2547/? E/WifiNcChipNative: chr_createWifiChrObj, eventId:909002025\par
2022-08-30 08:36:38.475 2004-2547/? E/NcDftImpl: NcChipDftEvent igonred:NcChipDftEvent\{Id=909002025, Length=456, Flag=0\}\par
2022-08-30 08:36:38.475 2004-2547/? E/NcDftImpl: NcChipDftEvent igonred:NcChipDftEvent\{Id=909002025, Length=0, Flag=65535\}\par
2022-08-30 08:36:39.258 1339-31581/? E/AdbDebuggingManager: Caught an exception opening the socket: java.io.IOException: No such file or directory\par
2022-08-30 08:36:40.290 13218-15283/? E/: [ZeroHung]zrhung_get_config: Get config failed for wp[0x0008]\par
2022-08-30 08:36:41.260 1339-31581/? E/AdbDebuggingManager: Caught an exception opening the socket: java.io.IOException: No such file or directory\par
2022-08-30 08:36:43.262 1339-31581/? E/AdbDebuggingManager: Caught an exception opening the socket: java.io.IOException: No such file or directory\par
2022-08-30 08:36:44.476 13218-15283/? E/: [ZeroHung]zrhung_get_config: Get config failed for wp[0x0008]\par
2022-08-30 08:36:45.264 1339-31581/? E/AdbDebuggingManager: Caught an exception opening the socket: java.io.IOException: No such file or directory\par
2022-08-30 08:36:45.357 31366-15307/? E/memtrack: Couldn't load memtrack module\par
2022-08-30 08:36:47.266 1339-31581/? E/AdbDebuggingManager: Caught an exception opening the socket: java.io.IOException: No such file or directory\par
2022-08-30 08:36:49.269 1339-31581/? E/AdbDebuggingManager: Caught an exception opening the socket: java.io.IOException: No such file or directory\par
2022-08-30 08:36:49.294 1512-1584/? E/HPGNSS: RecordEphReq: record eph request\par
2022-08-30 08:36:51.270 1339-31581/? E/AdbDebuggingManager: Caught an exception opening the socket: java.io.IOException: No such file or directory\par
2022-08-30 08:36:53.272 1339-31581/? E/AdbDebuggingManager: Caught an exception opening the socket: java.io.IOException: No such file or directory\par
2022-08-30 08:36:55.274 1339-31581/? E/AdbDebuggingManager: Caught an exception opening the socket: java.io.IOException: No such file or directory\par
2022-08-30 08:36:57.276 1339-31581/? E/AdbDebuggingManager: Caught an exception opening the socket: java.io.IOException: No such file or directory\par
2022-08-30 08:36:59.278 1339-31581/? E/AdbDebuggingManager: Caught an exception opening the socket: java.io.IOException: No such file or directory\par
2022-08-30 08:37:01.280 1339-31581/? E/AdbDebuggingManager: Caught an exception opening the socket: java.io.IOException: No such file or directory\par
2022-08-30 08:37:03.282 1339-31581/? E/AdbDebuggingManager: Caught an exception opening the socket: java.io.IOException: No such file or directory\par
2022-08-30 08:37:05.284 1339-31581/? E/AdbDebuggingManager: Caught an exception opening the socket: java.io.IOException: No such file or directory\par
2022-08-30 08:37:07.286 1339-31581/? E/AdbDebuggingManager: Caught an exception opening the socket: java.io.IOException: No such file or directory\par
2022-08-30 08:37:09.288 1339-31581/? E/AdbDebuggingManager: Caught an exception opening the socket: java.io.IOException: No such file or directory\par
2022-08-30 08:37:11.290 1339-31581/? E/AdbDebuggingManager: Caught an exception opening the socket: java.io.IOException: No such file or directory\par
2022-08-30 08:37:13.292 1339-31581/? E/AdbDebuggingManager: Caught an exception opening the socket: java.io.IOException: No such file or directory\par
2022-08-30 08:37:15.294 1339-31581/? E/AdbDebuggingManager: Caught an exception opening the socket: java.io.IOException: No such file or directory\par
2022-08-30 08:37:17.296 1339-31581/? E/AdbDebuggingManager: Caught an exception opening the socket: java.io.IOException: No such file or directory\par
2022-08-30 08:37:19.298 1339-31581/? E/AdbDebuggingManager: Caught an exception opening the socket: java.io.IOException: No such file or directory\par
2022-08-30 08:37:21.300 1339-31581/? E/AdbDebuggingManager: Caught an exception opening the socket: java.io.IOException: No such file or directory\par
2022-08-30 08:37:23.302 1339-31581/? E/AdbDebuggingManager: Caught an exception opening the socket: java.io.IOException: No such file or directory\par
2022-08-30 08:37:25.304 1339-31581/? E/AdbDebuggingManager: Caught an exception opening the socket: java.io.IOException: No such file or directory\par
2022-08-30 08:37:26.274 2004-2548/? E/NcWifiDftManager: WifiDftAPKActionRcd's , mApkName :com.huawei.lbs mDscpCnt[i] = 0\par
2022-08-30 08:37:26.274 2004-2548/? E/NcWifiDftManager: WifiDftAPKActionRcd's , mApkName :com.huawei.lbs mDscpCnt[i] = 0\par
2022-08-30 08:37:26.277 2004-2548/? E/NcWifiDftManager: WifiDftAPKActionRcd's , mApkName :android mDscpCnt[i] = 0\par
2022-08-30 08:37:26.277 2004-2548/? E/NcWifiDftManager: WifiDftAPKActionRcd's , mApkName :android mDscpCnt[i] = 0\par
2022-08-30 08:37:27.305 1339-31581/? E/AdbDebuggingManager: Caught an exception opening the socket: java.io.IOException: No such file or directory\par
2022-08-30 08:37:29.307 1339-31581/? E/AdbDebuggingManager: Caught an exception opening the socket: java.io.IOException: No such file or directory\par
2022-08-30 08:37:31.193 1996-1996/? E/DateView: DateView,mCurrentTime: 1661873851193\par
2022-08-30 08:37:31.231 1996-1996/? E/LocalCalendar: invalid param calendarId. \par
2022-08-30 08:37:31.231 1996-1996/? E/LocalCalendar: invalid param calendarId. \par
2022-08-30 08:37:31.310 1339-31581/? E/AdbDebuggingManager: Caught an exception opening the socket: java.io.IOException: No such file or directory\par
2022-08-30 08:37:33.312 1339-31581/? E/AdbDebuggingManager: Caught an exception opening the socket: java.io.IOException: No such file or directory\par
2022-08-30 08:37:35.314 1339-31581/? E/AdbDebuggingManager: Caught an exception opening the socket: java.io.IOException: No such file or directory\par
2022-08-30 08:37:36.038 890-3652/? E/Thermal-daemon:ambient: calc_ambient_temp: median filter output 20967\par
2022-08-30 08:37:36.039 890-3652/? E/Thermal-daemon:ambient: ambient_sample: write temp 20967 to ambient node\par
2022-08-30 08:37:37.316 1339-31581/? E/AdbDebuggingManager: Caught an exception opening the socket: java.io.IOException: No such file or directory\par
2022-08-30 08:37:39.318 1339-31581/? E/AdbDebuggingManager: Caught an exception opening the socket: java.io.IOException: No such file or directory\par
2022-08-30 08:37:41.320 1339-31581/? E/AdbDebuggingManager: Caught an exception opening the socket: java.io.IOException: No such file or directory\par
2022-08-30 08:37:43.322 1339-31581/? E/AdbDebuggingManager: Caught an exception opening the socket: java.io.IOException: No such file or directory\par
2022-08-30 08:37:45.324 1339-31581/? E/AdbDebuggingManager: Caught an exception opening the socket: java.io.IOException: No such file or directory\par
2022-08-30 08:37:47.326 1339-31581/? E/AdbDebuggingManager: Caught an exception opening the socket: java.io.IOException: No such file or directory\par
2022-08-30 08:37:49.329 1339-31581/? E/AdbDebuggingManager: Caught an exception opening the socket: java.io.IOException: No such file or directory\par
2022-08-30 08:37:51.331 1339-31581/? E/AdbDebuggingManager: Caught an exception opening the socket: java.io.IOException: No such file or directory\par
2022-08-30 08:37:53.333 1339-31581/? E/AdbDebuggingManager: Caught an exception opening the socket: java.io.IOException: No such file or directory\par
2022-08-30 08:37:55.335 1339-31581/? E/AdbDebuggingManager: Caught an exception opening the socket: java.io.IOException: No such file or directory\par
2022-08-30 08:37:57.337 1339-31581/? E/AdbDebuggingManager: Caught an exception opening the socket: java.io.IOException: No such file or directory\par
2022-08-30 08:37:59.339 1339-31581/? E/AdbDebuggingManager: Caught an exception opening the socket: java.io.IOException: No such file or directory\par
2022-08-30 08:38:01.340 1339-31581/? E/AdbDebuggingManager: Caught an exception opening the socket: java.io.IOException: No such file or directory\par
2022-08-30 08:38:03.342 1339-31581/? E/AdbDebuggingManager: Caught an exception opening the socket: java.io.IOException: No such file or directory\par
2022-08-30 08:38:05.345 1339-31581/? E/AdbDebuggingManager: Caught an exception opening the socket: java.io.IOException: No such file or directory\par
2022-08-30 08:38:07.347 1339-31581/? E/AdbDebuggingManager: Caught an exception opening the socket: java.io.IOException: No such file or directory\par
2022-08-30 08:38:09.349 1339-31581/? E/AdbDebuggingManager: Caught an exception opening the socket: java.io.IOException: No such file or directory\par
2022-08-30 08:38:11.351 1339-31581/? E/AdbDebuggingManager: Caught an exception opening the socket: java.io.IOException: No such file or directory\par
2022-08-30 08:38:13.353 1339-31581/? E/AdbDebuggingManager: Caught an exception opening the socket: java.io.IOException: No such file or directory\par
2022-08-30 08:38:15.355 1339-31581/? E/AdbDebuggingManager: Caught an exception opening the socket: java.io.IOException: No such file or directory\par
2022-08-30 08:38:15.650 32136-15366/? E/memtrack: Couldn't load memtrack module\par
2022-08-30 08:38:17.357 1339-31581/? E/AdbDebuggingManager: Caught an exception opening the socket: java.io.IOException: No such file or directory\par
2022-08-30 08:38:19.359 1339-31581/? E/AdbDebuggingManager: Caught an exception opening the socket: java.io.IOException: No such file or directory\par
2022-08-30 08:38:21.361 1339-31581/? E/AdbDebuggingManager: Caught an exception opening the socket: java.io.IOException: No such file or directory\par
2022-08-30 08:38:23.362 1339-31581/? E/AdbDebuggingManager: Caught an exception opening the socket: java.io.IOException: No such file or directory\par
2022-08-30 08:38:25.364 1339-31581/? E/AdbDebuggingManager: Caught an exception opening the socket: java.io.IOException: No such file or directory\par
2022-08-30 08:38:27.366 1339-31581/? E/AdbDebuggingManager: Caught an exception opening the socket: java.io.IOException: No such file or directory\par
2022-08-30 08:38:29.368 1339-31581/? E/AdbDebuggingManager: Caught an exception opening the socket: java.io.IOException: No such file or directory\par
2022-08-30 08:38:31.370 1339-31581/? E/AdbDebuggingManager: Caught an exception opening the socket: java.io.IOException: No such file or directory\par
2022-08-30 08:38:33.373 1339-31581/? E/AdbDebuggingManager: Caught an exception opening the socket: java.io.IOException: No such file or directory\par
2022-08-30 08:38:35.375 1339-31581/? E/AdbDebuggingManager: Caught an exception opening the socket: java.io.IOException: No such file or directory\par
2022-08-30 08:38:36.099 890-3652/? E/Thermal-daemon:ambient: calc_ambient_temp: median filter output 20967\par
2022-08-30 08:38:36.099 890-3652/? E/Thermal-daemon:ambient: ambient_sample: write temp 20967 to ambient node\par
2022-08-30 08:38:37.377 1339-31581/? E/AdbDebuggingManager: Caught an exception opening the socket: java.io.IOException: No such file or directory\par
2022-08-30 08:38:39.379 1339-31581/? E/AdbDebuggingManager: Caught an exception opening the socket: java.io.IOException: No such file or directory\par
2022-08-30 08:38:41.381 1339-31581/? E/AdbDebuggingManager: Caught an exception opening the socket: java.io.IOException: No such file or directory\par
2022-08-30 08:38:43.383 1339-31581/? E/AdbDebuggingManager: Caught an exception opening the socket: java.io.IOException: No such file or directory\par
2022-08-30 08:38:45.385 1339-31581/? E/AdbDebuggingManager: Caught an exception opening the socket: java.io.IOException: No such file or directory\par
2022-08-30 08:38:47.387 1339-31581/? E/AdbDebuggingManager: Caught an exception opening the socket: java.io.IOException: No such file or directory\par
2022-08-30 08:38:49.389 1339-31581/? E/AdbDebuggingManager: Caught an exception opening the socket: java.io.IOException: No such file or directory\par
2022-08-30 08:38:51.391 1339-31581/? E/AdbDebuggingManager: Caught an exception opening the socket: java.io.IOException: No such file or directory\par
2022-08-30 08:38:53.393 1339-31581/? E/AdbDebuggingManager: Caught an exception opening the socket: java.io.IOException: No such file or directory\par
2022-08-30 08:38:55.395 1339-31581/? E/AdbDebuggingManager: Caught an exception opening the socket: java.io.IOException: No such file or directory\par
2022-08-30 08:38:57.397 1339-31581/? E/AdbDebuggingManager: Caught an exception opening the socket: java.io.IOException: No such file or directory\par
2022-08-30 08:38:59.399 1339-31581/? E/AdbDebuggingManager: Caught an exception opening the socket: java.io.IOException: No such file or directory\par
2022-08-30 08:39:01.401 1339-31581/? E/AdbDebuggingManager: Caught an exception opening the socket: java.io.IOException: No such file or directory\par
2022-08-30 08:39:03.403 1339-31581/? E/AdbDebuggingManager: Caught an exception opening the socket: java.io.IOException: No such file or directory\par
2022-08-30 08:39:05.405 1339-31581/? E/AdbDebuggingManager: Caught an exception opening the socket: java.io.IOException: No such file or directory\par
2022-08-30 08:39:07.407 1339-31581/? E/AdbDebuggingManager: Caught an exception opening the socket: java.io.IOException: No such file or directory\par
2022-08-30 08:39:09.409 1339-31581/? E/AdbDebuggingManager: Caught an exception opening the socket: java.io.IOException: No such file or directory\par
2022-08-30 08:39:11.410 1339-31581/? E/AdbDebuggingManager: Caught an exception opening the socket: java.io.IOException: No such file or directory\par
2022-08-30 08:39:13.412 1339-31581/? E/AdbDebuggingManager: Caught an exception opening the socket: java.io.IOException: No such file or directory\par
2022-08-30 08:39:15.414 1339-31581/? E/AdbDebuggingManager: Caught an exception opening the socket: java.io.IOException: No such file or directory\par
2022-08-30 08:39:17.416 1339-31581/? E/AdbDebuggingManager: Caught an exception opening the socket: java.io.IOException: No such file or directory\par
2022-08-30 08:39:19.418 1339-31581/? E/AdbDebuggingManager: Caught an exception opening the socket: java.io.IOException: No such file or directory\par
2022-08-30 08:39:21.420 1339-31581/? E/AdbDebuggingManager: Caught an exception opening the socket: java.io.IOException: No such file or directory\par
2022-08-30 08:39:23.422 1339-31581/? E/AdbDebuggingManager: Caught an exception opening the socket: java.io.IOException: No such file or directory\par
2022-08-30 08:39:25.424 1339-31581/? E/AdbDebuggingManager: Caught an exception opening the socket: java.io.IOException: No such file or directory\par
2022-08-30 08:39:27.426 1339-31581/? E/AdbDebuggingManager: Caught an exception opening the socket: java.io.IOException: No such file or directory\par
2022-08-30 08:39:29.428 1339-31581/? E/AdbDebuggingManager: Caught an exception opening the socket: java.io.IOException: No such file or directory\par
2022-08-30 08:39:31.175 1996-1996/? E/DateView: DateView,mCurrentTime: 1661873971175\par
2022-08-30 08:39:31.203 1996-1996/? E/LocalCalendar: invalid param calendarId. \par
2022-08-30 08:39:31.205 1996-1996/? E/LocalCalendar: invalid param calendarId. \par
2022-08-30 08:39:31.255 31360-4156/? E/WakeLock: GCM_HB_ALARM release without a matched acquire!\par
2022-08-30 08:39:31.288 31360-32172/? E/: [ZeroHung]zrhung_get_config: Get config failed for wp[0x0008]\par
2022-08-30 08:39:31.291 6454-7061/? E/: [ZeroHung]zrhung_get_config: Get config failed for wp[0x0008]\par
2022-08-30 08:39:31.309 6454-6454/? E/HwOUC: [main-1]updateActiveNotification download cursor for running status is null(DownloadNotification.java:381)\par
2022-08-30 08:39:31.318 6454-6454/? E/HwOUC: [main-1]getVersionIds--components is null(ThirdAppCheckedUtils.java:1345)\par
2022-08-30 08:39:31.326 11118-12684/? E/: [ZeroHung]zrhung_get_config: Get config failed for wp[0x0008]\par
2022-08-30 08:39:31.386 32136-2730/? E/: [ZeroHung]zrhung_get_config: Get config failed for wp[0x0008]\par
2022-08-30 08:39:31.431 1339-31581/? E/AdbDebuggingManager: Caught an exception opening the socket: java.io.IOException: No such file or directory\par
2022-08-30 08:39:31.435 32136-32136/? E/ZeroPartyBinder: Incorrect caller's signature\par
2022-08-30 08:39:31.660 32133-14567/? E/WakeLock: GCM_HB_ALARM release without a matched acquire!\par
2022-08-30 08:39:33.432 1339-31581/? E/AdbDebuggingManager: Caught an exception opening the socket: java.io.IOException: No such file or directory\par
2022-08-30 08:39:35.434 1339-31581/? E/AdbDebuggingManager: Caught an exception opening the socket: java.io.IOException: No such file or directory\par
2022-08-30 08:39:36.158 890-3652/? E/Thermal-daemon:ambient: calc_ambient_temp: median filter output 20967\par
2022-08-30 08:39:36.159 890-3652/? E/Thermal-daemon:ambient: ambient_sample: write temp 20967 to ambient node\par
2022-08-30 08:39:39.439 1339-31581/? E/AdbDebuggingManager: Caught an exception opening the socket: java.io.IOException: No such file or directory\par
2022-08-30 08:39:41.440 1339-31581/? E/AdbDebuggingManager: Caught an exception opening the socket: java.io.IOException: No such file or directory\par
2022-08-30 08:39:43.442 1339-31581/? E/AdbDebuggingManager: Caught an exception opening the socket: java.io.IOException: No such file or directory\par
2022-08-30 08:39:45.444 1339-31581/? E/AdbDebuggingManager: Caught an exception opening the socket: java.io.IOException: No such file or directory\par
2022-08-30 08:39:47.446 1339-31581/? E/AdbDebuggingManager: Caught an exception opening the socket: java.io.IOException: No such file or directory\par
